Archive member included to satisfy reference by file (symbol)

E:\VeriHealthi_QEMU_SDK.202606_preliminary\VeriHealthi_QEMU_SDK_v3.7\VeriHealthi_QEMU_SDK_v3.7\galaxy_sdk\bsp\lib\libbsp_riscv.a(port.c.o)
                              ./galaxy_sdk/bsp/src/portasm.o (xPortTaskSwitch)
E:\VeriHealthi_QEMU_SDK.202606_preliminary\VeriHealthi_QEMU_SDK_v3.7\VeriHealthi_QEMU_SDK_v3.7\galaxy_sdk\bsp\lib\libbsp_riscv.a(soc_init.c.o)
                              ./galaxy_sdk/main.o (soc_init)
E:\VeriHealthi_QEMU_SDK.202606_preliminary\VeriHealthi_QEMU_SDK_v3.7\VeriHealthi_QEMU_SDK_v3.7\galaxy_sdk\bsp\lib\libbsp_riscv.a(soc_sysctl.c.o)
                              E:\VeriHealthi_QEMU_SDK.202606_preliminary\VeriHealthi_QEMU_SDK_v3.7\VeriHealthi_QEMU_SDK_v3.7\galaxy_sdk\bsp\lib\libbsp_riscv.a(port.c.o) (soc_rtc_clock_get_freq)
E:\VeriHealthi_QEMU_SDK.202606_preliminary\VeriHealthi_QEMU_SDK_v3.7\VeriHealthi_QEMU_SDK_v3.7\galaxy_sdk\bsp\lib\libbsp_riscv.a(system_pegasus.c.o)
                              ./galaxy_sdk/bsp/src/startup_riscv.o (premain_system_init)
E:\VeriHealthi_QEMU_SDK.202606_preliminary\VeriHealthi_QEMU_SDK_v3.7\VeriHealthi_QEMU_SDK_v3.7\galaxy_sdk\bsp\lib\libbsp_riscv.a(boot.c.o)
                              E:\VeriHealthi_QEMU_SDK.202606_preliminary\VeriHealthi_QEMU_SDK_v3.7\VeriHealthi_QEMU_SDK_v3.7\galaxy_sdk\bsp\lib\libbsp_riscv.a(soc_sysctl.c.o) (boot_get_zsp_addr)
E:\VeriHealthi_QEMU_SDK.202606_preliminary\VeriHealthi_QEMU_SDK_v3.7\VeriHealthi_QEMU_SDK_v3.7\galaxy_sdk\bsp\lib\libbsp_riscv.a(board.c.o)
                              ./galaxy_sdk/main.o (board_register)
E:\VeriHealthi_QEMU_SDK.202606_preliminary\VeriHealthi_QEMU_SDK_v3.7\VeriHealthi_QEMU_SDK_v3.7\galaxy_sdk\bsp\lib\libbsp_riscv.a(arch_api.c.o)
                              E:\VeriHealthi_QEMU_SDK.202606_preliminary\VeriHealthi_QEMU_SDK_v3.7\VeriHealthi_QEMU_SDK_v3.7\galaxy_sdk\bsp\lib\libbsp_riscv.a(port.c.o) (cpu_sleep)
E:\VeriHealthi_QEMU_SDK.202606_preliminary\VeriHealthi_QEMU_SDK_v3.7\VeriHealthi_QEMU_SDK_v3.7\galaxy_sdk\drivers\lib\libdriver_riscv.a(clock.c.o)
                              E:\VeriHealthi_QEMU_SDK.202606_preliminary\VeriHealthi_QEMU_SDK_v3.7\VeriHealthi_QEMU_SDK_v3.7\galaxy_sdk\bsp\lib\libbsp_riscv.a(soc_sysctl.c.o) (clk_get_rate)
E:\VeriHealthi_QEMU_SDK.202606_preliminary\VeriHealthi_QEMU_SDK_v3.7\VeriHealthi_QEMU_SDK_v3.7\galaxy_sdk\drivers\lib\libdriver_riscv.a(imu_simulator.c.o)
                              ./galaxy_sdk/bsp/src/qemu_board.o (imu_simulator_ops)
E:\VeriHealthi_QEMU_SDK.202606_preliminary\VeriHealthi_QEMU_SDK_v3.7\VeriHealthi_QEMU_SDK_v3.7\galaxy_sdk\modules\lib\libcommon_riscv.a(event_sys.c.o)
                              ./galaxy_sdk/main.o (vpi_event_new_manager)
E:\VeriHealthi_QEMU_SDK.202606_preliminary\VeriHealthi_QEMU_SDK_v3.7\VeriHealthi_QEMU_SDK_v3.7\galaxy_sdk\modules\lib\libcommon_riscv.a(event_notify.c.o)
                              ./galaxy_sdk/main.o (vpi_event_notify)
E:\VeriHealthi_QEMU_SDK.202606_preliminary\VeriHealthi_QEMU_SDK_v3.7\VeriHealthi_QEMU_SDK_v3.7\galaxy_sdk\modules\lib\libcommon_riscv.a(event_register.c.o)
                              ./galaxy_sdk/main.o (vpi_event_register)
E:\VeriHealthi_QEMU_SDK.202606_preliminary\VeriHealthi_QEMU_SDK_v3.7\VeriHealthi_QEMU_SDK_v3.7\galaxy_sdk\modules\lib\libcommon_riscv.a(event_listener.c.o)
                              E:\VeriHealthi_QEMU_SDK.202606_preliminary\VeriHealthi_QEMU_SDK_v3.7\VeriHealthi_QEMU_SDK_v3.7\galaxy_sdk\modules\lib\libcommon_riscv.a(event_register.c.o) (get_manager_listener)
E:\VeriHealthi_QEMU_SDK.202606_preliminary\VeriHealthi_QEMU_SDK_v3.7\VeriHealthi_QEMU_SDK_v3.7\galaxy_sdk\modules\lib\libcommon_riscv.a(event_group.c.o)
                              E:\VeriHealthi_QEMU_SDK.202606_preliminary\VeriHealthi_QEMU_SDK_v3.7\VeriHealthi_QEMU_SDK_v3.7\galaxy_sdk\modules\lib\libcommon_riscv.a(event_listener.c.o) (get_group_name)
E:\VeriHealthi_QEMU_SDK.202606_preliminary\VeriHealthi_QEMU_SDK_v3.7\VeriHealthi_QEMU_SDK_v3.7\galaxy_sdk\modules\lib\libcommon_riscv.a(event_task.c.o)
                              E:\VeriHealthi_QEMU_SDK.202606_preliminary\VeriHealthi_QEMU_SDK_v3.7\VeriHealthi_QEMU_SDK_v3.7\galaxy_sdk\modules\lib\libcommon_riscv.a(event_notify.c.o) (listener_task_dispatch_event)
E:\VeriHealthi_QEMU_SDK.202606_preliminary\VeriHealthi_QEMU_SDK_v3.7\VeriHealthi_QEMU_SDK_v3.7\galaxy_sdk\modules\lib\libcommon_riscv.a(vs_logging.c.o)
                              E:\VeriHealthi_QEMU_SDK.202606_preliminary\VeriHealthi_QEMU_SDK_v3.7\VeriHealthi_QEMU_SDK_v3.7\galaxy_sdk\modules\lib\libcommon_riscv.a(event_notify.c.o) (vs_logging_level)
E:\VeriHealthi_QEMU_SDK.202606_preliminary\VeriHealthi_QEMU_SDK_v3.7\VeriHealthi_QEMU_SDK_v3.7\galaxy_sdk\modules\lib\libcommon_riscv.a(uart_printf.c.o)
                              ./galaxy_sdk/main.o (uart_printf)
[...]
Memory Configuration

Name             Origin             Length             Attributes
flash            0x20000000         0x00300000         axr!w
ram              0x90000000         0x00040000         axw!r
*default*        0x00000000         0xffffffff

Linker script and memory map

START GROUP
LOAD ./galaxy_sdk/drivers/src/hal_imu.o
LOAD ./galaxy_sdk/drivers/src/hal_rtc.o
LOAD ./galaxy_sdk/bsp/src/intexc_riscv.o
LOAD ./galaxy_sdk/bsp/src/portasm.o
LOAD ./galaxy_sdk/bsp/src/qemu_board.o
LOAD ./galaxy_sdk/bsp/src/startup_riscv.o
LOAD ./galaxy_sdk/main.o
LOAD E:/tools/NucleiStudio_IDE_202510-win64/NucleiStudio/toolchain/gcc/bin/../lib/gcc/riscv64-unknown-elf/14.2.1/../../../../riscv64-unknown-elf/lib/rv32imafc_zaamo_zalrsc_xxldsp/ilp32f\libstdc++.a
LOAD E:\VeriHealthi_QEMU_SDK.202606_preliminary\VeriHealthi_QEMU_SDK_v3.7\VeriHealthi_QEMU_SDK_v3.7\galaxy_sdk\bsp\lib\libbsp_riscv.a
LOAD E:\VeriHealthi_QEMU_SDK.202606_preliminary\VeriHealthi_QEMU_SDK_v3.7\VeriHealthi_QEMU_SDK_v3.7\galaxy_sdk\drivers\lib\libdriver_riscv.a
LOAD E:\VeriHealthi_QEMU_SDK.202606_preliminary\VeriHealthi_QEMU_SDK_v3.7\VeriHealthi_QEMU_SDK_v3.7\galaxy_sdk\modules\lib\libcommon_riscv.a
LOAD E:\VeriHealthi_QEMU_SDK.202606_preliminary\VeriHealthi_QEMU_SDK_v3.7\VeriHealthi_QEMU_SDK_v3.7\galaxy_sdk\osal\lib\libosal_riscv.a
LOAD E:\VeriHealthi_QEMU_SDK.202606_preliminary\VeriHealthi_QEMU_SDK_v3.7\VeriHealthi_QEMU_SDK_v3.7\galaxy_sdk\os\lib\libos_riscv.a
LOAD E:\VeriHealthi_QEMU_SDK.202606_preliminary\VeriHealthi_QEMU_SDK_v3.7\VeriHealthi_QEMU_SDK_v3.7\galaxy_sdk\prebuilts\bluetooth\health\libble.a
LOAD E:\VeriHealthi_QEMU_SDK.202606_preliminary\VeriHealthi_QEMU_SDK_v3.7\VeriHealthi_QEMU_SDK_v3.7\galaxy_sdk\modules\external\riscv_dsp\libnmsis_dsp_rv32imafc_xxldsp.a
LOAD E:/tools/NucleiStudio_IDE_202510-win64/NucleiStudio/toolchain/gcc/bin/../lib/gcc/riscv64-unknown-elf/14.2.1/../../../../riscv64-unknown-elf/lib/rv32imafc_zaamo_zalrsc_xxldsp/ilp32f\libc_nano.a
LOAD E:/tools/NucleiStudio_IDE_202510-win64/NucleiStudio/toolchain/gcc/bin/../lib/gcc/riscv64-unknown-elf/14.2.1/rv32imafc_zaamo_zalrsc_xxldsp/ilp32f\libgcc.a
LOAD E:/tools/NucleiStudio_IDE_202510-win64/NucleiStudio/toolchain/gcc/bin/../lib/gcc/riscv64-unknown-elf/14.2.1/../../../../riscv64-unknown-elf/lib/rv32imafc_zaamo_zalrsc_xxldsp/ilp32f\libsemihost.a
END GROUP
LOAD E:/tools/NucleiStudio_IDE_202510-win64/NucleiStudio/toolchain/gcc/bin/../lib/gcc/riscv64-unknown-elf/14.2.1/../../../../riscv64-unknown-elf/lib/rv32imafc_zaamo_zalrsc_xxldsp/ilp32f\libstdc++.a
LOAD E:/tools/NucleiStudio_IDE_202510-win64/NucleiStudio/toolchain/gcc/bin/../lib/gcc/riscv64-unknown-elf/14.2.1/../../../../riscv64-unknown-elf/lib/rv32imafc_zaamo_zalrsc_xxldsp/ilp32f\libm.a
LOAD E:/tools/NucleiStudio_IDE_202510-win64/NucleiStudio/toolchain/gcc/bin/../lib/gcc/riscv64-unknown-elf/14.2.1/rv32imafc_zaamo_zalrsc_xxldsp/ilp32f\libgcc.a
START GROUP
LOAD E:/tools/NucleiStudio_IDE_202510-win64/NucleiStudio/toolchain/gcc/bin/../lib/gcc/riscv64-unknown-elf/14.2.1/../../../../riscv64-unknown-elf/lib/rv32imafc_zaamo_zalrsc_xxldsp/ilp32f\libc.a
LOAD E:/tools/NucleiStudio_IDE_202510-win64/NucleiStudio/toolchain/gcc/bin/../lib/gcc/riscv64-unknown-elf/14.2.1/../../../../riscv64-unknown-elf/lib/rv32imafc_zaamo_zalrsc_xxldsp/ilp32f\libgloss.a
END GROUP
LOAD E:/tools/NucleiStudio_IDE_202510-win64/NucleiStudio/toolchain/gcc/bin/../lib/gcc/riscv64-unknown-elf/14.2.1/rv32imafc_zaamo_zalrsc_xxldsp/ilp32f\libgcc.a
                0x00000800                        PROVIDE (__STACK_SIZE = 0x800)
                0x00005000                        PROVIDE (__HEAP_SIZE = 0x5000)
                0x00000001                        PROVIDE (__SMP_CPU_CNT = 0x1)
                0x00000800                        __TOT_STACK_SIZE = (__STACK_SIZE * __SMP_CPU_CNT)

.init           0x20000000      0x308
 *(.vtable)
 .vtable        0x20000000      0x1a8 ./galaxy_sdk/bsp/src/startup_riscv.o
                0x20000000                vector_base
 *(SORT_NONE(.init))
 *fill*         0x200001a8       0x18 
 .init          0x200001c0      0x146 ./galaxy_sdk/bsp/src/startup_riscv.o
                0x200001c0                _start
                0x200002a6                _start_premain
                0x20000300                early_exc_entry
                0x20000308                        . = ALIGN (0x4)
 *fill*         0x20000306        0x2 

.text           0x20000340    0x5c8f0
 *(.text.unlikely .text.unlikely.*)
 *(.text.startup .text.startup.*)
 .text.startup.main
                0x20000340       0x50 ./galaxy_sdk/main.o
                0x20000340                main
 .text.startup.init_semihosting
                0x20000390       0x8e E:/tools/NucleiStudio_IDE_202510-win64/NucleiStudio/toolchain/gcc/bin/../lib/gcc/riscv64-unknown-elf/14.2.1/../../../../riscv64-unknown-elf/lib/rv32imafc_zaamo_zalrsc_xxldsp/ilp32f\libsemihost.a(riscv_libsemihost_a-semihost-sys_fdtable.o)
                0x20000390                init_semihosting
 *(.text .text.*)
 .text.hal_imu_device_init
                0x2000041e       0x82 ./galaxy_sdk/drivers/src/hal_imu.o
                0x2000041e                hal_imu_device_init
 .text.hal_imu_get_device
                0x200004a0       0x24 ./galaxy_sdk/drivers/src/hal_imu.o
                0x200004a0                hal_imu_get_device
 .text.hal_imu_init
                0x200004c4       0x12 ./galaxy_sdk/drivers/src/hal_imu.o
                0x200004c4                hal_imu_init
 .text.hal_imu_set_sensor_default_cfg
                0x200004d6       0x12 ./galaxy_sdk/drivers/src/hal_imu.o
                0x200004d6                hal_imu_set_sensor_default_cfg
 .text.hal_imu_set_accel_cfg
                0x200004e8       0x12 ./galaxy_sdk/drivers/src/hal_imu.o
                0x200004e8                hal_imu_set_accel_cfg
 .text.hal_imu_set_gyro_cfg
                0x200004fa       0x12 ./galaxy_sdk/drivers/src/hal_imu.o
                0x200004fa                hal_imu_set_gyro_cfg
 .text.hal_imu_set_work_mode
                0x2000050c       0x32 ./galaxy_sdk/drivers/src/hal_imu.o
                0x2000050c                hal_imu_set_work_mode
 .text.hal_imu_set_fifo_wm
                0x2000053e       0x12 ./galaxy_sdk/drivers/src/hal_imu.o
                0x2000053e                hal_imu_set_fifo_wm
 .text.hal_imu_set_fifo_cfg
                0x20000550       0x12 ./galaxy_sdk/drivers/src/hal_imu.o
                0x20000550                hal_imu_set_fifo_cfg
 .text.hal_imu_flush_fifo
                0x20000562       0x12 ./galaxy_sdk/drivers/src/hal_imu.o
                0x20000562                hal_imu_flush_fifo
 .text.hal_imu_read_gyro_accel
                0x20000574       0x16 ./galaxy_sdk/drivers/src/hal_imu.o
                0x20000574                hal_imu_read_gyro_accel
 .text.hal_imu_cfg_interrupt
                0x2000058a       0x12 ./galaxy_sdk/drivers/src/hal_imu.o
                0x2000058a                hal_imu_cfg_interrupt
 .text.hal_imu_enable_interrupt
                0x2000059c       0x12 ./galaxy_sdk/drivers/src/hal_imu.o
                0x2000059c                hal_imu_enable_interrupt
 .text.hal_imu_enable_power
                0x200005ae       0x12 ./galaxy_sdk/drivers/src/hal_imu.o
                0x200005ae                hal_imu_enable_power
 *fill*         0x200005c0        0x0 
 .text.trap     0x200005c0       0x7e ./galaxy_sdk/bsp/src/portasm.o
                0x200005c0                exc_entry
 *fill*         0x2000063e        0x2 
 .text.irq      0x20000640      0x25a ./galaxy_sdk/bsp/src/portasm.o
                0x20000640                irq_entry
                0x200006ba                default_intexc_handler
                0x200006c0                prvPortStartFirstTask
                0x20000764                eclic_msip_handler
 .text.qemu_board_find_device
                0x2000089a        0x4 ./galaxy_sdk/bsp/src/qemu_board.o
                0x2000089a                qemu_board_find_device
 .text.board_get_ops
                0x2000089e        0xa ./galaxy_sdk/bsp/src/qemu_board.o
                0x2000089e                board_get_ops
 .text.task_init_app
                0x200008a8       0xd0 ./galaxy_sdk/main.o
 .text.algo_event_handler
                0x20000978      0x2a8 ./galaxy_sdk/main.o
 .text.imu_data_ready_isr
                0x20000c20        0x8 ./galaxy_sdk/main.o
 .text.algo_task
                0x20000c28       0x3e ./galaxy_sdk/main.o
 .text.imu_task
                0x20000c66      0x24c ./galaxy_sdk/main.o
 .text.imu_event_handler
                0x20000eb2      0x1b6 ./galaxy_sdk/main.o
 .text.prvTaskExitError
                0x20001068       0x48 E:\VeriHealthi_QEMU_SDK.202606_preliminary\VeriHealthi_QEMU_SDK_v3.7\VeriHealthi_QEMU_SDK_v3.7\galaxy_sdk\bsp\lib\libbsp_riscv.a(port.c.o)
 .text.pxPortInitialiseStack
                0x200010b0       0x46 E:\VeriHealthi_QEMU_SDK.202606_preliminary\VeriHealthi_QEMU_SDK_v3.7\VeriHealthi_QEMU_SDK_v3.7\galaxy_sdk\bsp\lib\libbsp_riscv.a(port.c.o)
                0x200010b0                pxPortInitialiseStack
 .text.vPortEnterCritical
                0x200010f6       0x40 E:\VeriHealthi_QEMU_SDK.202606_preliminary\VeriHealthi_QEMU_SDK_v3.7\VeriHealthi_QEMU_SDK_v3.7\galaxy_sdk\bsp\lib\libbsp_riscv.a(port.c.o)
                0x200010f6                vPortEnterCritical
 .text.vPortExitCritical
                0x20001136       0x36 E:\VeriHealthi_QEMU_SDK.202606_preliminary\VeriHealthi_QEMU_SDK_v3.7\VeriHealthi_QEMU_SDK_v3.7\galaxy_sdk\bsp\lib\libbsp_riscv.a(port.c.o)
                0x20001136                vPortExitCritical
 .text.xPortTaskSwitch
                0x2000116c       0x64 E:\VeriHealthi_QEMU_SDK.202606_preliminary\VeriHealthi_QEMU_SDK_v3.7\VeriHealthi_QEMU_SDK_v3.7\galaxy_sdk\bsp\lib\libbsp_riscv.a(port.c.o)
                0x2000116c                xPortTaskSwitch
 .text.eclic_mtip_handler
                0x200011d0      0x114 E:\VeriHealthi_QEMU_SDK.202606_preliminary\VeriHealthi_QEMU_SDK_v3.7\VeriHealthi_QEMU_SDK_v3.7\galaxy_sdk\bsp\lib\libbsp_riscv.a(port.c.o)
                0x200011d0                eclic_mtip_handler
 .text.vPortSetupTimerInterrupt
                0x200012e4      0x1f4 E:\VeriHealthi_QEMU_SDK.202606_preliminary\VeriHealthi_QEMU_SDK_v3.7\VeriHealthi_QEMU_SDK_v3.7\galaxy_sdk\bsp\lib\libbsp_riscv.a(port.c.o)
                0x200012e4                vPortSetupTimerInterrupt
 .text.xPortStartScheduler
                0x200014d8       0xfc E:\VeriHealthi_QEMU_SDK.202606_preliminary\VeriHealthi_QEMU_SDK_v3.7\VeriHealthi_QEMU_SDK_v3.7\galaxy_sdk\bsp\lib\libbsp_riscv.a(port.c.o)
                0x200014d8                xPortStartScheduler
 .text.vPortValidateInterruptPriority
                0x200015d4       0x88 E:\VeriHealthi_QEMU_SDK.202606_preliminary\VeriHealthi_QEMU_SDK_v3.7\VeriHealthi_QEMU_SDK_v3.7\galaxy_sdk\bsp\lib\libbsp_riscv.a(port.c.o)
                0x200015d4                vPortValidateInterruptPriority
 .text.vApplicationIdleHook
                0x2000165c        0x6 E:\VeriHealthi_QEMU_SDK.202606_preliminary\VeriHealthi_QEMU_SDK_v3.7\VeriHealthi_QEMU_SDK_v3.7\galaxy_sdk\bsp\lib\libbsp_riscv.a(port.c.o)
                0x2000165c                vApplicationIdleHook
 .text.vApplicationStackOverflowHook
                0x20001662        0xc E:\VeriHealthi_QEMU_SDK.202606_preliminary\VeriHealthi_QEMU_SDK_v3.7\VeriHealthi_QEMU_SDK_v3.7\galaxy_sdk\bsp\lib\libbsp_riscv.a(port.c.o)
                0x20001662                vApplicationStackOverflowHook
 .text.vApplicationGetIdleTaskMemory
                0x2000166e       0x14 E:\VeriHealthi_QEMU_SDK.202606_preliminary\VeriHealthi_QEMU_SDK_v3.7\VeriHealthi_QEMU_SDK_v3.7\galaxy_sdk\bsp\lib\libbsp_riscv.a(port.c.o)
                0x2000166e                vApplicationGetIdleTaskMemory
 .text.vApplicationGetTimerTaskMemory
                0x20001682       0x18 E:\VeriHealthi_QEMU_SDK.202606_preliminary\VeriHealthi_QEMU_SDK_v3.7\VeriHealthi_QEMU_SDK_v3.7\galaxy_sdk\bsp\lib\libbsp_riscv.a(port.c.o)
                0x20001682                vApplicationGetTimerTaskMemory
 .text.vApplicationMallocFailedHook
                0x2000169a        0xc E:\VeriHealthi_QEMU_SDK.202606_preliminary\VeriHealthi_QEMU_SDK_v3.7\VeriHealthi_QEMU_SDK_v3.7\galaxy_sdk\bsp\lib\libbsp_riscv.a(port.c.o)
                0x2000169a                vApplicationMallocFailedHook
 .text.soc_init
                0x200016a6        0x4 E:\VeriHealthi_QEMU_SDK.202606_preliminary\VeriHealthi_QEMU_SDK_v3.7\VeriHealthi_QEMU_SDK_v3.7\galaxy_sdk\bsp\lib\libbsp_riscv.a(soc_init.c.o)
                0x200016a6                soc_init
 .text.systimer_cnt_delay
                0x200016aa       0xd6 E:\VeriHealthi_QEMU_SDK.202606_preliminary\VeriHealthi_QEMU_SDK_v3.7\VeriHealthi_QEMU_SDK_v3.7\galaxy_sdk\bsp\lib\libbsp_riscv.a(soc_sysctl.c.o)
 .text.soc_rtc_clock_get_freq
                0x20001780       0x18 E:\VeriHealthi_QEMU_SDK.202606_preliminary\VeriHealthi_QEMU_SDK_v3.7\VeriHealthi_QEMU_SDK_v3.7\galaxy_sdk\bsp\lib\libbsp_riscv.a(soc_sysctl.c.o)
                0x20001780                soc_rtc_clock_get_freq
 .text.delay_us
                0x20001798        0x2 E:\VeriHealthi_QEMU_SDK.202606_preliminary\VeriHealthi_QEMU_SDK_v3.7\VeriHealthi_QEMU_SDK_v3.7\galaxy_sdk\bsp\lib\libbsp_riscv.a(soc_sysctl.c.o)
                0x20001798                delay_us
 .text.system_default_exception_handler
                0x2000179a       0x64 E:\VeriHealthi_QEMU_SDK.202606_preliminary\VeriHealthi_QEMU_SDK_v3.7\VeriHealthi_QEMU_SDK_v3.7\galaxy_sdk\bsp\lib\libbsp_riscv.a(system_pegasus.c.o)
 .text.premain_system_init
                0x200017fe        0x2 E:\VeriHealthi_QEMU_SDK.202606_preliminary\VeriHealthi_QEMU_SDK_v3.7\VeriHealthi_QEMU_SDK_v3.7\galaxy_sdk\bsp\lib\libbsp_riscv.a(system_pegasus.c.o)
                0x200017fe                premain_system_init
 .text.core_exception_handler
                0x20001800       0x56 E:\VeriHealthi_QEMU_SDK.202606_preliminary\VeriHealthi_QEMU_SDK_v3.7\VeriHealthi_QEMU_SDK_v3.7\galaxy_sdk\bsp\lib\libbsp_riscv.a(system_pegasus.c.o)
                0x20001800                core_exception_handler
 .text._premain_init
                0x20001856       0x60 E:\VeriHealthi_QEMU_SDK.202606_preliminary\VeriHealthi_QEMU_SDK_v3.7\VeriHealthi_QEMU_SDK_v3.7\galaxy_sdk\bsp\lib\libbsp_riscv.a(system_pegasus.c.o)
                0x20001856                _premain_init
 .text._postmain_fini
                0x200018b6        0x2 E:\VeriHealthi_QEMU_SDK.202606_preliminary\VeriHealthi_QEMU_SDK_v3.7\VeriHealthi_QEMU_SDK_v3.7\galaxy_sdk\bsp\lib\libbsp_riscv.a(system_pegasus.c.o)
                0x200018b6                _postmain_fini
 .text._init    0x200018b8        0x2 E:\VeriHealthi_QEMU_SDK.202606_preliminary\VeriHealthi_QEMU_SDK_v3.7\VeriHealthi_QEMU_SDK_v3.7\galaxy_sdk\bsp\lib\libbsp_riscv.a(system_pegasus.c.o)
                0x200018b8                _init
 .text._fini    0x200018ba        0x2 E:\VeriHealthi_QEMU_SDK.202606_preliminary\VeriHealthi_QEMU_SDK_v3.7\VeriHealthi_QEMU_SDK_v3.7\galaxy_sdk\bsp\lib\libbsp_riscv.a(system_pegasus.c.o)
                0x200018ba                _fini
 .text.board_register
                0x200018bc       0x12 E:\VeriHealthi_QEMU_SDK.202606_preliminary\VeriHealthi_QEMU_SDK_v3.7\VeriHealthi_QEMU_SDK_v3.7\galaxy_sdk\bsp\lib\libbsp_riscv.a(board.c.o)
                0x200018bc                board_register
 .text.board_init
                0x200018ce       0x18 E:\VeriHealthi_QEMU_SDK.202606_preliminary\VeriHealthi_QEMU_SDK_v3.7\VeriHealthi_QEMU_SDK_v3.7\galaxy_sdk\bsp\lib\libbsp_riscv.a(board.c.o)
                0x200018ce                board_init
 .text.clk_get_rate
                0x200018e6       0x2c E:\VeriHealthi_QEMU_SDK.202606_preliminary\VeriHealthi_QEMU_SDK_v3.7\VeriHealthi_QEMU_SDK_v3.7\galaxy_sdk\drivers\lib\libdriver_riscv.a(clock.c.o)
                0x200018e6                clk_get_rate
 .text.bmi160_get_accel_range
                0x20001912       0x3c E:\VeriHealthi_QEMU_SDK.202606_preliminary\VeriHealthi_QEMU_SDK_v3.7\VeriHealthi_QEMU_SDK_v3.7\galaxy_sdk\drivers\lib\libdriver_riscv.a(imu_simulator.c.o)
 .text.bmi160_check_interrupt_type
                0x2000194e       0x12 E:\VeriHealthi_QEMU_SDK.202606_preliminary\VeriHealthi_QEMU_SDK_v3.7\VeriHealthi_QEMU_SDK_v3.7\galaxy_sdk\drivers\lib\libdriver_riscv.a(imu_simulator.c.o)
 .text.bmi160_enable_interrupt
                0x20001960       0x2a E:\VeriHealthi_QEMU_SDK.202606_preliminary\VeriHealthi_QEMU_SDK_v3.7\VeriHealthi_QEMU_SDK_v3.7\galaxy_sdk\drivers\lib\libdriver_riscv.a(imu_simulator.c.o)
 .text.bmi160_enable_power
                0x2000198a       0x40 E:\VeriHealthi_QEMU_SDK.202606_preliminary\VeriHealthi_QEMU_SDK_v3.7\VeriHealthi_QEMU_SDK_v3.7\galaxy_sdk\drivers\lib\libdriver_riscv.a(imu_simulator.c.o)
 .text.bmi160_get_sensor_cfg
                0x200019ca       0x2a E:\VeriHealthi_QEMU_SDK.202606_preliminary\VeriHealthi_QEMU_SDK_v3.7\VeriHealthi_QEMU_SDK_v3.7\galaxy_sdk\drivers\lib\libdriver_riscv.a(imu_simulator.c.o)
 .text.timer_handler
                0x200019f4       0x92 E:\VeriHealthi_QEMU_SDK.202606_preliminary\VeriHealthi_QEMU_SDK_v3.7\VeriHealthi_QEMU_SDK_v3.7\galaxy_sdk\drivers\lib\libdriver_riscv.a(imu_simulator.c.o)
 .text.bmi160_deinit
                0x20001a86       0x46 E:\VeriHealthi_QEMU_SDK.202606_preliminary\VeriHealthi_QEMU_SDK_v3.7\VeriHealthi_QEMU_SDK_v3.7\galaxy_sdk\drivers\lib\libdriver_riscv.a(imu_simulator.c.o)
 .text.bmi160_write_reg.constprop.0
                0x20001acc       0xb6 E:\VeriHealthi_QEMU_SDK.202606_preliminary\VeriHealthi_QEMU_SDK_v3.7\VeriHealthi_QEMU_SDK_v3.7\galaxy_sdk\drivers\lib\libdriver_riscv.a(imu_simulator.c.o)
 .text.bmi160_reset_step_counter
                0x20001b82        0xa E:\VeriHealthi_QEMU_SDK.202606_preliminary\VeriHealthi_QEMU_SDK_v3.7\VeriHealthi_QEMU_SDK_v3.7\galaxy_sdk\drivers\lib\libdriver_riscv.a(imu_simulator.c.o)
 .text.bmi160_set_fifo_wm
                0x20001b8c       0x24 E:\VeriHealthi_QEMU_SDK.202606_preliminary\VeriHealthi_QEMU_SDK_v3.7\VeriHealthi_QEMU_SDK_v3.7\galaxy_sdk\drivers\lib\libdriver_riscv.a(imu_simulator.c.o)
 .text.bmi160_set_fifo_flush
                0x20001bb0       0x1c E:\VeriHealthi_QEMU_SDK.202606_preliminary\VeriHealthi_QEMU_SDK_v3.7\VeriHealthi_QEMU_SDK_v3.7\galaxy_sdk\drivers\lib\libdriver_riscv.a(imu_simulator.c.o)
 .text.bmi160_get_step_counter
                0x20001bcc       0x3e E:\VeriHealthi_QEMU_SDK.202606_preliminary\VeriHealthi_QEMU_SDK_v3.7\VeriHealthi_QEMU_SDK_v3.7\galaxy_sdk\drivers\lib\libdriver_riscv.a(imu_simulator.c.o)
 .text.bmi160_set_step_counter
                0x20001c0a       0x4a E:\VeriHealthi_QEMU_SDK.202606_preliminary\VeriHealthi_QEMU_SDK_v3.7\VeriHealthi_QEMU_SDK_v3.7\galaxy_sdk\drivers\lib\libdriver_riscv.a(imu_simulator.c.o)
 .text.bmi160_set_fifo_down
                0x20001c54       0x4a E:\VeriHealthi_QEMU_SDK.202606_preliminary\VeriHealthi_QEMU_SDK_v3.7\VeriHealthi_QEMU_SDK_v3.7\galaxy_sdk\drivers\lib\libdriver_riscv.a(imu_simulator.c.o)
 .text.bmi160_get_power_mode
                0x20001c9e       0x86 E:\VeriHealthi_QEMU_SDK.202606_preliminary\VeriHealthi_QEMU_SDK_v3.7\VeriHealthi_QEMU_SDK_v3.7\galaxy_sdk\drivers\lib\libdriver_riscv.a(imu_simulator.c.o)
 .text.set_gyro_cfg
                0x20001d24       0x9a E:\VeriHealthi_QEMU_SDK.202606_preliminary\VeriHealthi_QEMU_SDK_v3.7\VeriHealthi_QEMU_SDK_v3.7\galaxy_sdk\drivers\lib\libdriver_riscv.a(imu_simulator.c.o)
 .text.set_accel_cfg
                0x20001dbe       0x98 E:\VeriHealthi_QEMU_SDK.202606_preliminary\VeriHealthi_QEMU_SDK_v3.7\VeriHealthi_QEMU_SDK_v3.7\galaxy_sdk\drivers\lib\libdriver_riscv.a(imu_simulator.c.o)
 .text.bmi160_set_gyro_cfg
                0x20001e56       0xfc E:\VeriHealthi_QEMU_SDK.202606_preliminary\VeriHealthi_QEMU_SDK_v3.7\VeriHealthi_QEMU_SDK_v3.7\galaxy_sdk\drivers\lib\libdriver_riscv.a(imu_simulator.c.o)
 .text.bmi160_set_highg_threshold
                0x20001f52       0x8c E:\VeriHealthi_QEMU_SDK.202606_preliminary\VeriHealthi_QEMU_SDK_v3.7\VeriHealthi_QEMU_SDK_v3.7\galaxy_sdk\drivers\lib\libdriver_riscv.a(imu_simulator.c.o)
 .text.bmi160_soft_reset
                0x20001fde       0x84 E:\VeriHealthi_QEMU_SDK.202606_preliminary\VeriHealthi_QEMU_SDK_v3.7\VeriHealthi_QEMU_SDK_v3.7\galaxy_sdk\drivers\lib\libdriver_riscv.a(imu_simulator.c.o)
 .text.bmi160_set_accel_cfg
                0x20002062      0x114 E:\VeriHealthi_QEMU_SDK.202606_preliminary\VeriHealthi_QEMU_SDK_v3.7\VeriHealthi_QEMU_SDK_v3.7\galaxy_sdk\drivers\lib\libdriver_riscv.a(imu_simulator.c.o)
 .text.bmi160_set_fifo_cfg
                0x20002176      0x102 E:\VeriHealthi_QEMU_SDK.202606_preliminary\VeriHealthi_QEMU_SDK_v3.7\VeriHealthi_QEMU_SDK_v3.7\galaxy_sdk\drivers\lib\libdriver_riscv.a(imu_simulator.c.o)
 .text.set_power_mode
                0x20002278      0x11e E:\VeriHealthi_QEMU_SDK.202606_preliminary\VeriHealthi_QEMU_SDK_v3.7\VeriHealthi_QEMU_SDK_v3.7\galaxy_sdk\drivers\lib\libdriver_riscv.a(imu_simulator.c.o)
 .text.bmi160_set_sensor_cfg
                0x20002396       0xae E:\VeriHealthi_QEMU_SDK.202606_preliminary\VeriHealthi_QEMU_SDK_v3.7\VeriHealthi_QEMU_SDK_v3.7\galaxy_sdk\drivers\lib\libdriver_riscv.a(imu_simulator.c.o)
 .text.bmi160_set_sensor_default_cfg
                0x20002444       0x42 E:\VeriHealthi_QEMU_SDK.202606_preliminary\VeriHealthi_QEMU_SDK_v3.7\VeriHealthi_QEMU_SDK_v3.7\galaxy_sdk\drivers\lib\libdriver_riscv.a(imu_simulator.c.o)
 .text.bmi160_init
                0x20002486       0xc0 E:\VeriHealthi_QEMU_SDK.202606_preliminary\VeriHealthi_QEMU_SDK_v3.7\VeriHealthi_QEMU_SDK_v3.7\galaxy_sdk\drivers\lib\libdriver_riscv.a(imu_simulator.c.o)
 .text.bmi160_set_suspend_mode
                0x20002546       0xb6 E:\VeriHealthi_QEMU_SDK.202606_preliminary\VeriHealthi_QEMU_SDK_v3.7\VeriHealthi_QEMU_SDK_v3.7\galaxy_sdk\drivers\lib\libdriver_riscv.a(imu_simulator.c.o)
 .text.bmi160_set_normal_mode
                0x200025fc      0x126 E:\VeriHealthi_QEMU_SDK.202606_preliminary\VeriHealthi_QEMU_SDK_v3.7\VeriHealthi_QEMU_SDK_v3.7\galaxy_sdk\drivers\lib\libdriver_riscv.a(imu_simulator.c.o)
 .text.bmi160_set_interrupt_config
                0x20002722      0x138 E:\VeriHealthi_QEMU_SDK.202606_preliminary\VeriHealthi_QEMU_SDK_v3.7\VeriHealthi_QEMU_SDK_v3.7\galaxy_sdk\drivers\lib\libdriver_riscv.a(imu_simulator.c.o)
 .text.imu_simulator_device_init
                0x2000285a       0xf8 E:\VeriHealthi_QEMU_SDK.202606_preliminary\VeriHealthi_QEMU_SDK_v3.7\VeriHealthi_QEMU_SDK_v3.7\galaxy_sdk\drivers\lib\libdriver_riscv.a(imu_simulator.c.o)
                0x2000285a                imu_simulator_device_init
 .text.bmi160_get_fifo_data
                0x20002952      0x11e E:\VeriHealthi_QEMU_SDK.202606_preliminary\VeriHealthi_QEMU_SDK_v3.7\VeriHealthi_QEMU_SDK_v3.7\galaxy_sdk\drivers\lib\libdriver_riscv.a(imu_simulator.c.o)
 .text.bmi160_fifo_parsing_gyro_accel
                0x20002a70      0x262 E:\VeriHealthi_QEMU_SDK.202606_preliminary\VeriHealthi_QEMU_SDK_v3.7\VeriHealthi_QEMU_SDK_v3.7\galaxy_sdk\drivers\lib\libdriver_riscv.a(imu_simulator.c.o)
 .text.bmi160_fifo_parsing_accel
                0x20002cd2      0x29c E:\VeriHealthi_QEMU_SDK.202606_preliminary\VeriHealthi_QEMU_SDK_v3.7\VeriHealthi_QEMU_SDK_v3.7\galaxy_sdk\drivers\lib\libdriver_riscv.a(imu_simulator.c.o)
 .text.vpi_get_event_name
                0x20002f6e      0x33e E:\VeriHealthi_QEMU_SDK.202606_preliminary\VeriHealthi_QEMU_SDK_v3.7\VeriHealthi_QEMU_SDK_v3.7\galaxy_sdk\modules\lib\libcommon_riscv.a(event_sys.c.o)
                0x20002f6e                vpi_get_event_name
 .text.vpi_event_new_manager
                0x200032ac       0x2a E:\VeriHealthi_QEMU_SDK.202606_preliminary\VeriHealthi_QEMU_SDK_v3.7\VeriHealthi_QEMU_SDK_v3.7\galaxy_sdk\modules\lib\libcommon_riscv.a(event_sys.c.o)
                0x200032ac                vpi_event_new_manager
 .text.vpi_event_notify_base
                0x200032d6      0x124 E:\VeriHealthi_QEMU_SDK.202606_preliminary\VeriHealthi_QEMU_SDK_v3.7\VeriHealthi_QEMU_SDK_v3.7\galaxy_sdk\modules\lib\libcommon_riscv.a(event_notify.c.o)
 .text.listener_dispatch_event
                0x200033fa        0x6 E:\VeriHealthi_QEMU_SDK.202606_preliminary\VeriHealthi_QEMU_SDK_v3.7\VeriHealthi_QEMU_SDK_v3.7\galaxy_sdk\modules\lib\libcommon_riscv.a(event_notify.c.o)
                0x200033fa                listener_dispatch_event
 .text.default_listener_notify
                0x20003400        0x2 E:\VeriHealthi_QEMU_SDK.202606_preliminary\VeriHealthi_QEMU_SDK_v3.7\VeriHealthi_QEMU_SDK_v3.7\galaxy_sdk\modules\lib\libcommon_riscv.a(event_notify.c.o)
                0x20003400                default_listener_notify
 .text.vpi_event_notify
                0x20003402        0x4 E:\VeriHealthi_QEMU_SDK.202606_preliminary\VeriHealthi_QEMU_SDK_v3.7\VeriHealthi_QEMU_SDK_v3.7\galaxy_sdk\modules\lib\libcommon_riscv.a(event_notify.c.o)
                0x20003402                vpi_event_notify
 .text.vpi_event_notify_from_isr
                0x20003406        0x4 E:\VeriHealthi_QEMU_SDK.202606_preliminary\VeriHealthi_QEMU_SDK_v3.7\VeriHealthi_QEMU_SDK_v3.7\galaxy_sdk\modules\lib\libcommon_riscv.a(event_notify.c.o)
                0x20003406                vpi_event_notify_from_isr
 .text.register_event_listener
                0x2000340a      0x112 E:\VeriHealthi_QEMU_SDK.202606_preliminary\VeriHealthi_QEMU_SDK_v3.7\VeriHealthi_QEMU_SDK_v3.7\galaxy_sdk\modules\lib\libcommon_riscv.a(event_register.c.o)
                0x2000340a                register_event_listener
 .text.vpi_event_register
                0x2000351c       0x90 E:\VeriHealthi_QEMU_SDK.202606_preliminary\VeriHealthi_QEMU_SDK_v3.7\VeriHealthi_QEMU_SDK_v3.7\galaxy_sdk\modules\lib\libcommon_riscv.a(event_register.c.o)
                0x2000351c                vpi_event_register
 .text.get_event_queue_size
                0x200035ac        0x6 E:\VeriHealthi_QEMU_SDK.202606_preliminary\VeriHealthi_QEMU_SDK_v3.7\VeriHealthi_QEMU_SDK_v3.7\galaxy_sdk\modules\lib\libcommon_riscv.a(event_register.c.o)
                0x200035ac                get_event_queue_size
 .text.vpi_event_set_queue_size
                0x200035b2        0x8 E:\VeriHealthi_QEMU_SDK.202606_preliminary\VeriHealthi_QEMU_SDK_v3.7\VeriHealthi_QEMU_SDK_v3.7\galaxy_sdk\modules\lib\libcommon_riscv.a(event_register.c.o)
                0x200035b2                vpi_event_set_queue_size
 .text.malloc_listener
                0x200035ba       0x3c E:\VeriHealthi_QEMU_SDK.202606_preliminary\VeriHealthi_QEMU_SDK_v3.7\VeriHealthi_QEMU_SDK_v3.7\galaxy_sdk\modules\lib\libcommon_riscv.a(event_listener.c.o)
                0x200035ba                malloc_listener
 .text.get_manager_listener
                0x200035f6       0x5e E:\VeriHealthi_QEMU_SDK.202606_preliminary\VeriHealthi_QEMU_SDK_v3.7\VeriHealthi_QEMU_SDK_v3.7\galaxy_sdk\modules\lib\libcommon_riscv.a(event_listener.c.o)
                0x200035f6                get_manager_listener
 .text.register_listener_to_group
                0x20003654       0xa2 E:\VeriHealthi_QEMU_SDK.202606_preliminary\VeriHealthi_QEMU_SDK_v3.7\VeriHealthi_QEMU_SDK_v3.7\galaxy_sdk\modules\lib\libcommon_riscv.a(event_group.c.o)
                0x20003654                register_listener_to_group
 .text.listener_task_dispatch_event
                0x200036f6       0x2e E:\VeriHealthi_QEMU_SDK.202606_preliminary\VeriHealthi_QEMU_SDK_v3.7\VeriHealthi_QEMU_SDK_v3.7\galaxy_sdk\modules\lib\libcommon_riscv.a(event_task.c.o)
                0x200036f6                listener_task_dispatch_event
 .text.vpi_event_listen
                0x20003724       0x74 E:\VeriHealthi_QEMU_SDK.202606_preliminary\VeriHealthi_QEMU_SDK_v3.7\VeriHealthi_QEMU_SDK_v3.7\galaxy_sdk\modules\lib\libcommon_riscv.a(event_task.c.o)
                0x20003724                vpi_event_listen
 .text.uart_printf
                0x20003798       0x3c E:\VeriHealthi_QEMU_SDK.202606_preliminary\VeriHealthi_QEMU_SDK_v3.7\VeriHealthi_QEMU_SDK_v3.7\galaxy_sdk\modules\lib\libcommon_riscv.a(uart_printf.c.o)
                0x20003798                uart_printf
 .text.vpi_timer_create
                0x200037d4       0x5e E:\VeriHealthi_QEMU_SDK.202606_preliminary\VeriHealthi_QEMU_SDK_v3.7\VeriHealthi_QEMU_SDK_v3.7\galaxy_sdk\modules\lib\libcommon_riscv.a(sw_timer_os.c.o)
                0x200037d4                vpi_timer_create
 .text.vpi_timer_start
                0x20003832       0x28 E:\VeriHealthi_QEMU_SDK.202606_preliminary\VeriHealthi_QEMU_SDK_v3.7\VeriHealthi_QEMU_SDK_v3.7\galaxy_sdk\modules\lib\libcommon_riscv.a(sw_timer_os.c.o)
                0x20003832                vpi_timer_start
 .text.vpi_timer_stop
                0x2000385a       0x28 E:\VeriHealthi_QEMU_SDK.202606_preliminary\VeriHealthi_QEMU_SDK_v3.7\VeriHealthi_QEMU_SDK_v3.7\galaxy_sdk\modules\lib\libcommon_riscv.a(sw_timer_os.c.o)
                0x2000385a                vpi_timer_stop
 .text.vsd_to_vpi
                0x20003882       0x1a E:\VeriHealthi_QEMU_SDK.202606_preliminary\VeriHealthi_QEMU_SDK_v3.7\VeriHealthi_QEMU_SDK_v3.7\galaxy_sdk\modules\lib\libcommon_riscv.a(vpi_error.c.o)
                0x20003882                vsd_to_vpi
 .text.find_event_list_base
                0x2000389c       0x9a E:\VeriHealthi_QEMU_SDK.202606_preliminary\VeriHealthi_QEMU_SDK_v3.7\VeriHealthi_QEMU_SDK_v3.7\galaxy_sdk\modules\lib\libcommon_riscv.a(event_list.c.o)
 .text.find_event_list
                0x20003936        0x4 E:\VeriHealthi_QEMU_SDK.202606_preliminary\VeriHealthi_QEMU_SDK_v3.7\VeriHealthi_QEMU_SDK_v3.7\galaxy_sdk\modules\lib\libcommon_riscv.a(event_list.c.o)
                0x20003936                find_event_list
 .text.find_event_list_from_isr
                0x2000393a       0x1c E:\VeriHealthi_QEMU_SDK.202606_preliminary\VeriHealthi_QEMU_SDK_v3.7\VeriHealthi_QEMU_SDK_v3.7\galaxy_sdk\modules\lib\libcommon_riscv.a(event_list.c.o)
                0x2000393a                find_event_list_from_isr
 .text.get_event_list
                0x20003956       0xb0 E:\VeriHealthi_QEMU_SDK.202606_preliminary\VeriHealthi_QEMU_SDK_v3.7\VeriHealthi_QEMU_SDK_v3.7\galaxy_sdk\modules\lib\libcommon_riscv.a(event_list.c.o)
                0x20003956                get_event_list
 .text.get_sys_event_table
                0x20003a06        0xa E:\VeriHealthi_QEMU_SDK.202606_preliminary\VeriHealthi_QEMU_SDK_v3.7\VeriHealthi_QEMU_SDK_v3.7\galaxy_sdk\modules\lib\libcommon_riscv.a(event_list.c.o)
                0x20003a06                get_sys_event_table
 .text.get_sys_event_list
                0x20003a10        0xa E:\VeriHealthi_QEMU_SDK.202606_preliminary\VeriHealthi_QEMU_SDK_v3.7\VeriHealthi_QEMU_SDK_v3.7\galaxy_sdk\modules\lib\libcommon_riscv.a(event_list.c.o)
                0x20003a10                get_sys_event_list
 .text.event_list_head_init
                0x20003a1a       0x34 E:\VeriHealthi_QEMU_SDK.202606_preliminary\VeriHealthi_QEMU_SDK_v3.7\VeriHealthi_QEMU_SDK_v3.7\galaxy_sdk\modules\lib\libcommon_riscv.a(event_list.c.o)
                0x20003a1a                event_list_head_init
 .text.osal_create_task
                0x20003a4e       0x2a E:\VeriHealthi_QEMU_SDK.202606_preliminary\VeriHealthi_QEMU_SDK_v3.7\VeriHealthi_QEMU_SDK_v3.7\galaxy_sdk\osal\lib\libosal_riscv.a(osal_task.c.o)
                0x20003a4e                osal_create_task
 .text.osal_delete_task
                0x20003a78        0x4 E:\VeriHealthi_QEMU_SDK.202606_preliminary\VeriHealthi_QEMU_SDK_v3.7\VeriHealthi_QEMU_SDK_v3.7\galaxy_sdk\osal\lib\libosal_riscv.a(osal_task.c.o)
                0x20003a78                osal_delete_task
 .text.osal_pre_start_scheduler
                0x20003a7c        0x2 E:\VeriHealthi_QEMU_SDK.202606_preliminary\VeriHealthi_QEMU_SDK_v3.7\VeriHealthi_QEMU_SDK_v3.7\galaxy_sdk\osal\lib\libosal_riscv.a(osal_task.c.o)
                0x20003a7c                osal_pre_start_scheduler
 .text.osal_start_scheduler
                0x20003a7e        0x4 E:\VeriHealthi_QEMU_SDK.202606_preliminary\VeriHealthi_QEMU_SDK_v3.7\VeriHealthi_QEMU_SDK_v3.7\galaxy_sdk\osal\lib\libosal_riscv.a(osal_task.c.o)
                0x20003a7e                osal_start_scheduler
 .text.osal_sleep
                0x20003a82       0x1a E:\VeriHealthi_QEMU_SDK.202606_preliminary\VeriHealthi_QEMU_SDK_v3.7\VeriHealthi_QEMU_SDK_v3.7\galaxy_sdk\osal\lib\libosal_riscv.a(osal_task.c.o)
                0x20003a82                osal_sleep
 .text.osal_enter_critical
                0x20003a9c        0x4 E:\VeriHealthi_QEMU_SDK.202606_preliminary\VeriHealthi_QEMU_SDK_v3.7\VeriHealthi_QEMU_SDK_v3.7\galaxy_sdk\osal\lib\libosal_riscv.a(osal_task.c.o)
                0x20003a9c                osal_enter_critical
 .text.osal_exit_critical
                0x20003aa0        0x4 E:\VeriHealthi_QEMU_SDK.202606_preliminary\VeriHealthi_QEMU_SDK_v3.7\VeriHealthi_QEMU_SDK_v3.7\galaxy_sdk\osal\lib\libosal_riscv.a(osal_task.c.o)
                0x20003aa0                osal_exit_critical
 .text.osal_send_event_base.isra.0
                0x20003aa4      0x108 E:\VeriHealthi_QEMU_SDK.202606_preliminary\VeriHealthi_QEMU_SDK_v3.7\VeriHealthi_QEMU_SDK_v3.7\galaxy_sdk\osal\lib\libosal_riscv.a(osal_event.c.o)
 .text.osal_create_event_queue
                0x20003bac       0x7e E:\VeriHealthi_QEMU_SDK.202606_preliminary\VeriHealthi_QEMU_SDK_v3.7\VeriHealthi_QEMU_SDK_v3.7\galaxy_sdk\osal\lib\libosal_riscv.a(osal_event.c.o)
                0x20003bac                osal_create_event_queue
 .text.osal_wait_event
                0x20003c2a       0x80 E:\VeriHealthi_QEMU_SDK.202606_preliminary\VeriHealthi_QEMU_SDK_v3.7\VeriHealthi_QEMU_SDK_v3.7\galaxy_sdk\osal\lib\libosal_riscv.a(osal_event.c.o)
                0x20003c2a                osal_wait_event
 .text.osal_send_event
                0x20003caa        0x6 E:\VeriHealthi_QEMU_SDK.202606_preliminary\VeriHealthi_QEMU_SDK_v3.7\VeriHealthi_QEMU_SDK_v3.7\galaxy_sdk\osal\lib\libosal_riscv.a(osal_event.c.o)
                0x20003caa                osal_send_event
 .text.osal_send_event_from_isr
                0x20003cb0        0x6 E:\VeriHealthi_QEMU_SDK.202606_preliminary\VeriHealthi_QEMU_SDK_v3.7\VeriHealthi_QEMU_SDK_v3.7\galaxy_sdk\osal\lib\libosal_riscv.a(osal_event.c.o)
                0x20003cb0                osal_send_event_from_isr
 .text.osal_malloc
                0x20003cb6        0x4 E:\VeriHealthi_QEMU_SDK.202606_preliminary\VeriHealthi_QEMU_SDK_v3.7\VeriHealthi_QEMU_SDK_v3.7\galaxy_sdk\osal\lib\libosal_riscv.a(osal_heap.c.o)
                0x20003cb6                osal_malloc
 .text.osal_free
                0x20003cba        0x4 E:\VeriHealthi_QEMU_SDK.202606_preliminary\VeriHealthi_QEMU_SDK_v3.7\VeriHealthi_QEMU_SDK_v3.7\galaxy_sdk\osal\lib\libosal_riscv.a(osal_heap.c.o)
                0x20003cba                osal_free
 .text.osal_create_mutex
                0x20003cbe       0x34 E:\VeriHealthi_QEMU_SDK.202606_preliminary\VeriHealthi_QEMU_SDK_v3.7\VeriHealthi_QEMU_SDK_v3.7\galaxy_sdk\osal\lib\libosal_riscv.a(osal_mutex.c.o)
                0x20003cbe                osal_create_mutex
 .text.osal_unlock_mutex
                0x20003cf2       0x1c E:\VeriHealthi_QEMU_SDK.202606_preliminary\VeriHealthi_QEMU_SDK_v3.7\VeriHealthi_QEMU_SDK_v3.7\galaxy_sdk\osal\lib\libosal_riscv.a(osal_mutex.c.o)
                0x20003cf2                osal_unlock_mutex
 .text.osal_lock_mutex
                0x20003d0e       0x28 E:\VeriHealthi_QEMU_SDK.202606_preliminary\VeriHealthi_QEMU_SDK_v3.7\VeriHealthi_QEMU_SDK_v3.7\galaxy_sdk\osal\lib\libosal_riscv.a(osal_mutex.c.o)
                0x20003d0e                osal_lock_mutex
 .text.osal_ms_to_tick
                0x20003d36       0x68 E:\VeriHealthi_QEMU_SDK.202606_preliminary\VeriHealthi_QEMU_SDK_v3.7\VeriHealthi_QEMU_SDK_v3.7\galaxy_sdk\osal\lib\libosal_riscv.a(osal_time.c.o)
                0x20003d36                osal_ms_to_tick
 .text.osal_timer_common_cb
                0x20003d9e       0x1a E:\VeriHealthi_QEMU_SDK.202606_preliminary\VeriHealthi_QEMU_SDK_v3.7\VeriHealthi_QEMU_SDK_v3.7\galaxy_sdk\osal\lib\libosal_riscv.a(osal_timer.c.o)
 .text.osal_timer_create
                0x20003db8       0x72 E:\VeriHealthi_QEMU_SDK.202606_preliminary\VeriHealthi_QEMU_SDK_v3.7\VeriHealthi_QEMU_SDK_v3.7\galaxy_sdk\osal\lib\libosal_riscv.a(osal_timer.c.o)
                0x20003db8                osal_timer_create
 .text.osal_timer_start
                0x20003e2a       0x3e E:\VeriHealthi_QEMU_SDK.202606_preliminary\VeriHealthi_QEMU_SDK_v3.7\VeriHealthi_QEMU_SDK_v3.7\galaxy_sdk\osal\lib\libosal_riscv.a(osal_timer.c.o)
                0x20003e2a                osal_timer_start
 .text.osal_timer_stop
                0x20003e68       0x32 E:\VeriHealthi_QEMU_SDK.202606_preliminary\VeriHealthi_QEMU_SDK_v3.7\VeriHealthi_QEMU_SDK_v3.7\galaxy_sdk\osal\lib\libosal_riscv.a(osal_timer.c.o)
                0x20003e68                osal_timer_stop
 .text.osal_get_task_name
                0x20003e9a        0x6 E:\VeriHealthi_QEMU_SDK.202606_preliminary\VeriHealthi_QEMU_SDK_v3.7\VeriHealthi_QEMU_SDK_v3.7\galaxy_sdk\osal\lib\libosal_riscv.a(osal_sys_state.c.o)
                0x20003e9a                osal_get_task_name
 .text.prvAddNewTaskToReadyList
                0x20003ea0      0x170 E:\VeriHealthi_QEMU_SDK.202606_preliminary\VeriHealthi_QEMU_SDK_v3.7\VeriHealthi_QEMU_SDK_v3.7\galaxy_sdk\os\lib\libos_riscv.a(tasks.c.o)
 .text.prvAddCurrentTaskToDelayedList
                0x20004010       0xe0 E:\VeriHealthi_QEMU_SDK.202606_preliminary\VeriHealthi_QEMU_SDK_v3.7\VeriHealthi_QEMU_SDK_v3.7\galaxy_sdk\os\lib\libos_riscv.a(tasks.c.o)
 .text.prvInitialiseNewTask.constprop.0
                0x200040f0       0xdc E:\VeriHealthi_QEMU_SDK.202606_preliminary\VeriHealthi_QEMU_SDK_v3.7\VeriHealthi_QEMU_SDK_v3.7\galaxy_sdk\os\lib\libos_riscv.a(tasks.c.o)
 .text.prvIdleTask
                0x200041cc       0xd6 E:\VeriHealthi_QEMU_SDK.202606_preliminary\VeriHealthi_QEMU_SDK_v3.7\VeriHealthi_QEMU_SDK_v3.7\galaxy_sdk\os\lib\libos_riscv.a(tasks.c.o)
 .text.xTaskCreateStatic
                0x200042a2       0x7e E:\VeriHealthi_QEMU_SDK.202606_preliminary\VeriHealthi_QEMU_SDK_v3.7\VeriHealthi_QEMU_SDK_v3.7\galaxy_sdk\os\lib\libos_riscv.a(tasks.c.o)
                0x200042a2                xTaskCreateStatic
 .text.xTaskCreate
                0x20004320       0x7c E:\VeriHealthi_QEMU_SDK.202606_preliminary\VeriHealthi_QEMU_SDK_v3.7\VeriHealthi_QEMU_SDK_v3.7\galaxy_sdk\os\lib\libos_riscv.a(tasks.c.o)
                0x20004320                xTaskCreate
 .text.vTaskDelete
                0x2000439c      0x148 E:\VeriHealthi_QEMU_SDK.202606_preliminary\VeriHealthi_QEMU_SDK_v3.7\VeriHealthi_QEMU_SDK_v3.7\galaxy_sdk\os\lib\libos_riscv.a(tasks.c.o)
                0x2000439c                vTaskDelete
 .text.vTaskStartScheduler
                0x200044e4       0xa0 E:\VeriHealthi_QEMU_SDK.202606_preliminary\VeriHealthi_QEMU_SDK_v3.7\VeriHealthi_QEMU_SDK_v3.7\galaxy_sdk\os\lib\libos_riscv.a(tasks.c.o)
                0x200044e4                vTaskStartScheduler
 .text.vTaskSuspendAll
                0x20004584       0x10 E:\VeriHealthi_QEMU_SDK.202606_preliminary\VeriHealthi_QEMU_SDK_v3.7\VeriHealthi_QEMU_SDK_v3.7\galaxy_sdk\os\lib\libos_riscv.a(tasks.c.o)
                0x20004584                vTaskSuspendAll
 .text.xTaskGetTickCount
                0x20004594       0x20 E:\VeriHealthi_QEMU_SDK.202606_preliminary\VeriHealthi_QEMU_SDK_v3.7\VeriHealthi_QEMU_SDK_v3.7\galaxy_sdk\os\lib\libos_riscv.a(tasks.c.o)
                0x20004594                xTaskGetTickCount
 .text.pcTaskGetName
                0x200045b4       0x28 E:\VeriHealthi_QEMU_SDK.202606_preliminary\VeriHealthi_QEMU_SDK_v3.7\VeriHealthi_QEMU_SDK_v3.7\galaxy_sdk\os\lib\libos_riscv.a(tasks.c.o)
                0x200045b4                pcTaskGetName
 .text.xTaskIncrementTick
                0x200045dc      0x1b6 E:\VeriHealthi_QEMU_SDK.202606_preliminary\VeriHealthi_QEMU_SDK_v3.7\VeriHealthi_QEMU_SDK_v3.7\galaxy_sdk\os\lib\libos_riscv.a(tasks.c.o)
                0x200045dc                xTaskIncrementTick
 .text.xTaskResumeAll.part.0
                0x20004792      0x154 E:\VeriHealthi_QEMU_SDK.202606_preliminary\VeriHealthi_QEMU_SDK_v3.7\VeriHealthi_QEMU_SDK_v3.7\galaxy_sdk\os\lib\libos_riscv.a(tasks.c.o)
 .text.xTaskResumeAll
                0x200048e6       0x24 E:\VeriHealthi_QEMU_SDK.202606_preliminary\VeriHealthi_QEMU_SDK_v3.7\VeriHealthi_QEMU_SDK_v3.7\galaxy_sdk\os\lib\libos_riscv.a(tasks.c.o)
                0x200048e6                xTaskResumeAll
 .text.vTaskDelay
                0x2000490a       0xbc E:\VeriHealthi_QEMU_SDK.202606_preliminary\VeriHealthi_QEMU_SDK_v3.7\VeriHealthi_QEMU_SDK_v3.7\galaxy_sdk\os\lib\libos_riscv.a(tasks.c.o)
                0x2000490a                vTaskDelay
 .text.vTaskSwitchContext
                0x200049c6       0xf2 E:\VeriHealthi_QEMU_SDK.202606_preliminary\VeriHealthi_QEMU_SDK_v3.7\VeriHealthi_QEMU_SDK_v3.7\galaxy_sdk\os\lib\libos_riscv.a(tasks.c.o)
                0x200049c6                vTaskSwitchContext
 .text.vTaskPlaceOnEventList
                0x20004ab8       0x3c E:\VeriHealthi_QEMU_SDK.202606_preliminary\VeriHealthi_QEMU_SDK_v3.7\VeriHealthi_QEMU_SDK_v3.7\galaxy_sdk\os\lib\libos_riscv.a(tasks.c.o)
                0x20004ab8                vTaskPlaceOnEventList
 .text.vTaskPlaceOnEventListRestricted
                0x20004af4       0x46 E:\VeriHealthi_QEMU_SDK.202606_preliminary\VeriHealthi_QEMU_SDK_v3.7\VeriHealthi_QEMU_SDK_v3.7\galaxy_sdk\os\lib\libos_riscv.a(tasks.c.o)
                0x20004af4                vTaskPlaceOnEventListRestricted
 .text.xTaskRemoveFromEventList
                0x20004b3a       0x9e E:\VeriHealthi_QEMU_SDK.202606_preliminary\VeriHealthi_QEMU_SDK_v3.7\VeriHealthi_QEMU_SDK_v3.7\galaxy_sdk\os\lib\libos_riscv.a(tasks.c.o)
                0x20004b3a                xTaskRemoveFromEventList
 .text.vTaskInternalSetTimeOutState
                0x20004bd8       0x16 E:\VeriHealthi_QEMU_SDK.202606_preliminary\VeriHealthi_QEMU_SDK_v3.7\VeriHealthi_QEMU_SDK_v3.7\galaxy_sdk\os\lib\libos_riscv.a(tasks.c.o)
                0x20004bd8                vTaskInternalSetTimeOutState
 .text.xTaskCheckForTimeOut
                0x20004bee       0x9a E:\VeriHealthi_QEMU_SDK.202606_preliminary\VeriHealthi_QEMU_SDK_v3.7\VeriHealthi_QEMU_SDK_v3.7\galaxy_sdk\os\lib\libos_riscv.a(tasks.c.o)
                0x20004bee                xTaskCheckForTimeOut
 .text.vTaskMissedYield
                0x20004c88        0xc E:\VeriHealthi_QEMU_SDK.202606_preliminary\VeriHealthi_QEMU_SDK_v3.7\VeriHealthi_QEMU_SDK_v3.7\galaxy_sdk\os\lib\libos_riscv.a(tasks.c.o)
                0x20004c88                vTaskMissedYield
 .text.xTaskGetSchedulerState
                0x20004c94       0x1c E:\VeriHealthi_QEMU_SDK.202606_preliminary\VeriHealthi_QEMU_SDK_v3.7\VeriHealthi_QEMU_SDK_v3.7\galaxy_sdk\os\lib\libos_riscv.a(tasks.c.o)
                0x20004c94                xTaskGetSchedulerState
 .text.xTaskPriorityInherit
                0x20004cb0       0xa4 E:\VeriHealthi_QEMU_SDK.202606_preliminary\VeriHealthi_QEMU_SDK_v3.7\VeriHealthi_QEMU_SDK_v3.7\galaxy_sdk\os\lib\libos_riscv.a(tasks.c.o)
                0x20004cb0                xTaskPriorityInherit
 .text.xTaskPriorityDisinherit
                0x20004d54       0xa0 E:\VeriHealthi_QEMU_SDK.202606_preliminary\VeriHealthi_QEMU_SDK_v3.7\VeriHealthi_QEMU_SDK_v3.7\galaxy_sdk\os\lib\libos_riscv.a(tasks.c.o)
                0x20004d54                xTaskPriorityDisinherit
 .text.vTaskPriorityDisinheritAfterTimeout
                0x20004df4       0xc6 E:\VeriHealthi_QEMU_SDK.202606_preliminary\VeriHealthi_QEMU_SDK_v3.7\VeriHealthi_QEMU_SDK_v3.7\galaxy_sdk\os\lib\libos_riscv.a(tasks.c.o)
                0x20004df4                vTaskPriorityDisinheritAfterTimeout
 .text.pvTaskIncrementMutexHeldCount
                0x20004eba       0x1a E:\VeriHealthi_QEMU_SDK.202606_preliminary\VeriHealthi_QEMU_SDK_v3.7\VeriHealthi_QEMU_SDK_v3.7\galaxy_sdk\os\lib\libos_riscv.a(tasks.c.o)
                0x20004eba                pvTaskIncrementMutexHeldCount
 .text.prvCopyDataToQueue
                0x20004ed4       0xa0 E:\VeriHealthi_QEMU_SDK.202606_preliminary\VeriHealthi_QEMU_SDK_v3.7\VeriHealthi_QEMU_SDK_v3.7\galaxy_sdk\os\lib\libos_riscv.a(queue.c.o)
 .text.prvNotifyQueueSetContainer
                0x20004f74       0xba E:\VeriHealthi_QEMU_SDK.202606_preliminary\VeriHealthi_QEMU_SDK_v3.7\VeriHealthi_QEMU_SDK_v3.7\galaxy_sdk\os\lib\libos_riscv.a(queue.c.o)
 .text.prvUnlockQueue
                0x2000502e       0xc6 E:\VeriHealthi_QEMU_SDK.202606_preliminary\VeriHealthi_QEMU_SDK_v3.7\VeriHealthi_QEMU_SDK_v3.7\galaxy_sdk\os\lib\libos_riscv.a(queue.c.o)
 .text.xQueueGenericReset
                0x200050f4       0xbc E:\VeriHealthi_QEMU_SDK.202606_preliminary\VeriHealthi_QEMU_SDK_v3.7\VeriHealthi_QEMU_SDK_v3.7\galaxy_sdk\os\lib\libos_riscv.a(queue.c.o)
                0x200050f4                xQueueGenericReset
 .text.xQueueGenericCreateStatic
                0x200051b0       0xc8 E:\VeriHealthi_QEMU_SDK.202606_preliminary\VeriHealthi_QEMU_SDK_v3.7\VeriHealthi_QEMU_SDK_v3.7\galaxy_sdk\os\lib\libos_riscv.a(queue.c.o)
                0x200051b0                xQueueGenericCreateStatic
 .text.xQueueGenericCreate
                0x20005278       0xc2 E:\VeriHealthi_QEMU_SDK.202606_preliminary\VeriHealthi_QEMU_SDK_v3.7\VeriHealthi_QEMU_SDK_v3.7\galaxy_sdk\os\lib\libos_riscv.a(queue.c.o)
                0x20005278                xQueueGenericCreate
 .text.xQueueGenericSend
                0x2000533a      0x220 E:\VeriHealthi_QEMU_SDK.202606_preliminary\VeriHealthi_QEMU_SDK_v3.7\VeriHealthi_QEMU_SDK_v3.7\galaxy_sdk\os\lib\libos_riscv.a(queue.c.o)
                0x2000533a                xQueueGenericSend
 .text.xQueueCreateMutex
                0x2000555a       0x54 E:\VeriHealthi_QEMU_SDK.202606_preliminary\VeriHealthi_QEMU_SDK_v3.7\VeriHealthi_QEMU_SDK_v3.7\galaxy_sdk\os\lib\libos_riscv.a(queue.c.o)
                0x2000555a                xQueueCreateMutex
 .text.xQueueGenericSendFromISR
                0x200055ae      0x13c E:\VeriHealthi_QEMU_SDK.202606_preliminary\VeriHealthi_QEMU_SDK_v3.7\VeriHealthi_QEMU_SDK_v3.7\galaxy_sdk\os\lib\libos_riscv.a(queue.c.o)
                0x200055ae                xQueueGenericSendFromISR
 .text.xQueueReceive
                0x200056ea      0x1ce E:\VeriHealthi_QEMU_SDK.202606_preliminary\VeriHealthi_QEMU_SDK_v3.7\VeriHealthi_QEMU_SDK_v3.7\galaxy_sdk\os\lib\libos_riscv.a(queue.c.o)
                0x200056ea                xQueueReceive
 .text.xQueueSemaphoreTake
                0x200058b8      0x208 E:\VeriHealthi_QEMU_SDK.202606_preliminary\VeriHealthi_QEMU_SDK_v3.7\VeriHealthi_QEMU_SDK_v3.7\galaxy_sdk\os\lib\libos_riscv.a(queue.c.o)
                0x200058b8                xQueueSemaphoreTake
 .text.vQueueWaitForMessageRestricted
                0x20005ac0       0x6c E:\VeriHealthi_QEMU_SDK.202606_preliminary\VeriHealthi_QEMU_SDK_v3.7\VeriHealthi_QEMU_SDK_v3.7\galaxy_sdk\os\lib\libos_riscv.a(queue.c.o)
                0x20005ac0                vQueueWaitForMessageRestricted
 .text.vListInitialise
                0x20005b2c       0x14 E:\VeriHealthi_QEMU_SDK.202606_preliminary\VeriHealthi_QEMU_SDK_v3.7\VeriHealthi_QEMU_SDK_v3.7\galaxy_sdk\os\lib\libos_riscv.a(list.c.o)
                0x20005b2c                vListInitialise
 .text.vListInitialiseItem
                0x20005b40        0x6 E:\VeriHealthi_QEMU_SDK.202606_preliminary\VeriHealthi_QEMU_SDK_v3.7\VeriHealthi_QEMU_SDK_v3.7\galaxy_sdk\os\lib\libos_riscv.a(list.c.o)
                0x20005b40                vListInitialiseItem
 .text.vListInsertEnd
                0x20005b46       0x16 E:\VeriHealthi_QEMU_SDK.202606_preliminary\VeriHealthi_QEMU_SDK_v3.7\VeriHealthi_QEMU_SDK_v3.7\galaxy_sdk\os\lib\libos_riscv.a(list.c.o)
                0x20005b46                vListInsertEnd
 .text.vListInsert
                0x20005b5c       0x2e E:\VeriHealthi_QEMU_SDK.202606_preliminary\VeriHealthi_QEMU_SDK_v3.7\VeriHealthi_QEMU_SDK_v3.7\galaxy_sdk\os\lib\libos_riscv.a(list.c.o)
                0x20005b5c                vListInsert
 .text.uxListRemove
                0x20005b8a       0x2e E:\VeriHealthi_QEMU_SDK.202606_preliminary\VeriHealthi_QEMU_SDK_v3.7\VeriHealthi_QEMU_SDK_v3.7\galaxy_sdk\os\lib\libos_riscv.a(list.c.o)
                0x20005b8a                uxListRemove
 .text.prvCheckForValidListAndQueue
                0x20005bb8       0x7e E:\VeriHealthi_QEMU_SDK.202606_preliminary\VeriHealthi_QEMU_SDK_v3.7\VeriHealthi_QEMU_SDK_v3.7\galaxy_sdk\os\lib\libos_riscv.a(timers.c.o)
 .text.xTimerCreateTimerTask
                0x20005c36       0x66 E:\VeriHealthi_QEMU_SDK.202606_preliminary\VeriHealthi_QEMU_SDK_v3.7\VeriHealthi_QEMU_SDK_v3.7\galaxy_sdk\os\lib\libos_riscv.a(timers.c.o)
                0x20005c36                xTimerCreateTimerTask
 .text.xTimerCreate
                0x20005c9c       0x7e E:\VeriHealthi_QEMU_SDK.202606_preliminary\VeriHealthi_QEMU_SDK_v3.7\VeriHealthi_QEMU_SDK_v3.7\galaxy_sdk\os\lib\libos_riscv.a(timers.c.o)
                0x20005c9c                xTimerCreate
 .text.xTimerGenericCommand
                0x20005d1a       0x84 E:\VeriHealthi_QEMU_SDK.202606_preliminary\VeriHealthi_QEMU_SDK_v3.7\VeriHealthi_QEMU_SDK_v3.7\galaxy_sdk\os\lib\libos_riscv.a(timers.c.o)
                0x20005d1a                xTimerGenericCommand
 .text.prvSwitchTimerLists
                0x20005d9e       0x96 E:\VeriHealthi_QEMU_SDK.202606_preliminary\VeriHealthi_QEMU_SDK_v3.7\VeriHealthi_QEMU_SDK_v3.7\galaxy_sdk\os\lib\libos_riscv.a(timers.c.o)
 .text.prvTimerTask
                0x20005e34      0x2bc E:\VeriHealthi_QEMU_SDK.202606_preliminary\VeriHealthi_QEMU_SDK_v3.7\VeriHealthi_QEMU_SDK_v3.7\galaxy_sdk\os\lib\libos_riscv.a(timers.c.o)
 .text.pvTimerGetTimerID
                0x200060f0       0x34 E:\VeriHealthi_QEMU_SDK.202606_preliminary\VeriHealthi_QEMU_SDK_v3.7\VeriHealthi_QEMU_SDK_v3.7\galaxy_sdk\os\lib\libos_riscv.a(timers.c.o)
                0x200060f0                pvTimerGetTimerID
 .text.prvInsertBlockIntoFreeList
                0x20006124       0x62 E:\VeriHealthi_QEMU_SDK.202606_preliminary\VeriHealthi_QEMU_SDK_v3.7\VeriHealthi_QEMU_SDK_v3.7\galaxy_sdk\os\lib\libos_riscv.a(heap_4.c.o)
 .text.pvPortMalloc
                0x20006186      0x1a0 E:\VeriHealthi_QEMU_SDK.202606_preliminary\VeriHealthi_QEMU_SDK_v3.7\VeriHealthi_QEMU_SDK_v3.7\galaxy_sdk\os\lib\libos_riscv.a(heap_4.c.o)
                0x20006186                pvPortMalloc
 .text.vPortFree
                0x20006326       0x8c E:\VeriHealthi_QEMU_SDK.202606_preliminary\VeriHealthi_QEMU_SDK_v3.7\VeriHealthi_QEMU_SDK_v3.7\galaxy_sdk\os\lib\libos_riscv.a(heap_4.c.o)
                0x20006326                vPortFree
 .text.atexit   0x200063b2        0xc E:/tools/NucleiStudio_IDE_202510-win64/NucleiStudio/toolchain/gcc/bin/../lib/gcc/riscv64-unknown-elf/14.2.1/../../../../riscv64-unknown-elf/lib/rv32imafc_zaamo_zalrsc_xxldsp/ilp32f\libc_nano.a(libc_a-atexit.o)
                0x200063b2                atexit
 .text.calloc   0x200063be        0xa E:/tools/NucleiStudio_IDE_202510-win64/NucleiStudio/toolchain/gcc/bin/../lib/gcc/riscv64-unknown-elf/14.2.1/../../../../riscv64-unknown-elf/lib/rv32imafc_zaamo_zalrsc_xxldsp/ilp32f\libc_nano.a(libc_a-calloc.o)
                0x200063be                calloc
 .text._calloc_r
                0x200063c8       0x34 E:/tools/NucleiStudio_IDE_202510-win64/NucleiStudio/toolchain/gcc/bin/../lib/gcc/riscv64-unknown-elf/14.2.1/../../../../riscv64-unknown-elf/lib/rv32imafc_zaamo_zalrsc_xxldsp/ilp32f\libc_nano.a(libc_a-callocr.o)
                0x200063c8                _calloc_r
 .text.malloc   0x200063fc        0x8 E:/tools/NucleiStudio_IDE_202510-win64/NucleiStudio/toolchain/gcc/bin/../lib/gcc/riscv64-unknown-elf/14.2.1/../../../../riscv64-unknown-elf/lib/rv32imafc_zaamo_zalrsc_xxldsp/ilp32f\libc_nano.a(libc_a-malloc.o)
                0x200063fc                malloc
 .text.free     0x20006404        0xa E:/tools/NucleiStudio_IDE_202510-win64/NucleiStudio/toolchain/gcc/bin/../lib/gcc/riscv64-unknown-elf/14.2.1/../../../../riscv64-unknown-elf/lib/rv32imafc_zaamo_zalrsc_xxldsp/ilp32f\libc_nano.a(libc_a-malloc.o)
                0x20006404                free
 .text.sbrk_aligned
                0x2000640e       0x5e E:/tools/NucleiStudio_IDE_202510-win64/NucleiStudio/toolchain/gcc/bin/../lib/gcc/riscv64-unknown-elf/14.2.1/../../../../riscv64-unknown-elf/lib/rv32imafc_zaamo_zalrsc_xxldsp/ilp32f\libc_nano.a(libc_a-mallocr.o)
 .text._malloc_r
                0x2000646c      0x128 E:/tools/NucleiStudio_IDE_202510-win64/NucleiStudio/toolchain/gcc/bin/../lib/gcc/riscv64-unknown-elf/14.2.1/../../../../riscv64-unknown-elf/lib/rv32imafc_zaamo_zalrsc_xxldsp/ilp32f\libc_nano.a(libc_a-mallocr.o)
                0x2000646c                _malloc_r
 .text.__malloc_lock
                0x20006594        0x2 E:/tools/NucleiStudio_IDE_202510-win64/NucleiStudio/toolchain/gcc/bin/../lib/gcc/riscv64-unknown-elf/14.2.1/../../../../riscv64-unknown-elf/lib/rv32imafc_zaamo_zalrsc_xxldsp/ilp32f\libc_nano.a(libc_a-mlock.o)
                0x20006594                __malloc_lock
 .text.__malloc_unlock
                0x20006596        0x2 E:/tools/NucleiStudio_IDE_202510-win64/NucleiStudio/toolchain/gcc/bin/../lib/gcc/riscv64-unknown-elf/14.2.1/../../../../riscv64-unknown-elf/lib/rv32imafc_zaamo_zalrsc_xxldsp/ilp32f\libc_nano.a(libc_a-mlock.o)
                0x20006596                __malloc_unlock
 .text.__cvt    0x20006598       0xfe E:/tools/NucleiStudio_IDE_202510-win64/NucleiStudio/toolchain/gcc/bin/../lib/gcc/riscv64-unknown-elf/14.2.1/../../../../riscv64-unknown-elf/lib/rv32imafc_zaamo_zalrsc_xxldsp/ilp32f\libc_nano.a(libc_a-nano-vfprintf_float.o)
                0x20006598                __cvt
 .text.__exponent
                0x20006696       0x9c E:/tools/NucleiStudio_IDE_202510-win64/NucleiStudio/toolchain/gcc/bin/../lib/gcc/riscv64-unknown-elf/14.2.1/../../../../riscv64-unknown-elf/lib/rv32imafc_zaamo_zalrsc_xxldsp/ilp32f\libc_nano.a(libc_a-nano-vfprintf_float.o)
                0x20006696                __exponent
 .text._printf_float
                0x20006732      0x4d2 E:/tools/NucleiStudio_IDE_202510-win64/NucleiStudio/toolchain/gcc/bin/../lib/gcc/riscv64-unknown-elf/14.2.1/../../../../riscv64-unknown-elf/lib/rv32imafc_zaamo_zalrsc_xxldsp/ilp32f\libc_nano.a(libc_a-nano-vfprintf_float.o)
                0x20006732                _printf_float
 .text._printf_common
                0x20006c04      0x112 E:/tools/NucleiStudio_IDE_202510-win64/NucleiStudio/toolchain/gcc/bin/../lib/gcc/riscv64-unknown-elf/14.2.1/../../../../riscv64-unknown-elf/lib/rv32imafc_zaamo_zalrsc_xxldsp/ilp32f\libc_nano.a(libc_a-nano-vfprintf_i.o)
                0x20006c04                _printf_common
 .text._printf_i
                0x20006d16      0x262 E:/tools/NucleiStudio_IDE_202510-win64/NucleiStudio/toolchain/gcc/bin/../lib/gcc/riscv64-unknown-elf/14.2.1/../../../../riscv64-unknown-elf/lib/rv32imafc_zaamo_zalrsc_xxldsp/ilp32f\libc_nano.a(libc_a-nano-vfprintf_i.o)
                0x20006d16                _printf_i
 .text.printf   0x20006f78       0x2a E:/tools/NucleiStudio_IDE_202510-win64/NucleiStudio/toolchain/gcc/bin/../lib/gcc/riscv64-unknown-elf/14.2.1/../../../../riscv64-unknown-elf/lib/rv32imafc_zaamo_zalrsc_xxldsp/ilp32f\libc_nano.a(libc_a-printf.o)
                0x20006f78                iprintf
                0x20006f78                printf
 .text.snprintf
                0x20006fa2       0x78 E:/tools/NucleiStudio_IDE_202510-win64/NucleiStudio/toolchain/gcc/bin/../lib/gcc/riscv64-unknown-elf/14.2.1/../../../../riscv64-unknown-elf/lib/rv32imafc_zaamo_zalrsc_xxldsp/ilp32f\libc_nano.a(libc_a-snprintf.o)
                0x20006fa2                sniprintf
                0x20006fa2                snprintf
 .text.vprintf  0x2000701a        0xe E:/tools/NucleiStudio_IDE_202510-win64/NucleiStudio/toolchain/gcc/bin/../lib/gcc/riscv64-unknown-elf/14.2.1/../../../../riscv64-unknown-elf/lib/rv32imafc_zaamo_zalrsc_xxldsp/ilp32f\libc_nano.a(libc_a-vprintf.o)
                0x2000701a                viprintf
                0x2000701a                vprintf
 .text.memchr   0x20007028       0x1a E:/tools/NucleiStudio_IDE_202510-win64/NucleiStudio/toolchain/gcc/bin/../lib/gcc/riscv64-unknown-elf/14.2.1/../../../../riscv64-unknown-elf/lib/rv32imafc_zaamo_zalrsc_xxldsp/ilp32f\libc_nano.a(libc_a-memchr.o)
                0x20007028                memchr
 .text._localeconv_r
                0x20007042        0xa E:/tools/NucleiStudio_IDE_202510-win64/NucleiStudio/toolchain/gcc/bin/../lib/gcc/riscv64-unknown-elf/14.2.1/../../../../riscv64-unknown-elf/lib/rv32imafc_zaamo_zalrsc_xxldsp/ilp32f\libc_nano.a(libc_a-localeconv.o)
                0x20007042                _localeconv_r
 .text._sbrk_r  0x2000704c       0x30 E:/tools/NucleiStudio_IDE_202510-win64/NucleiStudio/toolchain/gcc/bin/../lib/gcc/riscv64-unknown-elf/14.2.1/../../../../riscv64-unknown-elf/lib/rv32imafc_zaamo_zalrsc_xxldsp/ilp32f\libc_nano.a(libc_a-sbrkr.o)
                0x2000704c                _sbrk_r
 .text.__libc_init_array
                0x2000707c       0x5e E:/tools/NucleiStudio_IDE_202510-win64/NucleiStudio/toolchain/gcc/bin/../lib/gcc/riscv64-unknown-elf/14.2.1/../../../../riscv64-unknown-elf/lib/rv32imafc_zaamo_zalrsc_xxldsp/ilp32f\libc_nano.a(libc_a-init.o)
                0x2000707c                __libc_init_array
 .text.__libc_fini_array
                0x200070da       0x36 E:/tools/NucleiStudio_IDE_202510-win64/NucleiStudio/toolchain/gcc/bin/../lib/gcc/riscv64-unknown-elf/14.2.1/../../../../riscv64-unknown-elf/lib/rv32imafc_zaamo_zalrsc_xxldsp/ilp32f\libc_nano.a(libc_a-fini.o)
                0x200070da                __libc_fini_array
 *fill*         0x20007110        0x0 
 .text          0x20007110       0xaa E:/tools/NucleiStudio_IDE_202510-win64/NucleiStudio/toolchain/gcc/bin/../lib/gcc/riscv64-unknown-elf/14.2.1/../../../../riscv64-unknown-elf/lib/rv32imafc_zaamo_zalrsc_xxldsp/ilp32f\libc_nano.a(libc_a-memset.o)
                0x20007110                memset
 *fill*         0x200071ba        0x2 
 .text.memcpy   0x200071bc       0xea E:/tools/NucleiStudio_IDE_202510-win64/NucleiStudio/toolchain/gcc/bin/../lib/gcc/riscv64-unknown-elf/14.2.1/../../../../riscv64-unknown-elf/lib/rv32imafc_zaamo_zalrsc_xxldsp/ilp32f\libc_nano.a(libc_a-memcpy.o)
                0x200071bc                memcpy
 *fill*         0x200072a6        0x2 
 .text.strlen   0x200072a8       0x12 E:/tools/NucleiStudio_IDE_202510-win64/NucleiStudio/toolchain/gcc/bin/../lib/gcc/riscv64-unknown-elf/14.2.1/../../../../riscv64-unknown-elf/lib/rv32imafc_zaamo_zalrsc_xxldsp/ilp32f\libc_nano.a(libc_a-strlen.o)
                0x200072a8                strlen
 .text.__register_exitproc
                0x200072ba       0x80 E:/tools/NucleiStudio_IDE_202510-win64/NucleiStudio/toolchain/gcc/bin/../lib/gcc/riscv64-unknown-elf/14.2.1/../../../../riscv64-unknown-elf/lib/rv32imafc_zaamo_zalrsc_xxldsp/ilp32f\libc_nano.a(libc_a-__atexit.o)
                0x200072ba                __register_exitproc
 .text.quorem   0x2000733a      0x134 E:/tools/NucleiStudio_IDE_202510-win64/NucleiStudio/toolchain/gcc/bin/../lib/gcc/riscv64-unknown-elf/14.2.1/../../../../riscv64-unknown-elf/lib/rv32imafc_zaamo_zalrsc_xxldsp/ilp32f\libc_nano.a(libc_a-dtoa.o)
 .text._dtoa_r  0x2000746e      0xbf0 E:/tools/NucleiStudio_IDE_202510-win64/NucleiStudio/toolchain/gcc/bin/../lib/gcc/riscv64-unknown-elf/14.2.1/../../../../riscv64-unknown-elf/lib/rv32imafc_zaamo_zalrsc_xxldsp/ilp32f\libc_nano.a(libc_a-dtoa.o)
                0x2000746e                _dtoa_r
 .text._free_r  0x2000805e       0xa6 E:/tools/NucleiStudio_IDE_202510-win64/NucleiStudio/toolchain/gcc/bin/../lib/gcc/riscv64-unknown-elf/14.2.1/../../../../riscv64-unknown-elf/lib/rv32imafc_zaamo_zalrsc_xxldsp/ilp32f\libc_nano.a(libc_a-freer.o)
                0x2000805e                _free_r
 .text._Balloc  0x20008104       0xa2 E:/tools/NucleiStudio_IDE_202510-win64/NucleiStudio/toolchain/gcc/bin/../lib/gcc/riscv64-unknown-elf/14.2.1/../../../../riscv64-unknown-elf/lib/rv32imafc_zaamo_zalrsc_xxldsp/ilp32f\libc_nano.a(libc_a-mprec.o)
                0x20008104                _Balloc
 .text._Bfree   0x200081a6       0x60 E:/tools/NucleiStudio_IDE_202510-win64/NucleiStudio/toolchain/gcc/bin/../lib/gcc/riscv64-unknown-elf/14.2.1/../../../../riscv64-unknown-elf/lib/rv32imafc_zaamo_zalrsc_xxldsp/ilp32f\libc_nano.a(libc_a-mprec.o)
                0x200081a6                _Bfree
 .text.__multadd
                0x20008206       0xbe E:/tools/NucleiStudio_IDE_202510-win64/NucleiStudio/toolchain/gcc/bin/../lib/gcc/riscv64-unknown-elf/14.2.1/../../../../riscv64-unknown-elf/lib/rv32imafc_zaamo_zalrsc_xxldsp/ilp32f\libc_nano.a(libc_a-mprec.o)
                0x20008206                __multadd
 .text.__hi0bits
                0x200082c4       0x46 E:/tools/NucleiStudio_IDE_202510-win64/NucleiStudio/toolchain/gcc/bin/../lib/gcc/riscv64-unknown-elf/14.2.1/../../../../riscv64-unknown-elf/lib/rv32imafc_zaamo_zalrsc_xxldsp/ilp32f\libc_nano.a(libc_a-mprec.o)
                0x200082c4                __hi0bits
 .text.__lo0bits
                0x2000830a       0x6a E:/tools/NucleiStudio_IDE_202510-win64/NucleiStudio/toolchain/gcc/bin/../lib/gcc/riscv64-unknown-elf/14.2.1/../../../../riscv64-unknown-elf/lib/rv32imafc_zaamo_zalrsc_xxldsp/ilp32f\libc_nano.a(libc_a-mprec.o)
                0x2000830a                __lo0bits
 .text.__i2b    0x20008374       0x38 E:/tools/NucleiStudio_IDE_202510-win64/NucleiStudio/toolchain/gcc/bin/../lib/gcc/riscv64-unknown-elf/14.2.1/../../../../riscv64-unknown-elf/lib/rv32imafc_zaamo_zalrsc_xxldsp/ilp32f\libc_nano.a(libc_a-mprec.o)
                0x20008374                __i2b
 .text.__multiply
                0x200083ac      0x17e E:/tools/NucleiStudio_IDE_202510-win64/NucleiStudio/toolchain/gcc/bin/../lib/gcc/riscv64-unknown-elf/14.2.1/../../../../riscv64-unknown-elf/lib/rv32imafc_zaamo_zalrsc_xxldsp/ilp32f\libc_nano.a(libc_a-mprec.o)
                0x200083ac                __multiply
 .text.__pow5mult
                0x2000852a       0xe2 E:/tools/NucleiStudio_IDE_202510-win64/NucleiStudio/toolchain/gcc/bin/../lib/gcc/riscv64-unknown-elf/14.2.1/../../../../riscv64-unknown-elf/lib/rv32imafc_zaamo_zalrsc_xxldsp/ilp32f\libc_nano.a(libc_a-mprec.o)
                0x2000852a                __pow5mult
 .text.__lshift
                0x2000860c      0x104 E:/tools/NucleiStudio_IDE_202510-win64/NucleiStudio/toolchain/gcc/bin/../lib/gcc/riscv64-unknown-elf/14.2.1/../../../../riscv64-unknown-elf/lib/rv32imafc_zaamo_zalrsc_xxldsp/ilp32f\libc_nano.a(libc_a-mprec.o)
                0x2000860c                __lshift
 .text.__mcmp   0x20008710       0x36 E:/tools/NucleiStudio_IDE_202510-win64/NucleiStudio/toolchain/gcc/bin/../lib/gcc/riscv64-unknown-elf/14.2.1/../../../../riscv64-unknown-elf/lib/rv32imafc_zaamo_zalrsc_xxldsp/ilp32f\libc_nano.a(libc_a-mprec.o)
                0x20008710                __mcmp
 .text.__mdiff  0x20008746      0x174 E:/tools/NucleiStudio_IDE_202510-win64/NucleiStudio/toolchain/gcc/bin/../lib/gcc/riscv64-unknown-elf/14.2.1/../../../../riscv64-unknown-elf/lib/rv32imafc_zaamo_zalrsc_xxldsp/ilp32f\libc_nano.a(libc_a-mprec.o)
                0x20008746                __mdiff
 .text.__d2b    0x200088ba       0xe0 E:/tools/NucleiStudio_IDE_202510-win64/NucleiStudio/toolchain/gcc/bin/../lib/gcc/riscv64-unknown-elf/14.2.1/../../../../riscv64-unknown-elf/lib/rv32imafc_zaamo_zalrsc_xxldsp/ilp32f\libc_nano.a(libc_a-mprec.o)
                0x200088ba                __d2b
 .text.__ssputs_r
                0x2000899a       0xf2 E:/tools/NucleiStudio_IDE_202510-win64/NucleiStudio/toolchain/gcc/bin/../lib/gcc/riscv64-unknown-elf/14.2.1/../../../../riscv64-unknown-elf/lib/rv32imafc_zaamo_zalrsc_xxldsp/ilp32f\libc_nano.a(libc_a-nano-svfprintf.o)
                0x2000899a                __ssputs_r
 .text._svfprintf_r
                0x20008a8c      0x288 E:/tools/NucleiStudio_IDE_202510-win64/NucleiStudio/toolchain/gcc/bin/../lib/gcc/riscv64-unknown-elf/14.2.1/../../../../riscv64-unknown-elf/lib/rv32imafc_zaamo_zalrsc_xxldsp/ilp32f\libc_nano.a(libc_a-nano-svfprintf.o)
                0x20008a8c                _svfiprintf_r
                0x20008a8c                _svfprintf_r
 .text.__sfputc_r
                0x20008d14       0x28 E:/tools/NucleiStudio_IDE_202510-win64/NucleiStudio/toolchain/gcc/bin/../lib/gcc/riscv64-unknown-elf/14.2.1/../../../../riscv64-unknown-elf/lib/rv32imafc_zaamo_zalrsc_xxldsp/ilp32f\libc_nano.a(libc_a-nano-vfprintf.o)
 .text.__sfputs_r
                0x20008d3c       0x44 E:/tools/NucleiStudio_IDE_202510-win64/NucleiStudio/toolchain/gcc/bin/../lib/gcc/riscv64-unknown-elf/14.2.1/../../../../riscv64-unknown-elf/lib/rv32imafc_zaamo_zalrsc_xxldsp/ilp32f\libc_nano.a(libc_a-nano-vfprintf.o)
                0x20008d3c                __sfputs_r
 .text._vfprintf_r
                0x20008d80      0x278 E:/tools/NucleiStudio_IDE_202510-win64/NucleiStudio/toolchain/gcc/bin/../lib/gcc/riscv64-unknown-elf/14.2.1/../../../../riscv64-unknown-elf/lib/rv32imafc_zaamo_zalrsc_xxldsp/ilp32f\libc_nano.a(libc_a-nano-vfprintf.o)
                0x20008d80                _vfprintf_r
                0x20008d80                _vfiprintf_r
 .text.std      0x20008ff8       0x6a E:/tools/NucleiStudio_IDE_202510-win64/NucleiStudio/toolchain/gcc/bin/../lib/gcc/riscv64-unknown-elf/14.2.1/../../../../riscv64-unknown-elf/lib/rv32imafc_zaamo_zalrsc_xxldsp/ilp32f\libc_nano.a(libc_a-findfp.o)
 .text.stdio_exit_handler
                0x20009062       0x1a E:/tools/NucleiStudio_IDE_202510-win64/NucleiStudio/toolchain/gcc/bin/../lib/gcc/riscv64-unknown-elf/14.2.1/../../../../riscv64-unknown-elf/lib/rv32imafc_zaamo_zalrsc_xxldsp/ilp32f\libc_nano.a(libc_a-findfp.o)
 .text.cleanup_stdio
                0x2000907c       0x4a E:/tools/NucleiStudio_IDE_202510-win64/NucleiStudio/toolchain/gcc/bin/../lib/gcc/riscv64-unknown-elf/14.2.1/../../../../riscv64-unknown-elf/lib/rv32imafc_zaamo_zalrsc_xxldsp/ilp32f\libc_nano.a(libc_a-findfp.o)
 .text.global_stdio_init.part.0
                0x200090c6       0x48 E:/tools/NucleiStudio_IDE_202510-win64/NucleiStudio/toolchain/gcc/bin/../lib/gcc/riscv64-unknown-elf/14.2.1/../../../../riscv64-unknown-elf/lib/rv32imafc_zaamo_zalrsc_xxldsp/ilp32f\libc_nano.a(libc_a-findfp.o)
 .text.__sinit  0x2000910e       0x1e E:/tools/NucleiStudio_IDE_202510-win64/NucleiStudio/toolchain/gcc/bin/../lib/gcc/riscv64-unknown-elf/14.2.1/../../../../riscv64-unknown-elf/lib/rv32imafc_zaamo_zalrsc_xxldsp/ilp32f\libc_nano.a(libc_a-findfp.o)
                0x2000910e                __sinit
 .text._fwalk_sglue
                0x2000912c       0x68 E:/tools/NucleiStudio_IDE_202510-win64/NucleiStudio/toolchain/gcc/bin/../lib/gcc/riscv64-unknown-elf/14.2.1/../../../../riscv64-unknown-elf/lib/rv32imafc_zaamo_zalrsc_xxldsp/ilp32f\libc_nano.a(libc_a-fwalk.o)
                0x2000912c                _fwalk_sglue
 .text.__sread  0x20009194       0x30 E:/tools/NucleiStudio_IDE_202510-win64/NucleiStudio/toolchain/gcc/bin/../lib/gcc/riscv64-unknown-elf/14.2.1/../../../../riscv64-unknown-elf/lib/rv32imafc_zaamo_zalrsc_xxldsp/ilp32f\libc_nano.a(libc_a-stdio.o)
                0x20009194                __sread
 .text.__swrite
                0x200091c4       0x4e E:/tools/NucleiStudio_IDE_202510-win64/NucleiStudio/toolchain/gcc/bin/../lib/gcc/riscv64-unknown-elf/14.2.1/../../../../riscv64-unknown-elf/lib/rv32imafc_zaamo_zalrsc_xxldsp/ilp32f\libc_nano.a(libc_a-stdio.o)
                0x200091c4                __swrite
 .text.__sseek  0x20009212       0x36 E:/tools/NucleiStudio_IDE_202510-win64/NucleiStudio/toolchain/gcc/bin/../lib/gcc/riscv64-unknown-elf/14.2.1/../../../../riscv64-unknown-elf/lib/rv32imafc_zaamo_zalrsc_xxldsp/ilp32f\libc_nano.a(libc_a-stdio.o)
                0x20009212                __sseek
 .text.__sclose
                0x20009248        0x6 E:/tools/NucleiStudio_IDE_202510-win64/NucleiStudio/toolchain/gcc/bin/../lib/gcc/riscv64-unknown-elf/14.2.1/../../../../riscv64-unknown-elf/lib/rv32imafc_zaamo_zalrsc_xxldsp/ilp32f\libc_nano.a(libc_a-stdio.o)
                0x20009248                __sclose
 .text.__swbuf_r
                0x2000924e       0x98 E:/tools/NucleiStudio_IDE_202510-win64/NucleiStudio/toolchain/gcc/bin/../lib/gcc/riscv64-unknown-elf/14.2.1/../../../../riscv64-unknown-elf/lib/rv32imafc_zaamo_zalrsc_xxldsp/ilp32f\libc_nano.a(libc_a-wbuf.o)
                0x2000924e                __swbuf_r
 .text.__swsetup_r
                0x200092e6       0xc2 E:/tools/NucleiStudio_IDE_202510-win64/NucleiStudio/toolchain/gcc/bin/../lib/gcc/riscv64-unknown-elf/14.2.1/../../../../riscv64-unknown-elf/lib/rv32imafc_zaamo_zalrsc_xxldsp/ilp32f\libc_nano.a(libc_a-wsetup.o)
                0x200092e6                __swsetup_r
 .text._close_r
                0x200093a8       0x30 E:/tools/NucleiStudio_IDE_202510-win64/NucleiStudio/toolchain/gcc/bin/../lib/gcc/riscv64-unknown-elf/14.2.1/../../../../riscv64-unknown-elf/lib/rv32imafc_zaamo_zalrsc_xxldsp/ilp32f\libc_nano.a(libc_a-closer.o)
                0x200093a8                _close_r
 .text._lseek_r
                0x200093d8       0x34 E:/tools/NucleiStudio_IDE_202510-win64/NucleiStudio/toolchain/gcc/bin/../lib/gcc/riscv64-unknown-elf/14.2.1/../../../../riscv64-unknown-elf/lib/rv32imafc_zaamo_zalrsc_xxldsp/ilp32f\libc_nano.a(libc_a-lseekr.o)
                0x200093d8                _lseek_r
 .text._read_r  0x2000940c       0x34 E:/tools/NucleiStudio_IDE_202510-win64/NucleiStudio/toolchain/gcc/bin/../lib/gcc/riscv64-unknown-elf/14.2.1/../../../../riscv64-unknown-elf/lib/rv32imafc_zaamo_zalrsc_xxldsp/ilp32f\libc_nano.a(libc_a-readr.o)
                0x2000940c                _read_r
 .text._write_r
                0x20009440       0x34 E:/tools/NucleiStudio_IDE_202510-win64/NucleiStudio/toolchain/gcc/bin/../lib/gcc/riscv64-unknown-elf/14.2.1/../../../../riscv64-unknown-elf/lib/rv32imafc_zaamo_zalrsc_xxldsp/ilp32f\libc_nano.a(libc_a-writer.o)
                0x20009440                _write_r
 .text.memmove  0x20009474       0x4a E:/tools/NucleiStudio_IDE_202510-win64/NucleiStudio/toolchain/gcc/bin/../lib/gcc/riscv64-unknown-elf/14.2.1/../../../../riscv64-unknown-elf/lib/rv32imafc_zaamo_zalrsc_xxldsp/ilp32f\libc_nano.a(libc_a-memmove-stub.o)
                0x20009474                memmove
 .text.__assert_func
                0x200094be       0x36 E:/tools/NucleiStudio_IDE_202510-win64/NucleiStudio/toolchain/gcc/bin/../lib/gcc/riscv64-unknown-elf/14.2.1/../../../../riscv64-unknown-elf/lib/rv32imafc_zaamo_zalrsc_xxldsp/ilp32f\libc_nano.a(libc_a-assert.o)
                0x200094be                __assert_func
 .text.__ascii_mbtowc
                0x200094f4       0x3a E:/tools/NucleiStudio_IDE_202510-win64/NucleiStudio/toolchain/gcc/bin/../lib/gcc/riscv64-unknown-elf/14.2.1/../../../../riscv64-unknown-elf/lib/rv32imafc_zaamo_zalrsc_xxldsp/ilp32f\libc_nano.a(libc_a-mbtowc_r.o)
                0x200094f4                __ascii_mbtowc
 .text._realloc_r
                0x2000952e       0x7e E:/tools/NucleiStudio_IDE_202510-win64/NucleiStudio/toolchain/gcc/bin/../lib/gcc/riscv64-unknown-elf/14.2.1/../../../../riscv64-unknown-elf/lib/rv32imafc_zaamo_zalrsc_xxldsp/ilp32f\libc_nano.a(libc_a-reallocr.o)
                0x2000952e                _realloc_r
 .text.__ascii_wctomb
                0x200095ac       0x20 E:/tools/NucleiStudio_IDE_202510-win64/NucleiStudio/toolchain/gcc/bin/../lib/gcc/riscv64-unknown-elf/14.2.1/../../../../riscv64-unknown-elf/lib/rv32imafc_zaamo_zalrsc_xxldsp/ilp32f\libc_nano.a(libc_a-wctomb_r.o)
                0x200095ac                __ascii_wctomb
 .text.__sflush_r
                0x200095cc      0x130 E:/tools/NucleiStudio_IDE_202510-win64/NucleiStudio/toolchain/gcc/bin/../lib/gcc/riscv64-unknown-elf/14.2.1/../../../../riscv64-unknown-elf/lib/rv32imafc_zaamo_zalrsc_xxldsp/ilp32f\libc_nano.a(libc_a-fflush.o)
                0x200095cc                __sflush_r
 .text._fflush_r
                0x200096fc       0x3a E:/tools/NucleiStudio_IDE_202510-win64/NucleiStudio/toolchain/gcc/bin/../lib/gcc/riscv64-unknown-elf/14.2.1/../../../../riscv64-unknown-elf/lib/rv32imafc_zaamo_zalrsc_xxldsp/ilp32f\libc_nano.a(libc_a-fflush.o)
                0x200096fc                _fflush_r
 .text.fprintf  0x20009736       0x26 E:/tools/NucleiStudio_IDE_202510-win64/NucleiStudio/toolchain/gcc/bin/../lib/gcc/riscv64-unknown-elf/14.2.1/../../../../riscv64-unknown-elf/lib/rv32imafc_zaamo_zalrsc_xxldsp/ilp32f\libc_nano.a(libc_a-fprintf.o)
                0x20009736                fiprintf
                0x20009736                fprintf
 .text.__swhatbuf_r
                0x2000975c       0x5a E:/tools/NucleiStudio_IDE_202510-win64/NucleiStudio/toolchain/gcc/bin/../lib/gcc/riscv64-unknown-elf/14.2.1/../../../../riscv64-unknown-elf/lib/rv32imafc_zaamo_zalrsc_xxldsp/ilp32f\libc_nano.a(libc_a-makebuf.o)
                0x2000975c                __swhatbuf_r
 .text.__smakebuf_r
                0x200097b6       0x86 E:/tools/NucleiStudio_IDE_202510-win64/NucleiStudio/toolchain/gcc/bin/../lib/gcc/riscv64-unknown-elf/14.2.1/../../../../riscv64-unknown-elf/lib/rv32imafc_zaamo_zalrsc_xxldsp/ilp32f\libc_nano.a(libc_a-makebuf.o)
                0x200097b6                __smakebuf_r
 .text._fstat_r
                0x2000983c       0x32 E:/tools/NucleiStudio_IDE_202510-win64/NucleiStudio/toolchain/gcc/bin/../lib/gcc/riscv64-unknown-elf/14.2.1/../../../../riscv64-unknown-elf/lib/rv32imafc_zaamo_zalrsc_xxldsp/ilp32f\libc_nano.a(libc_a-fstatr.o)
                0x2000983c                _fstat_r
 .text._isatty_r
                0x2000986e       0x30 E:/tools/NucleiStudio_IDE_202510-win64/NucleiStudio/toolchain/gcc/bin/../lib/gcc/riscv64-unknown-elf/14.2.1/../../../../riscv64-unknown-elf/lib/rv32imafc_zaamo_zalrsc_xxldsp/ilp32f\libc_nano.a(libc_a-isattyr.o)
                0x2000986e                _isatty_r
 .text.abort    0x2000989e        0xe E:/tools/NucleiStudio_IDE_202510-win64/NucleiStudio/toolchain/gcc/bin/../lib/gcc/riscv64-unknown-elf/14.2.1/../../../../riscv64-unknown-elf/lib/rv32imafc_zaamo_zalrsc_xxldsp/ilp32f\libc_nano.a(libc_a-abort.o)
                0x2000989e                abort
 .text._malloc_usable_size_r
                0x200098ac       0x14 E:/tools/NucleiStudio_IDE_202510-win64/NucleiStudio/toolchain/gcc/bin/../lib/gcc/riscv64-unknown-elf/14.2.1/../../../../riscv64-unknown-elf/lib/rv32imafc_zaamo_zalrsc_xxldsp/ilp32f\libc_nano.a(libc_a-msizer.o)
                0x200098ac                _malloc_usable_size_r
 .text._raise_r
                0x200098c0       0x5e E:/tools/NucleiStudio_IDE_202510-win64/NucleiStudio/toolchain/gcc/bin/../lib/gcc/riscv64-unknown-elf/14.2.1/../../../../riscv64-unknown-elf/lib/rv32imafc_zaamo_zalrsc_xxldsp/ilp32f\libc_nano.a(libc_a-signal.o)
                0x200098c0                _raise_r
 .text.raise    0x2000991e        0xa E:/tools/NucleiStudio_IDE_202510-win64/NucleiStudio/toolchain/gcc/bin/../lib/gcc/riscv64-unknown-elf/14.2.1/../../../../riscv64-unknown-elf/lib/rv32imafc_zaamo_zalrsc_xxldsp/ilp32f\libc_nano.a(libc_a-signal.o)
                0x2000991e                raise
 .text._kill_r  0x20009928       0x32 E:/tools/NucleiStudio_IDE_202510-win64/NucleiStudio/toolchain/gcc/bin/../lib/gcc/riscv64-unknown-elf/14.2.1/../../../../riscv64-unknown-elf/lib/rv32imafc_zaamo_zalrsc_xxldsp/ilp32f\libc_nano.a(libc_a-signalr.o)
                0x20009928                _kill_r
 .text._getpid_r
                0x2000995a        0x4 E:/tools/NucleiStudio_IDE_202510-win64/NucleiStudio/toolchain/gcc/bin/../lib/gcc/riscv64-unknown-elf/14.2.1/../../../../riscv64-unknown-elf/lib/rv32imafc_zaamo_zalrsc_xxldsp/ilp32f\libc_nano.a(libc_a-signalr.o)
                0x2000995a                _getpid_r
 .text          0x2000995e      0x372 E:/tools/NucleiStudio_IDE_202510-win64/NucleiStudio/toolchain/gcc/bin/../lib/gcc/riscv64-unknown-elf/14.2.1/rv32imafc_zaamo_zalrsc_xxldsp/ilp32f\libgcc.a(_udivdi3.o)
                0x2000995e                __udivdi3
 .text          0x20009cd0      0x35c E:/tools/NucleiStudio_IDE_202510-win64/NucleiStudio/toolchain/gcc/bin/../lib/gcc/riscv64-unknown-elf/14.2.1/rv32imafc_zaamo_zalrsc_xxldsp/ilp32f\libgcc.a(_umoddi3.o)
                0x20009cd0                __umoddi3
 .text          0x2000a02c      0x824 E:/tools/NucleiStudio_IDE_202510-win64/NucleiStudio/toolchain/gcc/bin/../lib/gcc/riscv64-unknown-elf/14.2.1/rv32imafc_zaamo_zalrsc_xxldsp/ilp32f\libgcc.a(adddf3.o)
                0x2000a02c                __adddf3
 .text          0x2000a850      0x68c E:/tools/NucleiStudio_IDE_202510-win64/NucleiStudio/toolchain/gcc/bin/../lib/gcc/riscv64-unknown-elf/14.2.1/rv32imafc_zaamo_zalrsc_xxldsp/ilp32f\libgcc.a(divdf3.o)
                0x2000a850                __divdf3
 .text          0x2000aedc       0xa8 E:/tools/NucleiStudio_IDE_202510-win64/NucleiStudio/toolchain/gcc/bin/../lib/gcc/riscv64-unknown-elf/14.2.1/rv32imafc_zaamo_zalrsc_xxldsp/ilp32f\libgcc.a(eqdf2.o)
                0x2000aedc                __nedf2
                0x2000aedc                __eqdf2
 .text          0x2000af84       0xae E:/tools/NucleiStudio_IDE_202510-win64/NucleiStudio/toolchain/gcc/bin/../lib/gcc/riscv64-unknown-elf/14.2.1/rv32imafc_zaamo_zalrsc_xxldsp/ilp32f\libgcc.a(gedf2.o)
                0x2000af84                __gedf2
                0x2000af84                __gtdf2
 .text          0x2000b032       0xae E:/tools/NucleiStudio_IDE_202510-win64/NucleiStudio/toolchain/gcc/bin/../lib/gcc/riscv64-unknown-elf/14.2.1/rv32imafc_zaamo_zalrsc_xxldsp/ilp32f\libgcc.a(ledf2.o)
                0x2000b032                __ledf2
                0x2000b032                __ltdf2
 .text          0x2000b0e0      0x586 E:/tools/NucleiStudio_IDE_202510-win64/NucleiStudio/toolchain/gcc/bin/../lib/gcc/riscv64-unknown-elf/14.2.1/rv32imafc_zaamo_zalrsc_xxldsp/ilp32f\libgcc.a(muldf3.o)
                0x2000b0e0                __muldf3
 .text          0x2000b666      0x82e E:/tools/NucleiStudio_IDE_202510-win64/NucleiStudio/toolchain/gcc/bin/../lib/gcc/riscv64-unknown-elf/14.2.1/rv32imafc_zaamo_zalrsc_xxldsp/ilp32f\libgcc.a(subdf3.o)
                0x2000b666                __subdf3
 .text          0x2000be94       0x6a E:/tools/NucleiStudio_IDE_202510-win64/NucleiStudio/toolchain/gcc/bin/../lib/gcc/riscv64-unknown-elf/14.2.1/rv32imafc_zaamo_zalrsc_xxldsp/ilp32f\libgcc.a(unorddf2.o)
                0x2000be94                __unorddf2
 .text          0x2000befe       0xbe E:/tools/NucleiStudio_IDE_202510-win64/NucleiStudio/toolchain/gcc/bin/../lib/gcc/riscv64-unknown-elf/14.2.1/rv32imafc_zaamo_zalrsc_xxldsp/ilp32f\libgcc.a(fixdfsi.o)
                0x2000befe                __fixdfsi
 .text          0x2000bfbc       0x64 E:/tools/NucleiStudio_IDE_202510-win64/NucleiStudio/toolchain/gcc/bin/../lib/gcc/riscv64-unknown-elf/14.2.1/rv32imafc_zaamo_zalrsc_xxldsp/ilp32f\libgcc.a(floatsidf.o)
                0x2000bfbc                __floatsidf
 .text          0x2000c020       0x4c E:/tools/NucleiStudio_IDE_202510-win64/NucleiStudio/toolchain/gcc/bin/../lib/gcc/riscv64-unknown-elf/14.2.1/rv32imafc_zaamo_zalrsc_xxldsp/ilp32f\libgcc.a(floatunsidf.o)
                0x2000c020                __floatunsidf
 .text          0x2000c06c      0x36a E:/tools/NucleiStudio_IDE_202510-win64/NucleiStudio/toolchain/gcc/bin/../lib/gcc/riscv64-unknown-elf/14.2.1/rv32imafc_zaamo_zalrsc_xxldsp/ilp32f\libgcc.a(trunctfdf2.o)
                0x2000c06c                __trunctfdf2
 .text          0x2000c3d6       0x3c E:/tools/NucleiStudio_IDE_202510-win64/NucleiStudio/toolchain/gcc/bin/../lib/gcc/riscv64-unknown-elf/14.2.1/rv32imafc_zaamo_zalrsc_xxldsp/ilp32f\libgcc.a(_clzsi2.o)
                0x2000c3d6                __clzsi2
 .text._getpid  0x2000c412        0x4 E:/tools/NucleiStudio_IDE_202510-win64/NucleiStudio/toolchain/gcc/bin/../lib/gcc/riscv64-unknown-elf/14.2.1/../../../../riscv64-unknown-elf/lib/rv32imafc_zaamo_zalrsc_xxldsp/ilp32f\libsemihost.a(riscv_libsemihost_a-sys_getpid.o)
                0x2000c412                _getpid
 .text._kill    0x2000c416       0x12 E:/tools/NucleiStudio_IDE_202510-win64/NucleiStudio/toolchain/gcc/bin/../lib/gcc/riscv64-unknown-elf/14.2.1/../../../../riscv64-unknown-elf/lib/rv32imafc_zaamo_zalrsc_xxldsp/ilp32f\libsemihost.a(riscv_libsemihost_a-sys_kill.o)
                0x2000c416                _kill
 *fill*         0x2000c428        0x8 
 .text._close   0x2000c430       0x6a E:/tools/NucleiStudio_IDE_202510-win64/NucleiStudio/toolchain/gcc/bin/../lib/gcc/riscv64-unknown-elf/14.2.1/../../../../riscv64-unknown-elf/lib/rv32imafc_zaamo_zalrsc_xxldsp/ilp32f\libsemihost.a(riscv_libsemihost_a-semihost-sys_close.o)
                0x2000c430                _close
 *fill*         0x2000c49a        0x6 
 .text.__semihost_syscall
                0x2000c4a0       0x12 E:/tools/NucleiStudio_IDE_202510-win64/NucleiStudio/toolchain/gcc/bin/../lib/gcc/riscv64-unknown-elf/14.2.1/../../../../riscv64-unknown-elf/lib/rv32imafc_zaamo_zalrsc_xxldsp/ilp32f\libsemihost.a(riscv_libsemihost_a-semihost-sys_exit.o)
 .text._exit    0x2000c4b2       0x2a E:/tools/NucleiStudio_IDE_202510-win64/NucleiStudio/toolchain/gcc/bin/../lib/gcc/riscv64-unknown-elf/14.2.1/../../../../riscv64-unknown-elf/lib/rv32imafc_zaamo_zalrsc_xxldsp/ilp32f\libsemihost.a(riscv_libsemihost_a-semihost-sys_exit.o)
                0x2000c4b2                _exit
 .text.__add_fdentry
                0x2000c4dc       0x42 E:/tools/NucleiStudio_IDE_202510-win64/NucleiStudio/toolchain/gcc/bin/../lib/gcc/riscv64-unknown-elf/14.2.1/../../../../riscv64-unknown-elf/lib/rv32imafc_zaamo_zalrsc_xxldsp/ilp32f\libsemihost.a(riscv_libsemihost_a-semihost-sys_fdtable.o)
                0x2000c4dc                __add_fdentry
 .text.__get_fdentry
                0x2000c51e       0x2e E:/tools/NucleiStudio_IDE_202510-win64/NucleiStudio/toolchain/gcc/bin/../lib/gcc/riscv64-unknown-elf/14.2.1/../../../../riscv64-unknown-elf/lib/rv32imafc_zaamo_zalrsc_xxldsp/ilp32f\libsemihost.a(riscv_libsemihost_a-semihost-sys_fdtable.o)
                0x2000c51e                __get_fdentry
 .text.__remove_fdentry
                0x2000c54c       0x12 E:/tools/NucleiStudio_IDE_202510-win64/NucleiStudio/toolchain/gcc/bin/../lib/gcc/riscv64-unknown-elf/14.2.1/../../../../riscv64-unknown-elf/lib/rv32imafc_zaamo_zalrsc_xxldsp/ilp32f\libsemihost.a(riscv_libsemihost_a-semihost-sys_fdtable.o)
                0x2000c54c                __remove_fdentry
 .text._fstat   0x2000c55e       0x22 E:/tools/NucleiStudio_IDE_202510-win64/NucleiStudio/toolchain/gcc/bin/../lib/gcc/riscv64-unknown-elf/14.2.1/../../../../riscv64-unknown-elf/lib/rv32imafc_zaamo_zalrsc_xxldsp/ilp32f\libsemihost.a(riscv_libsemihost_a-semihost-sys_fstat.o)
                0x2000c55e                _fstat
 *fill*         0x2000c580        0x0 
 .text._isatty  0x2000c580       0x64 E:/tools/NucleiStudio_IDE_202510-win64/NucleiStudio/toolchain/gcc/bin/../lib/gcc/riscv64-unknown-elf/14.2.1/../../../../riscv64-unknown-elf/lib/rv32imafc_zaamo_zalrsc_xxldsp/ilp32f\libsemihost.a(riscv_libsemihost_a-semihost-sys_isatty.o)
                0x2000c580                _isatty
 *fill*         0x2000c5e4        0xc 
 .text._lseek   0x2000c5f0       0xd8 E:/tools/NucleiStudio_IDE_202510-win64/NucleiStudio/toolchain/gcc/bin/../lib/gcc/riscv64-unknown-elf/14.2.1/../../../../riscv64-unknown-elf/lib/rv32imafc_zaamo_zalrsc_xxldsp/ilp32f\libsemihost.a(riscv_libsemihost_a-semihost-sys_lseek.o)
                0x2000c5f0                _lseek
 *fill*         0x2000c6c8        0x8 
 .text._open    0x2000c6d0       0xc2 E:/tools/NucleiStudio_IDE_202510-win64/NucleiStudio/toolchain/gcc/bin/../lib/gcc/riscv64-unknown-elf/14.2.1/../../../../riscv64-unknown-elf/lib/rv32imafc_zaamo_zalrsc_xxldsp/ilp32f\libsemihost.a(riscv_libsemihost_a-semihost-sys_open.o)
                0x2000c6d0                _open
 *fill*         0x2000c792        0xe 
 .text._read    0x2000c7a0       0x70 E:/tools/NucleiStudio_IDE_202510-win64/NucleiStudio/toolchain/gcc/bin/../lib/gcc/riscv64-unknown-elf/14.2.1/../../../../riscv64-unknown-elf/lib/rv32imafc_zaamo_zalrsc_xxldsp/ilp32f\libsemihost.a(riscv_libsemihost_a-semihost-sys_read.o)
                0x2000c7a0                _read
 .text._sbrk    0x2000c810       0x24 E:/tools/NucleiStudio_IDE_202510-win64/NucleiStudio/toolchain/gcc/bin/../lib/gcc/riscv64-unknown-elf/14.2.1/../../../../riscv64-unknown-elf/lib/rv32imafc_zaamo_zalrsc_xxldsp/ilp32f\libsemihost.a(riscv_libsemihost_a-semihost-sys_sbrk.o)
                0x2000c810                _sbrk
 *fill*         0x2000c834        0xc 
 .text.__stat_common
                0x2000c840       0x6c E:/tools/NucleiStudio_IDE_202510-win64/NucleiStudio/toolchain/gcc/bin/../lib/gcc/riscv64-unknown-elf/14.2.1/../../../../riscv64-unknown-elf/lib/rv32imafc_zaamo_zalrsc_xxldsp/ilp32f\libsemihost.a(riscv_libsemihost_a-semihost-sys_stat_common.o)
                0x2000c840                __stat_common
 *fill*         0x2000c8ac        0x4 
 .text._write   0x2000c8b0       0x6a E:/tools/NucleiStudio_IDE_202510-win64/NucleiStudio/toolchain/gcc/bin/../lib/gcc/riscv64-unknown-elf/14.2.1/../../../../riscv64-unknown-elf/lib/rv32imafc_zaamo_zalrsc_xxldsp/ilp32f\libsemihost.a(riscv_libsemihost_a-semihost-sys_write.o)
                0x2000c8b0                _write
 .text.vpi_pool_init
                0x2000c91a       0xc8 E:\VeriHealthi_QEMU_SDK.202606_preliminary\VeriHealthi_QEMU_SDK_v3.7\VeriHealthi_QEMU_SDK_v3.7\galaxy_sdk\modules\lib\libcommon_riscv.a(list_pool.c.o)
                0x2000c91a                vpi_pool_init
 .text.vpi_pool_put_buf_back
                0x2000c9e2       0x38 E:\VeriHealthi_QEMU_SDK.202606_preliminary\VeriHealthi_QEMU_SDK_v3.7\VeriHealthi_QEMU_SDK_v3.7\galaxy_sdk\modules\lib\libcommon_riscv.a(list_pool.c.o)
                0x2000c9e2                vpi_pool_put_buf_back
 .text.vpi_pool_get_buf
                0x2000ca1a       0x3e E:\VeriHealthi_QEMU_SDK.202606_preliminary\VeriHealthi_QEMU_SDK_v3.7\VeriHealthi_QEMU_SDK_v3.7\galaxy_sdk\modules\lib\libcommon_riscv.a(list_pool.c.o)
                0x2000ca1a                vpi_pool_get_buf
 .text.osal_create_spinlock
                0x2000ca58        0x4 E:\VeriHealthi_QEMU_SDK.202606_preliminary\VeriHealthi_QEMU_SDK_v3.7\VeriHealthi_QEMU_SDK_v3.7\galaxy_sdk\osal\lib\libosal_riscv.a(osal_spinlock.c.o)
                0x2000ca58                osal_create_spinlock
 .text.osal_unlock_spinlock
                0x2000ca5c       0x10 E:\VeriHealthi_QEMU_SDK.202606_preliminary\VeriHealthi_QEMU_SDK_v3.7\VeriHealthi_QEMU_SDK_v3.7\galaxy_sdk\osal\lib\libosal_riscv.a(osal_spinlock.c.o)
                0x2000ca5c                osal_unlock_spinlock
 .text.osal_lock_spinlock
                0x2000ca6c       0x10 E:\VeriHealthi_QEMU_SDK.202606_preliminary\VeriHealthi_QEMU_SDK_v3.7\VeriHealthi_QEMU_SDK_v3.7\galaxy_sdk\osal\lib\libosal_riscv.a(osal_spinlock.c.o)
                0x2000ca6c                osal_lock_spinlock
 .text.__errno  0x2000ca7c        0x6 E:/tools/NucleiStudio_IDE_202510-win64/NucleiStudio/toolchain/gcc/bin/../lib/gcc/riscv64-unknown-elf/14.2.1/../../../../riscv64-unknown-elf/lib/rv32imafc_zaamo_zalrsc_xxldsp/ilp32f\libc_nano.a(libc_a-errno.o)
                0x2000ca7c                __errno
 *(.gnu.linkonce.t.*)
                0x2000ca88                        . = ALIGN (0x8)
 *fill*         0x2000ca82        0x6 
 *(.srodata.cst16)
 *(.srodata.cst8)
 .srodata.cst8  0x2000ca88       0x50 E:/tools/NucleiStudio_IDE_202510-win64/NucleiStudio/toolchain/gcc/bin/../lib/gcc/riscv64-unknown-elf/14.2.1/../../../../riscv64-unknown-elf/lib/rv32imafc_zaamo_zalrsc_xxldsp/ilp32f\libc_nano.a(libc_a-nano-vfprintf_float.o)
                                  0x8 (size before relaxing)
 .srodata.cst8  0x2000cad8       0x48 E:/tools/NucleiStudio_IDE_202510-win64/NucleiStudio/toolchain/gcc/bin/../lib/gcc/riscv64-unknown-elf/14.2.1/../../../../riscv64-unknown-elf/lib/rv32imafc_zaamo_zalrsc_xxldsp/ilp32f\libc_nano.a(libc_a-dtoa.o)
 *(.srodata.cst4)
 *(.srodata.cst2)
 *(.srodata .srodata.*)
 .srodata.qemu_board_name
                0x2000cad8        0x5 ./galaxy_sdk/bsp/src/qemu_board.o
 *fill*         0x2000cadd        0x3 
 .srodata.uxTopUsedPriority
                0x2000cae0        0x4 E:\VeriHealthi_QEMU_SDK.202606_preliminary\VeriHealthi_QEMU_SDK_v3.7\VeriHealthi_QEMU_SDK_v3.7\galaxy_sdk\os\lib\libos_riscv.a(tasks.c.o)
                0x2000cae0                uxTopUsedPriority
 *(.rdata)
 *(.rodata .rodata.*)
 .rodata.qemu_board_ops
                0x2000cae4        0xc ./galaxy_sdk/bsp/src/qemu_board.o
                0x2000cae4                qemu_board_ops
 .rodata.imu_sensor_config
                0x2000caf0        0xc ./galaxy_sdk/bsp/src/qemu_board.o
 .rodata.task_init_app.str1.4
                0x2000cafc      0xdad ./galaxy_sdk/main.o
                                 0x7d (size before relaxing)
 .rodata.algo_event_handler.str1.4
                0x2000d8a9       0x27 ./galaxy_sdk/main.o
 .rodata.algo_task.str1.4
                0x2000d8a9       0x1d ./galaxy_sdk/main.o
 .rodata.imu_task.str1.4
                0x2000d8a9      0x189 ./galaxy_sdk/main.o
 .rodata.imu_event_handler.str1.4
                0x2000d8a9       0x4b ./galaxy_sdk/main.o
 .rodata.main.str1.4
                0x2000d8a9       0x2d ./galaxy_sdk/main.o
 .rodata.vApplicationStackOverflowHook.str1.4
                0x2000d8a9       0x1d E:\VeriHealthi_QEMU_SDK.202606_preliminary\VeriHealthi_QEMU_SDK_v3.7\VeriHealthi_QEMU_SDK_v3.7\galaxy_sdk\bsp\lib\libbsp_riscv.a(port.c.o)
 .rodata.vApplicationMallocFailedHook.str1.4
                0x2000d8a9        0xe E:\VeriHealthi_QEMU_SDK.202606_preliminary\VeriHealthi_QEMU_SDK_v3.7\VeriHealthi_QEMU_SDK_v3.7\galaxy_sdk\bsp\lib\libbsp_riscv.a(port.c.o)
 .rodata.system_default_exception_handler.str1.4
                0x2000d8a9       0x71 E:\VeriHealthi_QEMU_SDK.202606_preliminary\VeriHealthi_QEMU_SDK_v3.7\VeriHealthi_QEMU_SDK_v3.7\galaxy_sdk\bsp\lib\libbsp_riscv.a(system_pegasus.c.o)
 .rodata.timer_handler.str1.4
                0x2000d8a9       0x3e E:\VeriHealthi_QEMU_SDK.202606_preliminary\VeriHealthi_QEMU_SDK_v3.7\VeriHealthi_QEMU_SDK_v3.7\galaxy_sdk\drivers\lib\libdriver_riscv.a(imu_simulator.c.o)
 .rodata.bmi160_set_gyro_cfg.str1.4
                0x2000d8a9       0x44 E:\VeriHealthi_QEMU_SDK.202606_preliminary\VeriHealthi_QEMU_SDK_v3.7\VeriHealthi_QEMU_SDK_v3.7\galaxy_sdk\drivers\lib\libdriver_riscv.a(imu_simulator.c.o)
 .rodata.bmi160_set_accel_cfg.str1.4
                0x2000d8a9       0x45 E:\VeriHealthi_QEMU_SDK.202606_preliminary\VeriHealthi_QEMU_SDK_v3.7\VeriHealthi_QEMU_SDK_v3.7\galaxy_sdk\drivers\lib\libdriver_riscv.a(imu_simulator.c.o)
 *fill*         0x2000d8a9        0x3 
 .rodata.bmi160_set_accel_cfg
                0x2000d8ac       0x20 E:\VeriHealthi_QEMU_SDK.202606_preliminary\VeriHealthi_QEMU_SDK_v3.7\VeriHealthi_QEMU_SDK_v3.7\galaxy_sdk\drivers\lib\libdriver_riscv.a(imu_simulator.c.o)
 .rodata.bmi160_init.str1.4
                0x2000d8cc       0x39 E:\VeriHealthi_QEMU_SDK.202606_preliminary\VeriHealthi_QEMU_SDK_v3.7\VeriHealthi_QEMU_SDK_v3.7\galaxy_sdk\drivers\lib\libdriver_riscv.a(imu_simulator.c.o)
 .rodata.bmi160_set_suspend_mode.str1.4
                0x2000d8cc       0x23 E:\VeriHealthi_QEMU_SDK.202606_preliminary\VeriHealthi_QEMU_SDK_v3.7\VeriHealthi_QEMU_SDK_v3.7\galaxy_sdk\drivers\lib\libdriver_riscv.a(imu_simulator.c.o)
 .rodata.bmi160_set_suspend_mode
                0x2000d8cc       0x18 E:\VeriHealthi_QEMU_SDK.202606_preliminary\VeriHealthi_QEMU_SDK_v3.7\VeriHealthi_QEMU_SDK_v3.7\galaxy_sdk\drivers\lib\libdriver_riscv.a(imu_simulator.c.o)
 .rodata.bmi160_set_normal_mode.str1.4
                0x2000d8e4       0x70 E:\VeriHealthi_QEMU_SDK.202606_preliminary\VeriHealthi_QEMU_SDK_v3.7\VeriHealthi_QEMU_SDK_v3.7\galaxy_sdk\drivers\lib\libdriver_riscv.a(imu_simulator.c.o)
 .rodata.bmi160_set_normal_mode
                0x2000d8e4       0x18 E:\VeriHealthi_QEMU_SDK.202606_preliminary\VeriHealthi_QEMU_SDK_v3.7\VeriHealthi_QEMU_SDK_v3.7\galaxy_sdk\drivers\lib\libdriver_riscv.a(imu_simulator.c.o)
 .rodata.bmi160_get_fifo_data.str1.4
                0x2000d8fc       0x39 E:\VeriHealthi_QEMU_SDK.202606_preliminary\VeriHealthi_QEMU_SDK_v3.7\VeriHealthi_QEMU_SDK_v3.7\galaxy_sdk\drivers\lib\libdriver_riscv.a(imu_simulator.c.o)
 .rodata.bmi160_fifo_parsing_gyro_accel.str1.4
                0x2000d8fc      0x1b7 E:\VeriHealthi_QEMU_SDK.202606_preliminary\VeriHealthi_QEMU_SDK_v3.7\VeriHealthi_QEMU_SDK_v3.7\galaxy_sdk\drivers\lib\libdriver_riscv.a(imu_simulator.c.o)
 .rodata.bmi160_fifo_parsing_accel.str1.4
                0x2000d8fc      0x196 E:\VeriHealthi_QEMU_SDK.202606_preliminary\VeriHealthi_QEMU_SDK_v3.7\VeriHealthi_QEMU_SDK_v3.7\galaxy_sdk\drivers\lib\libdriver_riscv.a(imu_simulator.c.o)
 .rodata.imu_simulator_ops
                0x2000d8fc       0x84 E:\VeriHealthi_QEMU_SDK.202606_preliminary\VeriHealthi_QEMU_SDK_v3.7\VeriHealthi_QEMU_SDK_v3.7\galaxy_sdk\drivers\lib\libdriver_riscv.a(imu_simulator.c.o)
                0x2000d8fc                imu_simulator_ops
 .rodata.imu_simu_data
                0x2000d980    0x4ed30 E:\VeriHealthi_QEMU_SDK.202606_preliminary\VeriHealthi_QEMU_SDK_v3.7\VeriHealthi_QEMU_SDK_v3.7\galaxy_sdk\drivers\lib\libdriver_riscv.a(imu_simulator.c.o)
 .rodata.vpi_get_event_name.str1.4
                0x2005c6b0      0x160 E:\VeriHealthi_QEMU_SDK.202606_preliminary\VeriHealthi_QEMU_SDK_v3.7\VeriHealthi_QEMU_SDK_v3.7\galaxy_sdk\modules\lib\libcommon_riscv.a(event_sys.c.o)
 .rodata.vpi_get_event_name
                0x2005c6b0       0xa0 E:\VeriHealthi_QEMU_SDK.202606_preliminary\VeriHealthi_QEMU_SDK_v3.7\VeriHealthi_QEMU_SDK_v3.7\galaxy_sdk\modules\lib\libcommon_riscv.a(event_sys.c.o)
 .rodata.vpi_event_notify_base.str1.4
                0x2005c750       0x5b E:\VeriHealthi_QEMU_SDK.202606_preliminary\VeriHealthi_QEMU_SDK_v3.7\VeriHealthi_QEMU_SDK_v3.7\galaxy_sdk\modules\lib\libcommon_riscv.a(event_notify.c.o)
 .rodata.__func__.0