Archive member included to satisfy reference by file (symbol)

E:\VeriHealthi_QEMU_SDK.202606_preliminary\VeriHealthi_QEMU_SDK_v3.7\VeriHealthi_QEMU_SDK_v3.7\galaxy_sdk\bsp\lib\libbsp_riscv.a(port.c.o)
                              ./galaxy_sdk/bsp/src/portasm.o (xPortTaskSwitch)
E:\VeriHealthi_QEMU_SDK.202606_preliminary\VeriHealthi_QEMU_SDK_v3.7\VeriHealthi_QEMU_SDK_v3.7\galaxy_sdk\bsp\lib\libbsp_riscv.a(soc_init.c.o)
                              ./galaxy_sdk/main.o (soc_init)
E:\VeriHealthi_QEMU_SDK.202606_preliminary\VeriHealthi_QEMU_SDK_v3.7\VeriHealthi_QEMU_SDK_v3.7\galaxy_sdk\bsp\lib\libbsp_riscv.a(soc_sysctl.c.o)
                              E:\VeriHealthi_QEMU_SDK.202606_preliminary\VeriHealthi_QEMU_SDK_v3.7\VeriHealthi_QEMU_SDK_v3.7\galaxy_sdk\bsp\lib\libbsp_riscv.a(port.c.o) (soc_rtc_clock_get_freq)
E:\VeriHealthi_QEMU_SDK.202606_preliminary\VeriHealthi_QEMU_SDK_v3.7\VeriHealthi_QEMU_SDK_v3.7\galaxy_sdk\bsp\lib\libbsp_riscv.a(system_pegasus.c.o)
                              ./galaxy_sdk/bsp/src/startup_riscv.o (premain_system_init)
E:\VeriHealthi_QEMU_SDK.202606_preliminary\VeriHealthi_QEMU_SDK_v3.7\VeriHealthi_QEMU_SDK_v3.7\galaxy_sdk\bsp\lib\libbsp_riscv.a(boot.c.o)
                              E:\VeriHealthi_QEMU_SDK.202606_preliminary\VeriHealthi_QEMU_SDK_v3.7\VeriHealthi_QEMU_SDK_v3.7\galaxy_sdk\bsp\lib\libbsp_riscv.a(soc_sysctl.c.o) (boot_get_zsp_addr)
E:\VeriHealthi_QEMU_SDK.202606_preliminary\VeriHealthi_QEMU_SDK_v3.7\VeriHealthi_QEMU_SDK_v3.7\galaxy_sdk\bsp\lib\libbsp_riscv.a(board.c.o)
                              ./galaxy_sdk/main.o (board_register)
E:\VeriHealthi_QEMU_SDK.202606_preliminary\VeriHealthi_QEMU_SDK_v3.7\VeriHealthi_QEMU_SDK_v3.7\galaxy_sdk\bsp\lib\libbsp_riscv.a(arch_api.c.o)
                              E:\VeriHealthi_QEMU_SDK.202606_preliminary\VeriHealthi_QEMU_SDK_v3.7\VeriHealthi_QEMU_SDK_v3.7\galaxy_sdk\bsp\lib\libbsp_riscv.a(port.c.o) (cpu_sleep)
E:\VeriHealthi_QEMU_SDK.202606_preliminary\VeriHealthi_QEMU_SDK_v3.7\VeriHealthi_QEMU_SDK_v3.7\galaxy_sdk\drivers\lib\libdriver_riscv.a(clock.c.o)
                              E:\VeriHealthi_QEMU_SDK.202606_preliminary\VeriHealthi_QEMU_SDK_v3.7\VeriHealthi_QEMU_SDK_v3.7\galaxy_sdk\bsp\lib\libbsp_riscv.a(soc_sysctl.c.o) (clk_get_rate)
E:\VeriHealthi_QEMU_SDK.202606_preliminary\VeriHealthi_QEMU_SDK_v3.7\VeriHealthi_QEMU_SDK_v3.7\galaxy_sdk\drivers\lib\libdriver_riscv.a(imu_simulator.c.o)
                              ./galaxy_sdk/bsp/src/qemu_board.o (imu_simulator_ops)
E:\VeriHealthi_QEMU_SDK.202606_preliminary\VeriHealthi_QEMU_SDK_v3.7\VeriHealthi_QEMU_SDK_v3.7\galaxy_sdk\modules\lib\libcommon_riscv.a(event_sys.c.o)
                              ./galaxy_sdk/main.o (vpi_event_new_manager)
E:\VeriHealthi_QEMU_SDK.202606_preliminary\VeriHealthi_QEMU_SDK_v3.7\VeriHealthi_QEMU_SDK_v3.7\galaxy_sdk\modules\lib\libcommon_riscv.a(event_notify.c.o)
                              ./galaxy_sdk/main.o (vpi_event_notify)
E:\VeriHealthi_QEMU_SDK.202606_preliminary\VeriHealthi_QEMU_SDK_v3.7\VeriHealthi_QEMU_SDK_v3.7\galaxy_sdk\modules\lib\libcommon_riscv.a(event_register.c.o)
                              ./galaxy_sdk/main.o (vpi_event_register)
E:\VeriHealthi_QEMU_SDK.202606_preliminary\VeriHealthi_QEMU_SDK_v3.7\VeriHealthi_QEMU_SDK_v3.7\galaxy_sdk\modules\lib\libcommon_riscv.a(event_listener.c.o)
                              E:\VeriHealthi_QEMU_SDK.202606_preliminary\VeriHealthi_QEMU_SDK_v3.7\VeriHealthi_QEMU_SDK_v3.7\galaxy_sdk\modules\lib\libcommon_riscv.a(event_register.c.o) (get_manager_listener)
E:\VeriHealthi_QEMU_SDK.202606_preliminary\VeriHealthi_QEMU_SDK_v3.7\VeriHealthi_QEMU_SDK_v3.7\galaxy_sdk\modules\lib\libcommon_riscv.a(event_group.c.o)
                              E:\VeriHealthi_QEMU_SDK.202606_preliminary\VeriHealthi_QEMU_SDK_v3.7\VeriHealthi_QEMU_SDK_v3.7\galaxy_sdk\modules\lib\libcommon_riscv.a(event_listener.c.o) (get_group_name)
E:\VeriHealthi_QEMU_SDK.202606_preliminary\VeriHealthi_QEMU_SDK_v3.7\VeriHealthi_QEMU_SDK_v3.7\galaxy_sdk\modules\lib\libcommon_riscv.a(event_task.c.o)
                              E:\VeriHealthi_QEMU_SDK.202606_preliminary\VeriHealthi_QEMU_SDK_v3.7\VeriHealthi_QEMU_SDK_v3.7\galaxy_sdk\modules\lib\libcommon_riscv.a(event_notify.c.o) (listener_task_dispatch_event)
E:\VeriHealthi_QEMU_SDK.202606_preliminary\VeriHealthi_QEMU_SDK_v3.7\VeriHealthi_QEMU_SDK_v3.7\galaxy_sdk\modules\lib\libcommon_riscv.a(vs_logging.c.o)
                              E:\VeriHealthi_QEMU_SDK.202606_preliminary\VeriHealthi_QEMU_SDK_v3.7\VeriHealthi_QEMU_SDK_v3.7\galaxy_sdk\modules\lib\libcommon_riscv.a(event_notify.c.o) (vs_logging_level)
E:\VeriHealthi_QEMU_SDK.202606_preliminary\VeriHealthi_QEMU_SDK_v3.7\VeriHealthi_QEMU_SDK_v3.7\galaxy_sdk\modules\lib\libcommon_riscv.a(uart_printf.c.o)
                              ./galaxy_sdk/main.o (uart_printf)
[...]
Memory Configuration

Name             Origin             Length             Attributes
flash            0x20000000         0x00300000         axr!w
ram              0x90000000         0x00040000         axw!r
*default*        0x00000000         0xffffffff

Linker script and memory map

START GROUP
LOAD ./galaxy_sdk/drivers/src/hal_imu.o
LOAD ./galaxy_sdk/drivers/src/hal_rtc.o
LOAD ./galaxy_sdk/bsp/src/intexc_riscv.o
LOAD ./galaxy_sdk/bsp/src/portasm.o
LOAD ./galaxy_sdk/bsp/src/qemu_board.o
LOAD ./galaxy_sdk/bsp/src/startup_riscv.o
LOAD ./galaxy_sdk/main.o
LOAD E:/tools/NucleiStudio_IDE_202510-win64/NucleiStudio/toolchain/gcc/bin/../lib/gcc/riscv64-unknown-elf/14.2.1/../../../../riscv64-unknown-elf/lib/rv32imafc_zaamo_zalrsc_xxldsp/ilp32f\libstdc++.a
LOAD E:\VeriHealthi_QEMU_SDK.202606_preliminary\VeriHealthi_QEMU_SDK_v3.7\VeriHealthi_QEMU_SDK_v3.7\galaxy_sdk\bsp\lib\libbsp_riscv.a
LOAD E:\VeriHealthi_QEMU_SDK.202606_preliminary\VeriHealthi_QEMU_SDK_v3.7\VeriHealthi_QEMU_SDK_v3.7\galaxy_sdk\drivers\lib\libdriver_riscv.a
LOAD E:\VeriHealthi_QEMU_SDK.202606_preliminary\VeriHealthi_QEMU_SDK_v3.7\VeriHealthi_QEMU_SDK_v3.7\galaxy_sdk\modules\lib\libcommon_riscv.a
LOAD E:\VeriHealthi_QEMU_SDK.202606_preliminary\VeriHealthi_QEMU_SDK_v3.7\VeriHealthi_QEMU_SDK_v3.7\galaxy_sdk\osal\lib\libosal_riscv.a
LOAD E:\VeriHealthi_QEMU_SDK.202606_preliminary\VeriHealthi_QEMU_SDK_v3.7\VeriHealthi_QEMU_SDK_v3.7\galaxy_sdk\os\lib\libos_riscv.a
LOAD E:\VeriHealthi_QEMU_SDK.202606_preliminary\VeriHealthi_QEMU_SDK_v3.7\VeriHealthi_QEMU_SDK_v3.7\galaxy_sdk\prebuilts\bluetooth\health\libble.a
LOAD E:\VeriHealthi_QEMU_SDK.202606_preliminary\VeriHealthi_QEMU_SDK_v3.7\VeriHealthi_QEMU_SDK_v3.7\galaxy_sdk\modules\external\riscv_dsp\libnmsis_dsp_rv32imafc_xxldsp.a
LOAD E:/tools/NucleiStudio_IDE_202510-win64/NucleiStudio/toolchain/gcc/bin/../lib/gcc/riscv64-unknown-elf/14.2.1/../../../../riscv64-unknown-elf/lib/rv32imafc_zaamo_zalrsc_xxldsp/ilp32f\libc_nano.a
LOAD E:/tools/NucleiStudio_IDE_202510-win64/NucleiStudio/toolchain/gcc/bin/../lib/gcc/riscv64-unknown-elf/14.2.1/rv32imafc_zaamo_zalrsc_xxldsp/ilp32f\libgcc.a
LOAD E:/tools/NucleiStudio_IDE_202510-win64/NucleiStudio/toolchain/gcc/bin/../lib/gcc/riscv64-unknown-elf/14.2.1/../../../../riscv64-unknown-elf/lib/rv32imafc_zaamo_zalrsc_xxldsp/ilp32f\libsemihost.a
END GROUP
LOAD E:/tools/NucleiStudio_IDE_202510-win64/NucleiStudio/toolchain/gcc/bin/../lib/gcc/riscv64-unknown-elf/14.2.1/../../../../riscv64-unknown-elf/lib/rv32imafc_zaamo_zalrsc_xxldsp/ilp32f\libstdc++.a
LOAD E:/tools/NucleiStudio_IDE_202510-win64/NucleiStudio/toolchain/gcc/bin/../lib/gcc/riscv64-unknown-elf/14.2.1/../../../../riscv64-unknown-elf/lib/rv32imafc_zaamo_zalrsc_xxldsp/ilp32f\libm.a
LOAD E:/tools/NucleiStudio_IDE_202510-win64/NucleiStudio/toolchain/gcc/bin/../lib/gcc/riscv64-unknown-elf/14.2.1/rv32imafc_zaamo_zalrsc_xxldsp/ilp32f\libgcc.a
START GROUP
LOAD E:/tools/NucleiStudio_IDE_202510-win64/NucleiStudio/toolchain/gcc/bin/../lib/gcc/riscv64-unknown-elf/14.2.1/../../../../riscv64-unknown-elf/lib/rv32imafc_zaamo_zalrsc_xxldsp/ilp32f\libc.a
LOAD E:/tools/NucleiStudio_IDE_202510-win64/NucleiStudio/toolchain/gcc/bin/../lib/gcc/riscv64-unknown-elf/14.2.1/../../../../riscv64-unknown-elf/lib/rv32imafc_zaamo_zalrsc_xxldsp/ilp32f\libgloss.a
END GROUP
LOAD E:/tools/NucleiStudio_IDE_202510-win64/NucleiStudio/toolchain/gcc/bin/../lib/gcc/riscv64-unknown-elf/14.2.1/rv32imafc_zaamo_zalrsc_xxldsp/ilp32f\libgcc.a
                0x00000800                        PROVIDE (__STACK_SIZE = 0x800)
                0x00005000                        PROVIDE (__HEAP_SIZE = 0x5000)
                0x00000001                        PROVIDE (__SMP_CPU_CNT = 0x1)
                0x00000800                        __TOT_STACK_SIZE = (__STACK_SIZE * __SMP_CPU_CNT)

.init           0x20000000      0x308
 *(.vtable)
 .vtable        0x20000000      0x1a8 ./galaxy_sdk/bsp/src/startup_riscv.o
                0x20000000                vector_base
 *(SORT_NONE(.init))
 *fill*         0x200001a8       0x18 
 .init          0x200001c0      0x146 ./galaxy_sdk/bsp/src/startup_riscv.o
                0x200001c0                _start
                0x200002a6                _start_premain
                0x20000300                early_exc_entry
                0x20000308                        . = ALIGN (0x4)
 *fill*         0x20000306        0x2 

.text           0x20000340    0x5c940
 *(.text.unlikely .text.unlikely.*)
 *(.text.startup .text.startup.*)
 .text.startup.main
                0x20000340       0x50 ./galaxy_sdk/main.o
                0x20000340                main
 .text.startup.init_semihosting
                0x20000390       0x8e E:/tools/NucleiStudio_IDE_202510-win64/NucleiStudio/toolchain/gcc/bin/../lib/gcc/riscv64-unknown-elf/14.2.1/../../../../riscv64-unknown-elf/lib/rv32imafc_zaamo_zalrsc_xxldsp/ilp32f\libsemihost.a(riscv_libsemihost_a-semihost-sys_fdtable.o)
                0x20000390                init_semihosting
 *(.text .text.*)
 .text.hal_imu_device_init
                0x2000041e       0x82 ./galaxy_sdk/drivers/src/hal_imu.o
                0x2000041e                hal_imu_device_init
 .text.hal_imu_get_device
                0x200004a0       0x24 ./galaxy_sdk/drivers/src/hal_imu.o
                0x200004a0                hal_imu_get_device
 .text.hal_imu_init
                0x200004c4       0x12 ./galaxy_sdk/drivers/src/hal_imu.o
                0x200004c4                hal_imu_init
 .text.hal_imu_set_sensor_default_cfg
                0x200004d6       0x12 ./galaxy_sdk/drivers/src/hal_imu.o
                0x200004d6                hal_imu_set_sensor_default_cfg
 .text.hal_imu_set_accel_cfg
                0x200004e8       0x12 ./galaxy_sdk/drivers/src/hal_imu.o
                0x200004e8                hal_imu_set_accel_cfg
 .text.hal_imu_set_gyro_cfg
                0x200004fa       0x12 ./galaxy_sdk/drivers/src/hal_imu.o
                0x200004fa                hal_imu_set_gyro_cfg
 .text.hal_imu_set_work_mode
                0x2000050c       0x32 ./galaxy_sdk/drivers/src/hal_imu.o
                0x2000050c                hal_imu_set_work_mode
 .text.hal_imu_set_fifo_wm
                0x2000053e       0x12 ./galaxy_sdk/drivers/src/hal_imu.o
                0x2000053e                hal_imu_set_fifo_wm
 .text.hal_imu_set_fifo_cfg
                0x20000550       0x12 ./galaxy_sdk/drivers/src/hal_imu.o
                0x20000550                hal_imu_set_fifo_cfg
 .text.hal_imu_flush_fifo
                0x20000562       0x12 ./galaxy_sdk/drivers/src/hal_imu.o
                0x20000562                hal_imu_flush_fifo
 .text.hal_imu_get_fifo_data
                0x20000574       0x12 ./galaxy_sdk/drivers/src/hal_imu.o
                0x20000574                hal_imu_get_fifo_data
 .text.hal_imu_read_gyro_accel
                0x20000586       0x16 ./galaxy_sdk/drivers/src/hal_imu.o
                0x20000586                hal_imu_read_gyro_accel
 .text.hal_imu_cfg_interrupt
                0x2000059c       0x12 ./galaxy_sdk/drivers/src/hal_imu.o
                0x2000059c                hal_imu_cfg_interrupt
 .text.hal_imu_enable_interrupt
                0x200005ae       0x12 ./galaxy_sdk/drivers/src/hal_imu.o
                0x200005ae                hal_imu_enable_interrupt
 .text.hal_imu_enable_power
                0x200005c0       0x12 ./galaxy_sdk/drivers/src/hal_imu.o
                0x200005c0                hal_imu_enable_power
 *fill*         0x200005d2       0x2e 
 .text.trap     0x20000600       0x7e ./galaxy_sdk/bsp/src/portasm.o
                0x20000600                exc_entry
 *fill*         0x2000067e        0x2 
 .text.irq      0x20000680      0x25a ./galaxy_sdk/bsp/src/portasm.o
                0x20000680                irq_entry
                0x200006fa                default_intexc_handler
                0x20000700                prvPortStartFirstTask
                0x200007a4                eclic_msip_handler
 .text.qemu_board_find_device
                0x200008da        0x4 ./galaxy_sdk/bsp/src/qemu_board.o
                0x200008da                qemu_board_find_device
 .text.board_get_ops
                0x200008de        0xa ./galaxy_sdk/bsp/src/qemu_board.o
                0x200008de                board_get_ops
 .text.task_init_app
                0x200008e8       0xd0 ./galaxy_sdk/main.o
 .text.algo_event_handler
                0x200009b8      0x2a8 ./galaxy_sdk/main.o
 .text.imu_data_ready_isr
                0x20000c60        0x8 ./galaxy_sdk/main.o
 .text.algo_task
                0x20000c68       0x3e ./galaxy_sdk/main.o
 .text.imu_task
                0x20000ca6      0x24c ./galaxy_sdk/main.o
 .text.imu_event_handler
                0x20000ef2      0x1c8 ./galaxy_sdk/main.o
 .text.prvTaskExitError
                0x200010ba       0x48 E:\VeriHealthi_QEMU_SDK.202606_preliminary\VeriHealthi_QEMU_SDK_v3.7\VeriHealthi_QEMU_SDK_v3.7\galaxy_sdk\bsp\lib\libbsp_riscv.a(port.c.o)
 .text.pxPortInitialiseStack
                0x20001102       0x46 E:\VeriHealthi_QEMU_SDK.202606_preliminary\VeriHealthi_QEMU_SDK_v3.7\VeriHealthi_QEMU_SDK_v3.7\galaxy_sdk\bsp\lib\libbsp_riscv.a(port.c.o)
                0x20001102                pxPortInitialiseStack
 .text.vPortEnterCritical
                0x20001148       0x40 E:\VeriHealthi_QEMU_SDK.202606_preliminary\VeriHealthi_QEMU_SDK_v3.7\VeriHealthi_QEMU_SDK_v3.7\galaxy_sdk\bsp\lib\libbsp_riscv.a(port.c.o)
                0x20001148                vPortEnterCritical
 .text.vPortExitCritical
                0x20001188       0x36 E:\VeriHealthi_QEMU_SDK.202606_preliminary\VeriHealthi_QEMU_SDK_v3.7\VeriHealthi_QEMU_SDK_v3.7\galaxy_sdk\bsp\lib\libbsp_riscv.a(port.c.o)
                0x20001188                vPortExitCritical
 .text.xPortTaskSwitch
                0x200011be       0x64 E:\VeriHealthi_QEMU_SDK.202606_preliminary\VeriHealthi_QEMU_SDK_v3.7\VeriHealthi_QEMU_SDK_v3.7\galaxy_sdk\bsp\lib\libbsp_riscv.a(port.c.o)
                0x200011be                xPortTaskSwitch
 .text.eclic_mtip_handler
                0x20001222      0x114 E:\VeriHealthi_QEMU_SDK.202606_preliminary\VeriHealthi_QEMU_SDK_v3.7\VeriHealthi_QEMU_SDK_v3.7\galaxy_sdk\bsp\lib\libbsp_riscv.a(port.c.o)
                0x20001222                eclic_mtip_handler
 .text.vPortSetupTimerInterrupt
                0x20001336      0x1f4 E:\VeriHealthi_QEMU_SDK.202606_preliminary\VeriHealthi_QEMU_SDK_v3.7\VeriHealthi_QEMU_SDK_v3.7\galaxy_sdk\bsp\lib\libbsp_riscv.a(port.c.o)
                0x20001336                vPortSetupTimerInterrupt
 .text.xPortStartScheduler
                0x2000152a       0xfc E:\VeriHealthi_QEMU_SDK.202606_preliminary\VeriHealthi_QEMU_SDK_v3.7\VeriHealthi_QEMU_SDK_v3.7\galaxy_sdk\bsp\lib\libbsp_riscv.a(port.c.o)
                0x2000152a                xPortStartScheduler
 .text.vPortValidateInterruptPriority
                0x20001626       0x88 E:\VeriHealthi_QEMU_SDK.202606_preliminary\VeriHealthi_QEMU_SDK_v3.7\VeriHealthi_QEMU_SDK_v3.7\galaxy_sdk\bsp\lib\libbsp_riscv.a(port.c.o)
                0x20001626                vPortValidateInterruptPriority
 .text.vApplicationIdleHook
                0x200016ae        0x6 E:\VeriHealthi_QEMU_SDK.202606_preliminary\VeriHealthi_QEMU_SDK_v3.7\VeriHealthi_QEMU_SDK_v3.7\galaxy_sdk\bsp\lib\libbsp_riscv.a(port.c.o)
                0x200016ae                vApplicationIdleHook
 .text.vApplicationStackOverflowHook
                0x200016b4        0xc E:\VeriHealthi_QEMU_SDK.202606_preliminary\VeriHealthi_QEMU_SDK_v3.7\VeriHealthi_QEMU_SDK_v3.7\galaxy_sdk\bsp\lib\libbsp_riscv.a(port.c.o)
                0x200016b4                vApplicationStackOverflowHook
 .text.vApplicationGetIdleTaskMemory
                0x200016c0       0x14 E:\VeriHealthi_QEMU_SDK.202606_preliminary\VeriHealthi_QEMU_SDK_v3.7\VeriHealthi_QEMU_SDK_v3.7\galaxy_sdk\bsp\lib\libbsp_riscv.a(port.c.o)
                0x200016c0                vApplicationGetIdleTaskMemory
 .text.vApplicationGetTimerTaskMemory
                0x200016d4       0x18 E:\VeriHealthi_QEMU_SDK.202606_preliminary\VeriHealthi_QEMU_SDK_v3.7\VeriHealthi_QEMU_SDK_v3.7\galaxy_sdk\bsp\lib\libbsp_riscv.a(port.c.o)
                0x200016d4                vApplicationGetTimerTaskMemory
 .text.vApplicationMallocFailedHook
                0x200016ec        0xc E:\VeriHealthi_QEMU_SDK.202606_preliminary\VeriHealthi_QEMU_SDK_v3.7\VeriHealthi_QEMU_SDK_v3.7\galaxy_sdk\bsp\lib\libbsp_riscv.a(port.c.o)
                0x200016ec                vApplicationMallocFailedHook
 .text.soc_init
                0x200016f8        0x4 E:\VeriHealthi_QEMU_SDK.202606_preliminary\VeriHealthi_QEMU_SDK_v3.7\VeriHealthi_QEMU_SDK_v3.7\galaxy_sdk\bsp\lib\libbsp_riscv.a(soc_init.c.o)
                0x200016f8                soc_init
 .text.systimer_cnt_delay
                0x200016fc       0xd6 E:\VeriHealthi_QEMU_SDK.202606_preliminary\VeriHealthi_QEMU_SDK_v3.7\VeriHealthi_QEMU_SDK_v3.7\galaxy_sdk\bsp\lib\libbsp_riscv.a(soc_sysctl.c.o)
 .text.soc_rtc_clock_get_freq
                0x200017d2       0x18 E:\VeriHealthi_QEMU_SDK.202606_preliminary\VeriHealthi_QEMU_SDK_v3.7\VeriHealthi_QEMU_SDK_v3.7\galaxy_sdk\bsp\lib\libbsp_riscv.a(soc_sysctl.c.o)
                0x200017d2                soc_rtc_clock_get_freq
 .text.delay_us
                0x200017ea        0x2 E:\VeriHealthi_QEMU_SDK.202606_preliminary\VeriHealthi_QEMU_SDK_v3.7\VeriHealthi_QEMU_SDK_v3.7\galaxy_sdk\bsp\lib\libbsp_riscv.a(soc_sysctl.c.o)
                0x200017ea                delay_us
 .text.system_default_exception_handler
                0x200017ec       0x64 E:\VeriHealthi_QEMU_SDK.202606_preliminary\VeriHealthi_QEMU_SDK_v3.7\VeriHealthi_QEMU_SDK_v3.7\galaxy_sdk\bsp\lib\libbsp_riscv.a(system_pegasus.c.o)
 .text.premain_system_init
                0x20001850        0x2 E:\VeriHealthi_QEMU_SDK.202606_preliminary\VeriHealthi_QEMU_SDK_v3.7\VeriHealthi_QEMU_SDK_v3.7\galaxy_sdk\bsp\lib\libbsp_riscv.a(system_pegasus.c.o)
                0x20001850                premain_system_init
 .text.core_exception_handler
                0x20001852       0x56 E:\VeriHealthi_QEMU_SDK.202606_preliminary\VeriHealthi_QEMU_SDK_v3.7\VeriHealthi_QEMU_SDK_v3.7\galaxy_sdk\bsp\lib\libbsp_riscv.a(system_pegasus.c.o)
                0x20001852                core_exception_handler
 .text._premain_init
                0x200018a8       0x60 E:\VeriHealthi_QEMU_SDK.202606_preliminary\VeriHealthi_QEMU_SDK_v3.7\VeriHealthi_QEMU_SDK_v3.7\galaxy_sdk\bsp\lib\libbsp_riscv.a(system_pegasus.c.o)
                0x200018a8                _premain_init
 .text._postmain_fini
                0x20001908        0x2 E:\VeriHealthi_QEMU_SDK.202606_preliminary\VeriHealthi_QEMU_SDK_v3.7\VeriHealthi_QEMU_SDK_v3.7\galaxy_sdk\bsp\lib\libbsp_riscv.a(system_pegasus.c.o)
                0x20001908                _postmain_fini
 .text._init    0x2000190a        0x2 E:\VeriHealthi_QEMU_SDK.202606_preliminary\VeriHealthi_QEMU_SDK_v3.7\VeriHealthi_QEMU_SDK_v3.7\galaxy_sdk\bsp\lib\libbsp_riscv.a(system_pegasus.c.o)
                0x2000190a                _init
 .text._fini    0x2000190c        0x2 E:\VeriHealthi_QEMU_SDK.202606_preliminary\VeriHealthi_QEMU_SDK_v3.7\VeriHealthi_QEMU_SDK_v3.7\galaxy_sdk\bsp\lib\libbsp_riscv.a(system_pegasus.c.o)
                0x2000190c                _fini
 .text.board_register
                0x2000190e       0x12 E:\VeriHealthi_QEMU_SDK.202606_preliminary\VeriHealthi_QEMU_SDK_v3.7\VeriHealthi_QEMU_SDK_v3.7\galaxy_sdk\bsp\lib\libbsp_riscv.a(board.c.o)
                0x2000190e                board_register
 .text.board_init
                0x20001920       0x18 E:\VeriHealthi_QEMU_SDK.202606_preliminary\VeriHealthi_QEMU_SDK_v3.7\VeriHealthi_QEMU_SDK_v3.7\galaxy_sdk\bsp\lib\libbsp_riscv.a(board.c.o)
                0x20001920                board_init
 .text.clk_get_rate
                0x20001938       0x2c E:\VeriHealthi_QEMU_SDK.202606_preliminary\VeriHealthi_QEMU_SDK_v3.7\VeriHealthi_QEMU_SDK_v3.7\galaxy_sdk\drivers\lib\libdriver_riscv.a(clock.c.o)
                0x20001938                clk_get_rate
 .text.bmi160_get_accel_range
                0x20001964       0x3c E:\VeriHealthi_QEMU_SDK.202606_preliminary\VeriHealthi_QEMU_SDK_v3.7\VeriHealthi_QEMU_SDK_v3.7\galaxy_sdk\drivers\lib\libdriver_riscv.a(imu_simulator.c.o)
 .text.bmi160_check_interrupt_type
                0x200019a0       0x12 E:\VeriHealthi_QEMU_SDK.202606_preliminary\VeriHealthi_QEMU_SDK_v3.7\VeriHealthi_QEMU_SDK_v3.7\galaxy_sdk\drivers\lib\libdriver_riscv.a(imu_simulator.c.o)
 .text.bmi160_enable_interrupt
                0x200019b2       0x2a E:\VeriHealthi_QEMU_SDK.202606_preliminary\VeriHealthi_QEMU_SDK_v3.7\VeriHealthi_QEMU_SDK_v3.7\galaxy_sdk\drivers\lib\libdriver_riscv.a(imu_simulator.c.o)
 .text.bmi160_enable_power
                0x200019dc       0x40 E:\VeriHealthi_QEMU_SDK.202606_preliminary\VeriHealthi_QEMU_SDK_v3.7\VeriHealthi_QEMU_SDK_v3.7\galaxy_sdk\drivers\lib\libdriver_riscv.a(imu_simulator.c.o)
 .text.bmi160_get_sensor_cfg
                0x20001a1c       0x2a E:\VeriHealthi_QEMU_SDK.202606_preliminary\VeriHealthi_QEMU_SDK_v3.7\VeriHealthi_QEMU_SDK_v3.7\galaxy_sdk\drivers\lib\libdriver_riscv.a(imu_simulator.c.o)
 .text.timer_handler
                0x20001a46       0x92 E:\VeriHealthi_QEMU_SDK.202606_preliminary\VeriHealthi_QEMU_SDK_v3.7\VeriHealthi_QEMU_SDK_v3.7\galaxy_sdk\drivers\lib\libdriver_riscv.a(imu_simulator.c.o)
 .text.bmi160_deinit
                0x20001ad8       0x46 E:\VeriHealthi_QEMU_SDK.202606_preliminary\VeriHealthi_QEMU_SDK_v3.7\VeriHealthi_QEMU_SDK_v3.7\galaxy_sdk\drivers\lib\libdriver_riscv.a(imu_simulator.c.o)
 .text.bmi160_write_reg.constprop.0
                0x20001b1e       0xb6 E:\VeriHealthi_QEMU_SDK.202606_preliminary\VeriHealthi_QEMU_SDK_v3.7\VeriHealthi_QEMU_SDK_v3.7\galaxy_sdk\drivers\lib\libdriver_riscv.a(imu_simulator.c.o)
 .text.bmi160_reset_step_counter
                0x20001bd4        0xa E:\VeriHealthi_QEMU_SDK.202606_preliminary\VeriHealthi_QEMU_SDK_v3.7\VeriHealthi_QEMU_SDK_v3.7\galaxy_sdk\drivers\lib\libdriver_riscv.a(imu_simulator.c.o)
 .text.bmi160_set_fifo_wm
                0x20001bde       0x24 E:\VeriHealthi_QEMU_SDK.202606_preliminary\VeriHealthi_QEMU_SDK_v3.7\VeriHealthi_QEMU_SDK_v3.7\galaxy_sdk\drivers\lib\libdriver_riscv.a(imu_simulator.c.o)
 .text.bmi160_set_fifo_flush
                0x20001c02       0x1c E:\VeriHealthi_QEMU_SDK.202606_preliminary\VeriHealthi_QEMU_SDK_v3.7\VeriHealthi_QEMU_SDK_v3.7\galaxy_sdk\drivers\lib\libdriver_riscv.a(imu_simulator.c.o)
 .text.bmi160_get_step_counter
                0x20001c1e       0x3e E:\VeriHealthi_QEMU_SDK.202606_preliminary\VeriHealthi_QEMU_SDK_v3.7\VeriHealthi_QEMU_SDK_v3.7\galaxy_sdk\drivers\lib\libdriver_riscv.a(imu_simulator.c.o)
 .text.bmi160_set_step_counter
                0x20001c5c       0x4a E:\VeriHealthi_QEMU_SDK.202606_preliminary\VeriHealthi_QEMU_SDK_v3.7\VeriHealthi_QEMU_SDK_v3.7\galaxy_sdk\drivers\lib\libdriver_riscv.a(imu_simulator.c.o)
 .text.bmi160_set_fifo_down
                0x20001ca6       0x4a E:\VeriHealthi_QEMU_SDK.202606_preliminary\VeriHealthi_QEMU_SDK_v3.7\VeriHealthi_QEMU_SDK_v3.7\galaxy_sdk\drivers\lib\libdriver_riscv.a(imu_simulator.c.o)
 .text.bmi160_get_power_mode
                0x20001cf0       0x86 E:\VeriHealthi_QEMU_SDK.202606_preliminary\VeriHealthi_QEMU_SDK_v3.7\VeriHealthi_QEMU_SDK_v3.7\galaxy_sdk\drivers\lib\libdriver_riscv.a(imu_simulator.c.o)
 .text.set_gyro_cfg
                0x20001d76       0x9a E:\VeriHealthi_QEMU_SDK.202606_preliminary\VeriHealthi_QEMU_SDK_v3.7\VeriHealthi_QEMU_SDK_v3.7\galaxy_sdk\drivers\lib\libdriver_riscv.a(imu_simulator.c.o)
 .text.set_accel_cfg
                0x20001e10       0x98 E:\VeriHealthi_QEMU_SDK.202606_preliminary\VeriHealthi_QEMU_SDK_v3.7\VeriHealthi_QEMU_SDK_v3.7\galaxy_sdk\drivers\lib\libdriver_riscv.a(imu_simulator.c.o)
 .text.bmi160_set_gyro_cfg
                0x20001ea8       0xfc E:\VeriHealthi_QEMU_SDK.202606_preliminary\VeriHealthi_QEMU_SDK_v3.7\VeriHealthi_QEMU_SDK_v3.7\galaxy_sdk\drivers\lib\libdriver_riscv.a(imu_simulator.c.o)
 .text.bmi160_set_highg_threshold
                0x20001fa4       0x8c E:\VeriHealthi_QEMU_SDK.202606_preliminary\VeriHealthi_QEMU_SDK_v3.7\VeriHealthi_QEMU_SDK_v3.7\galaxy_sdk\drivers\lib\libdriver_riscv.a(imu_simulator.c.o)
 .text.bmi160_soft_reset
                0x20002030       0x82 E:\VeriHealthi_QEMU_SDK.202606_preliminary\VeriHealthi_QEMU_SDK_v3.7\VeriHealthi_QEMU_SDK_v3.7\galaxy_sdk\drivers\lib\libdriver_riscv.a(imu_simulator.c.o)
 .text.bmi160_set_accel_cfg
                0x200020b2      0x114 E:\VeriHealthi_QEMU_SDK.202606_preliminary\VeriHealthi_QEMU_SDK_v3.7\VeriHealthi_QEMU_SDK_v3.7\galaxy_sdk\drivers\lib\libdriver_riscv.a(imu_simulator.c.o)
 .text.bmi160_set_fifo_cfg
                0x200021c6      0x102 E:\VeriHealthi_QEMU_SDK.202606_preliminary\VeriHealthi_QEMU_SDK_v3.7\VeriHealthi_QEMU_SDK_v3.7\galaxy_sdk\drivers\lib\libdriver_riscv.a(imu_simulator.c.o)
 .text.set_power_mode
                0x200022c8      0x11e E:\VeriHealthi_QEMU_SDK.202606_preliminary\VeriHealthi_QEMU_SDK_v3.7\VeriHealthi_QEMU_SDK_v3.7\galaxy_sdk\drivers\lib\libdriver_riscv.a(imu_simulator.c.o)
 .text.bmi160_set_sensor_cfg
                0x200023e6       0xae E:\VeriHealthi_QEMU_SDK.202606_preliminary\VeriHealthi_QEMU_SDK_v3.7\VeriHealthi_QEMU_SDK_v3.7\galaxy_sdk\drivers\lib\libdriver_riscv.a(imu_simulator.c.o)
 .text.bmi160_set_sensor_default_cfg
                0x20002494       0x42 E:\VeriHealthi_QEMU_SDK.202606_preliminary\VeriHealthi_QEMU_SDK_v3.7\VeriHealthi_QEMU_SDK_v3.7\galaxy_sdk\drivers\lib\libdriver_riscv.a(imu_simulator.c.o)
 .text.bmi160_init
                0x200024d6       0xbe E:\VeriHealthi_QEMU_SDK.202606_preliminary\VeriHealthi_QEMU_SDK_v3.7\VeriHealthi_QEMU_SDK_v3.7\galaxy_sdk\drivers\lib\libdriver_riscv.a(imu_simulator.c.o)
 .text.bmi160_set_suspend_mode
                0x20002594       0xb6 E:\VeriHealthi_QEMU_SDK.202606_preliminary\VeriHealthi_QEMU_SDK_v3.7\VeriHealthi_QEMU_SDK_v3.7\galaxy_sdk\drivers\lib\libdriver_riscv.a(imu_simulator.c.o)
 .text.bmi160_set_normal_mode
                0x2000264a      0x126 E:\VeriHealthi_QEMU_SDK.202606_preliminary\VeriHealthi_QEMU_SDK_v3.7\VeriHealthi_QEMU_SDK_v3.7\galaxy_sdk\drivers\lib\libdriver_riscv.a(imu_simulator.c.o)
 .text.bmi160_set_interrupt_config
                0x20002770      0x138 E:\VeriHealthi_QEMU_SDK.202606_preliminary\VeriHealthi_QEMU_SDK_v3.7\VeriHealthi_QEMU_SDK_v3.7\galaxy_sdk\drivers\lib\libdriver_riscv.a(imu_simulator.c.o)
 .text.imu_simulator_device_init
                0x200028a8       0xf8 E:\VeriHealthi_QEMU_SDK.202606_preliminary\VeriHealthi_QEMU_SDK_v3.7\VeriHealthi_QEMU_SDK_v3.7\galaxy_sdk\drivers\lib\libdriver_riscv.a(imu_simulator.c.o)
                0x200028a8                imu_simulator_device_init
 .text.bmi160_get_fifo_data
                0x200029a0      0x11e E:\VeriHealthi_QEMU_SDK.202606_preliminary\VeriHealthi_QEMU_SDK_v3.7\VeriHealthi_QEMU_SDK_v3.7\galaxy_sdk\drivers\lib\libdriver_riscv.a(imu_simulator.c.o)
 .text.bmi160_fifo_parsing_gyro_accel
                0x20002abe      0x262 E:\VeriHealthi_QEMU_SDK.202606_preliminary\VeriHealthi_QEMU_SDK_v3.7\VeriHealthi_QEMU_SDK_v3.7\galaxy_sdk\drivers\lib\libdriver_riscv.a(imu_simulator.c.o)
 .text.bmi160_fifo_parsing_accel
                0x20002d20      0x29c E:\VeriHealthi_QEMU_SDK.202606_preliminary\VeriHealthi_QEMU_SDK_v3.7\VeriHealthi_QEMU_SDK_v3.7\galaxy_sdk\drivers\lib\libdriver_riscv.a(imu_simulator.c.o)
 .text.vpi_get_event_name
                0x20002fbc      0x33e E:\VeriHealthi_QEMU_SDK.202606_preliminary\VeriHealthi_QEMU_SDK_v3.7\VeriHealthi_QEMU_SDK_v3.7\galaxy_sdk\modules\lib\libcommon_riscv.a(event_sys.c.o)
                0x20002fbc                vpi_get_event_name
 .text.vpi_event_new_manager
                0x200032fa       0x2a E:\VeriHealthi_QEMU_SDK.202606_preliminary\VeriHealthi_QEMU_SDK_v3.7\VeriHealthi_QEMU_SDK_v3.7\galaxy_sdk\modules\lib\libcommon_riscv.a(event_sys.c.o)
                0x200032fa                vpi_event_new_manager
 .text.vpi_event_notify_base
                0x20003324      0x124 E:\VeriHealthi_QEMU_SDK.202606_preliminary\VeriHealthi_QEMU_SDK_v3.7\VeriHealthi_QEMU_SDK_v3.7\galaxy_sdk\modules\lib\libcommon_riscv.a(event_notify.c.o)
 .text.listener_dispatch_event
                0x20003448        0x6 E:\VeriHealthi_QEMU_SDK.202606_preliminary\VeriHealthi_QEMU_SDK_v3.7\VeriHealthi_QEMU_SDK_v3.7\galaxy_sdk\modules\lib\libcommon_riscv.a(event_notify.c.o)
                0x20003448                listener_dispatch_event
 .text.default_listener_notify
                0x2000344e        0x2 E:\VeriHealthi_QEMU_SDK.202606_preliminary\VeriHealthi_QEMU_SDK_v3.7\VeriHealthi_QEMU_SDK_v3.7\galaxy_sdk\modules\lib\libcommon_riscv.a(event_notify.c.o)
                0x2000344e                default_listener_notify
 .text.vpi_event_notify
                0x20003450        0x4 E:\VeriHealthi_QEMU_SDK.202606_preliminary\VeriHealthi_QEMU_SDK_v3.7\VeriHealthi_QEMU_SDK_v3.7\galaxy_sdk\modules\lib\libcommon_riscv.a(event_notify.c.o)
                0x20003450                vpi_event_notify
 .text.vpi_event_notify_from_isr
                0x20003454        0x4 E:\VeriHealthi_QEMU_SDK.202606_preliminary\VeriHealthi_QEMU_SDK_v3.7\VeriHealthi_QEMU_SDK_v3.7\galaxy_sdk\modules\lib\libcommon_riscv.a(event_notify.c.o)
                0x20003454                vpi_event_notify_from_isr
 .text.register_event_listener
                0x20003458      0x112 E:\VeriHealthi_QEMU_SDK.202606_preliminary\VeriHealthi_QEMU_SDK_v3.7\VeriHealthi_QEMU_SDK_v3.7\galaxy_sdk\modules\lib\libcommon_riscv.a(event_register.c.o)
                0x20003458                register_event_listener
 .text.vpi_event_register
                0x2000356a       0x90 E:\VeriHealthi_QEMU_SDK.202606_preliminary\VeriHealthi_QEMU_SDK_v3.7\VeriHealthi_QEMU_SDK_v3.7\galaxy_sdk\modules\lib\libcommon_riscv.a(event_register.c.o)
                0x2000356a                vpi_event_register
 .text.get_event_queue_size
                0x200035fa        0x6 E:\VeriHealthi_QEMU_SDK.202606_preliminary\VeriHealthi_QEMU_SDK_v3.7\VeriHealthi_QEMU_SDK_v3.7\galaxy_sdk\modules\lib\libcommon_riscv.a(event_register.c.o)
                0x200035fa                get_event_queue_size
 .text.vpi_event_set_queue_size
                0x20003600        0x8 E:\VeriHealthi_QEMU_SDK.202606_preliminary\VeriHealthi_QEMU_SDK_v3.7\VeriHealthi_QEMU_SDK_v3.7\galaxy_sdk\modules\lib\libcommon_riscv.a(event_register.c.o)
                0x20003600                vpi_event_set_queue_size
 .text.malloc_listener
                0x20003608       0x3c E:\VeriHealthi_QEMU_SDK.202606_preliminary\VeriHealthi_QEMU_SDK_v3.7\VeriHealthi_QEMU_SDK_v3.7\galaxy_sdk\modules\lib\libcommon_riscv.a(event_listener.c.o)
                0x20003608                malloc_listener
 .text.get_manager_listener
                0x20003644       0x5e E:\VeriHealthi_QEMU_SDK.202606_preliminary\VeriHealthi_QEMU_SDK_v3.7\VeriHealthi_QEMU_SDK_v3.7\galaxy_sdk\modules\lib\libcommon_riscv.a(event_listener.c.o)
                0x20003644                get_manager_listener
 .text.register_listener_to_group
                0x200036a2       0x9e E:\VeriHealthi_QEMU_SDK.202606_preliminary\VeriHealthi_QEMU_SDK_v3.7\VeriHealthi_QEMU_SDK_v3.7\galaxy_sdk\modules\lib\libcommon_riscv.a(event_group.c.o)
                0x200036a2                register_listener_to_group
 .text.listener_task_dispatch_event
                0x20003740       0x2e E:\VeriHealthi_QEMU_SDK.202606_preliminary\VeriHealthi_QEMU_SDK_v3.7\VeriHealthi_QEMU_SDK_v3.7\galaxy_sdk\modules\lib\libcommon_riscv.a(event_task.c.o)
                0x20003740                listener_task_dispatch_event
 .text.vpi_event_listen
                0x2000376e       0x74 E:\VeriHealthi_QEMU_SDK.202606_preliminary\VeriHealthi_QEMU_SDK_v3.7\VeriHealthi_QEMU_SDK_v3.7\galaxy_sdk\modules\lib\libcommon_riscv.a(event_task.c.o)
                0x2000376e                vpi_event_listen
 .text.uart_printf
                0x200037e2       0x3c E:\VeriHealthi_QEMU_SDK.202606_preliminary\VeriHealthi_QEMU_SDK_v3.7\VeriHealthi_QEMU_SDK_v3.7\galaxy_sdk\modules\lib\libcommon_riscv.a(uart_printf.c.o)
                0x200037e2                uart_printf
 .text.vpi_timer_create
                0x2000381e       0x5e E:\VeriHealthi_QEMU_SDK.202606_preliminary\VeriHealthi_QEMU_SDK_v3.7\VeriHealthi_QEMU_SDK_v3.7\galaxy_sdk\modules\lib\libcommon_riscv.a(sw_timer_os.c.o)
                0x2000381e                vpi_timer_create
 .text.vpi_timer_start
                0x2000387c       0x28 E:\VeriHealthi_QEMU_SDK.202606_preliminary\VeriHealthi_QEMU_SDK_v3.7\VeriHealthi_QEMU_SDK_v3.7\galaxy_sdk\modules\lib\libcommon_riscv.a(sw_timer_os.c.o)
                0x2000387c                vpi_timer_start
 .text.vpi_timer_stop
                0x200038a4       0x28 E:\VeriHealthi_QEMU_SDK.202606_preliminary\VeriHealthi_QEMU_SDK_v3.7\VeriHealthi_QEMU_SDK_v3.7\galaxy_sdk\modules\lib\libcommon_riscv.a(sw_timer_os.c.o)
                0x200038a4                vpi_timer_stop
 .text.vsd_to_vpi
                0x200038cc       0x1a E:\VeriHealthi_QEMU_SDK.202606_preliminary\VeriHealthi_QEMU_SDK_v3.7\VeriHealthi_QEMU_SDK_v3.7\galaxy_sdk\modules\lib\libcommon_riscv.a(vpi_error.c.o)
                0x200038cc                vsd_to_vpi
 .text.find_event_list_base
                0x200038e6       0x9a E:\VeriHealthi_QEMU_SDK.202606_preliminary\VeriHealthi_QEMU_SDK_v3.7\VeriHealthi_QEMU_SDK_v3.7\galaxy_sdk\modules\lib\libcommon_riscv.a(event_list.c.o)
 .text.find_event_list
                0x20003980        0x4 E:\VeriHealthi_QEMU_SDK.202606_preliminary\VeriHealthi_QEMU_SDK_v3.7\VeriHealthi_QEMU_SDK_v3.7\galaxy_sdk\modules\lib\libcommon_riscv.a(event_list.c.o)
                0x20003980                find_event_list
 .text.find_event_list_from_isr
                0x20003984       0x1c E:\VeriHealthi_QEMU_SDK.202606_preliminary\VeriHealthi_QEMU_SDK_v3.7\VeriHealthi_QEMU_SDK_v3.7\galaxy_sdk\modules\lib\libcommon_riscv.a(event_list.c.o)
                0x20003984                find_event_list_from_isr
 .text.get_event_list
                0x200039a0       0xb0 E:\VeriHealthi_QEMU_SDK.202606_preliminary\VeriHealthi_QEMU_SDK_v3.7\VeriHealthi_QEMU_SDK_v3.7\galaxy_sdk\modules\lib\libcommon_riscv.a(event_list.c.o)
                0x200039a0                get_event_list
 .text.get_sys_event_table
                0x20003a50        0xa E:\VeriHealthi_QEMU_SDK.202606_preliminary\VeriHealthi_QEMU_SDK_v3.7\VeriHealthi_QEMU_SDK_v3.7\galaxy_sdk\modules\lib\libcommon_riscv.a(event_list.c.o)
                0x20003a50                get_sys_event_table
 .text.get_sys_event_list
                0x20003a5a        0xa E:\VeriHealthi_QEMU_SDK.202606_preliminary\VeriHealthi_QEMU_SDK_v3.7\VeriHealthi_QEMU_SDK_v3.7\galaxy_sdk\modules\lib\libcommon_riscv.a(event_list.c.o)
                0x20003a5a                get_sys_event_list
 .text.event_list_head_init
                0x20003a64       0x34 E:\VeriHealthi_QEMU_SDK.202606_preliminary\VeriHealthi_QEMU_SDK_v3.7\VeriHealthi_QEMU_SDK_v3.7\galaxy_sdk\modules\lib\libcommon_riscv.a(event_list.c.o)
                0x20003a64                event_list_head_init
 .text.osal_create_task
                0x20003a98       0x2a E:\VeriHealthi_QEMU_SDK.202606_preliminary\VeriHealthi_QEMU_SDK_v3.7\VeriHealthi_QEMU_SDK_v3.7\galaxy_sdk\osal\lib\libosal_riscv.a(osal_task.c.o)
                0x20003a98                osal_create_task
 .text.osal_delete_task
                0x20003ac2        0x4 E:\VeriHealthi_QEMU_SDK.202606_preliminary\VeriHealthi_QEMU_SDK_v3.7\VeriHealthi_QEMU_SDK_v3.7\galaxy_sdk\osal\lib\libosal_riscv.a(osal_task.c.o)
                0x20003ac2                osal_delete_task
 .text.osal_pre_start_scheduler
                0x20003ac6        0x2 E:\VeriHealthi_QEMU_SDK.202606_preliminary\VeriHealthi_QEMU_SDK_v3.7\VeriHealthi_QEMU_SDK_v3.7\galaxy_sdk\osal\lib\libosal_riscv.a(osal_task.c.o)
                0x20003ac6                osal_pre_start_scheduler
 .text.osal_start_scheduler
                0x20003ac8        0x4 E:\VeriHealthi_QEMU_SDK.202606_preliminary\VeriHealthi_QEMU_SDK_v3.7\VeriHealthi_QEMU_SDK_v3.7\galaxy_sdk\osal\lib\libosal_riscv.a(osal_task.c.o)
                0x20003ac8                osal_start_scheduler
 .text.osal_sleep
                0x20003acc       0x1a E:\VeriHealthi_QEMU_SDK.202606_preliminary\VeriHealthi_QEMU_SDK_v3.7\VeriHealthi_QEMU_SDK_v3.7\galaxy_sdk\osal\lib\libosal_riscv.a(osal_task.c.o)
                0x20003acc                osal_sleep
 .text.osal_enter_critical
                0x20003ae6        0x4 E:\VeriHealthi_QEMU_SDK.202606_preliminary\VeriHealthi_QEMU_SDK_v3.7\VeriHealthi_QEMU_SDK_v3.7\galaxy_sdk\osal\lib\libosal_riscv.a(osal_task.c.o)
                0x20003ae6                osal_enter_critical
 .text.osal_exit_critical
                0x20003aea        0x4 E:\VeriHealthi_QEMU_SDK.202606_preliminary\VeriHealthi_QEMU_SDK_v3.7\VeriHealthi_QEMU_SDK_v3.7\galaxy_sdk\osal\lib\libosal_riscv.a(osal_task.c.o)
                0x20003aea                osal_exit_critical
 .text.osal_send_event_base.isra.0
                0x20003aee      0x108 E:\VeriHealthi_QEMU_SDK.202606_preliminary\VeriHealthi_QEMU_SDK_v3.7\VeriHealthi_QEMU_SDK_v3.7\galaxy_sdk\osal\lib\libosal_riscv.a(osal_event.c.o)
 .text.osal_create_event_queue
                0x20003bf6       0x7e E:\VeriHealthi_QEMU_SDK.202606_preliminary\VeriHealthi_QEMU_SDK_v3.7\VeriHealthi_QEMU_SDK_v3.7\galaxy_sdk\osal\lib\libosal_riscv.a(osal_event.c.o)
                0x20003bf6                osal_create_event_queue
 .text.osal_wait_event
                0x20003c74       0x80 E:\VeriHealthi_QEMU_SDK.202606_preliminary\VeriHealthi_QEMU_SDK_v3.7\VeriHealthi_QEMU_SDK_v3.7\galaxy_sdk\osal\lib\libosal_riscv.a(osal_event.c.o)
                0x20003c74                osal_wait_event
 .text.osal_send_event
                0x20003cf4        0x6 E:\VeriHealthi_QEMU_SDK.202606_preliminary\VeriHealthi_QEMU_SDK_v3.7\VeriHealthi_QEMU_SDK_v3.7\galaxy_sdk\osal\lib\libosal_riscv.a(osal_event.c.o)
                0x20003cf4                osal_send_event
 .text.osal_send_event_from_isr
                0x20003cfa        0x6 E:\VeriHealthi_QEMU_SDK.202606_preliminary\VeriHealthi_QEMU_SDK_v3.7\VeriHealthi_QEMU_SDK_v3.7\galaxy_sdk\osal\lib\libosal_riscv.a(osal_event.c.o)
                0x20003cfa                osal_send_event_from_isr
 .text.osal_malloc
                0x20003d00        0x4 E:\VeriHealthi_QEMU_SDK.202606_preliminary\VeriHealthi_QEMU_SDK_v3.7\VeriHealthi_QEMU_SDK_v3.7\galaxy_sdk\osal\lib\libosal_riscv.a(osal_heap.c.o)
                0x20003d00                osal_malloc
 .text.osal_free
                0x20003d04        0x4 E:\VeriHealthi_QEMU_SDK.202606_preliminary\VeriHealthi_QEMU_SDK_v3.7\VeriHealthi_QEMU_SDK_v3.7\galaxy_sdk\osal\lib\libosal_riscv.a(osal_heap.c.o)
                0x20003d04                osal_free
 .text.osal_create_mutex
                0x20003d08       0x34 E:\VeriHealthi_QEMU_SDK.202606_preliminary\VeriHealthi_QEMU_SDK_v3.7\VeriHealthi_QEMU_SDK_v3.7\galaxy_sdk\osal\lib\libosal_riscv.a(osal_mutex.c.o)
                0x20003d08                osal_create_mutex
 .text.osal_unlock_mutex
                0x20003d3c       0x1c E:\VeriHealthi_QEMU_SDK.202606_preliminary\VeriHealthi_QEMU_SDK_v3.7\VeriHealthi_QEMU_SDK_v3.7\galaxy_sdk\osal\lib\libosal_riscv.a(osal_mutex.c.o)
                0x20003d3c                osal_unlock_mutex
 .text.osal_lock_mutex
                0x20003d58       0x28 E:\VeriHealthi_QEMU_SDK.202606_preliminary\VeriHealthi_QEMU_SDK_v3.7\VeriHealthi_QEMU_SDK_v3.7\galaxy_sdk\osal\lib\libosal_riscv.a(osal_mutex.c.o)
                0x20003d58                osal_lock_mutex
 .text.osal_ms_to_tick
                0x20003d80       0x68 E:\VeriHealthi_QEMU_SDK.202606_preliminary\VeriHealthi_QEMU_SDK_v3.7\VeriHealthi_QEMU_SDK_v3.7\galaxy_sdk\osal\lib\libosal_riscv.a(osal_time.c.o)
                0x20003d80                osal_ms_to_tick
 .text.osal_timer_common_cb
                0x20003de8       0x1a E:\VeriHealthi_QEMU_SDK.202606_preliminary\VeriHealthi_QEMU_SDK_v3.7\VeriHealthi_QEMU_SDK_v3.7\galaxy_sdk\osal\lib\libosal_riscv.a(osal_timer.c.o)
 .text.osal_timer_create
                0x20003e02       0x72 E:\VeriHealthi_QEMU_SDK.202606_preliminary\VeriHealthi_QEMU_SDK_v3.7\VeriHealthi_QEMU_SDK_v3.7\galaxy_sdk\osal\lib\libosal_riscv.a(osal_timer.c.o)
                0x20003e02                osal_timer_create
 .text.osal_timer_start
                0x20003e74       0x3e E:\VeriHealthi_QEMU_SDK.202606_preliminary\VeriHealthi_QEMU_SDK_v3.7\VeriHealthi_QEMU_SDK_v3.7\galaxy_sdk\osal\lib\libosal_riscv.a(osal_timer.c.o)
                0x20003e74                osal_timer_start
 .text.osal_timer_stop
                0x20003eb2       0x32 E:\VeriHealthi_QEMU_SDK.202606_preliminary\VeriHealthi_QEMU_SDK_v3.7\VeriHealthi_QEMU_SDK_v3.7\galaxy_sdk\osal\lib\libosal_riscv.a(osal_timer.c.o)
                0x20003eb2                osal_timer_stop
 .text.osal_get_task_name
                0x20003ee4        0x6 E:\VeriHealthi_QEMU_SDK.202606_preliminary\VeriHealthi_QEMU_SDK_v3.7\VeriHealthi_QEMU_SDK_v3.7\galaxy_sdk\osal\lib\libosal_riscv.a(osal_sys_state.c.o)
                0x20003ee4                osal_get_task_name
 .text.prvAddNewTaskToReadyList
                0x20003eea      0x170 E:\VeriHealthi_QEMU_SDK.202606_preliminary\VeriHealthi_QEMU_SDK_v3.7\VeriHealthi_QEMU_SDK_v3.7\galaxy_sdk\os\lib\libos_riscv.a(tasks.c.o)
 .text.prvAddCurrentTaskToDelayedList
                0x2000405a       0xe0 E:\VeriHealthi_QEMU_SDK.202606_preliminary\VeriHealthi_QEMU_SDK_v3.7\VeriHealthi_QEMU_SDK_v3.7\galaxy_sdk\os\lib\libos_riscv.a(tasks.c.o)
 .text.prvInitialiseNewTask.constprop.0
                0x2000413a       0xdc E:\VeriHealthi_QEMU_SDK.202606_preliminary\VeriHealthi_QEMU_SDK_v3.7\VeriHealthi_QEMU_SDK_v3.7\galaxy_sdk\os\lib\libos_riscv.a(tasks.c.o)
 .text.prvIdleTask
                0x20004216       0xd6 E:\VeriHealthi_QEMU_SDK.202606_preliminary\VeriHealthi_QEMU_SDK_v3.7\VeriHealthi_QEMU_SDK_v3.7\galaxy_sdk\os\lib\libos_riscv.a(tasks.c.o)
 .text.xTaskCreateStatic
                0x200042ec       0x7e E:\VeriHealthi_QEMU_SDK.202606_preliminary\VeriHealthi_QEMU_SDK_v3.7\VeriHealthi_QEMU_SDK_v3.7\galaxy_sdk\os\lib\libos_riscv.a(tasks.c.o)
                0x200042ec                xTaskCreateStatic
 .text.xTaskCreate
                0x2000436a       0x7c E:\VeriHealthi_QEMU_SDK.202606_preliminary\VeriHealthi_QEMU_SDK_v3.7\VeriHealthi_QEMU_SDK_v3.7\galaxy_sdk\os\lib\libos_riscv.a(tasks.c.o)
                0x2000436a                xTaskCreate
 .text.vTaskDelete
                0x200043e6      0x148 E:\VeriHealthi_QEMU_SDK.202606_preliminary\VeriHealthi_QEMU_SDK_v3.7\VeriHealthi_QEMU_SDK_v3.7\galaxy_sdk\os\lib\libos_riscv.a(tasks.c.o)
                0x200043e6                vTaskDelete
 .text.vTaskStartScheduler
                0x2000452e       0xa0 E:\VeriHealthi_QEMU_SDK.202606_preliminary\VeriHealthi_QEMU_SDK_v3.7\VeriHealthi_QEMU_SDK_v3.7\galaxy_sdk\os\lib\libos_riscv.a(tasks.c.o)
                0x2000452e                vTaskStartScheduler
 .text.vTaskSuspendAll
                0x200045ce       0x10 E:\VeriHealthi_QEMU_SDK.202606_preliminary\VeriHealthi_QEMU_SDK_v3.7\VeriHealthi_QEMU_SDK_v3.7\galaxy_sdk\os\lib\libos_riscv.a(tasks.c.o)
                0x200045ce                vTaskSuspendAll
 .text.xTaskGetTickCount
                0x200045de       0x20 E:\VeriHealthi_QEMU_SDK.202606_preliminary\VeriHealthi_QEMU_SDK_v3.7\VeriHealthi_QEMU_SDK_v3.7\galaxy_sdk\os\lib\libos_riscv.a(tasks.c.o)
                0x200045de                xTaskGetTickCount
 .text.pcTaskGetName
                0x200045fe       0x28 E:\VeriHealthi_QEMU_SDK.202606_preliminary\VeriHealthi_QEMU_SDK_v3.7\VeriHealthi_QEMU_SDK_v3.7\galaxy_sdk\os\lib\libos_riscv.a(tasks.c.o)
                0x200045fe                pcTaskGetName
 .text.xTaskIncrementTick
                0x20004626      0x1b6 E:\VeriHealthi_QEMU_SDK.202606_preliminary\VeriHealthi_QEMU_SDK_v3.7\VeriHealthi_QEMU_SDK_v3.7\galaxy_sdk\os\lib\libos_riscv.a(tasks.c.o)
                0x20004626                xTaskIncrementTick
 .text.xTaskResumeAll.part.0
                0x200047dc      0x154 E:\VeriHealthi_QEMU_SDK.202606_preliminary\VeriHealthi_QEMU_SDK_v3.7\VeriHealthi_QEMU_SDK_v3.7\galaxy_sdk\os\lib\libos_riscv.a(tasks.c.o)
 .text.xTaskResumeAll
                0x20004930       0x24 E:\VeriHealthi_QEMU_SDK.202606_preliminary\VeriHealthi_QEMU_SDK_v3.7\VeriHealthi_QEMU_SDK_v3.7\galaxy_sdk\os\lib\libos_riscv.a(tasks.c.o)
                0x20004930                xTaskResumeAll
 .text.vTaskDelay
                0x20004954       0xbc E:\VeriHealthi_QEMU_SDK.202606_preliminary\VeriHealthi_QEMU_SDK_v3.7\VeriHealthi_QEMU_SDK_v3.7\galaxy_sdk\os\lib\libos_riscv.a(tasks.c.o)
                0x20004954                vTaskDelay
 .text.vTaskSwitchContext
                0x20004a10       0xf2 E:\VeriHealthi_QEMU_SDK.202606_preliminary\VeriHealthi_QEMU_SDK_v3.7\VeriHealthi_QEMU_SDK_v3.7\galaxy_sdk\os\lib\libos_riscv.a(tasks.c.o)
                0x20004a10                vTaskSwitchContext
 .text.vTaskPlaceOnEventList
                0x20004b02       0x3c E:\VeriHealthi_QEMU_SDK.202606_preliminary\VeriHealthi_QEMU_SDK_v3.7\VeriHealthi_QEMU_SDK_v3.7\galaxy_sdk\os\lib\libos_riscv.a(tasks.c.o)
                0x20004b02                vTaskPlaceOnEventList
 .text.vTaskPlaceOnEventListRestricted
                0x20004b3e       0x46 E:\VeriHealthi_QEMU_SDK.202606_preliminary\VeriHealthi_QEMU_SDK_v3.7\VeriHealthi_QEMU_SDK_v3.7\galaxy_sdk\os\lib\libos_riscv.a(tasks.c.o)
                0x20004b3e                vTaskPlaceOnEventListRestricted
 .text.xTaskRemoveFromEventList
                0x20004b84       0x9e E:\VeriHealthi_QEMU_SDK.202606_preliminary\VeriHealthi_QEMU_SDK_v3.7\VeriHealthi_QEMU_SDK_v3.7\galaxy_sdk\os\lib\libos_riscv.a(tasks.c.o)
                0x20004b84                xTaskRemoveFromEventList
 .text.vTaskInternalSetTimeOutState
                0x20004c22       0x16 E:\VeriHealthi_QEMU_SDK.202606_preliminary\VeriHealthi_QEMU_SDK_v3.7\VeriHealthi_QEMU_SDK_v3.7\galaxy_sdk\os\lib\libos_riscv.a(tasks.c.o)
                0x20004c22                vTaskInternalSetTimeOutState
 .text.xTaskCheckForTimeOut
                0x20004c38       0x9a E:\VeriHealthi_QEMU_SDK.202606_preliminary\VeriHealthi_QEMU_SDK_v3.7\VeriHealthi_QEMU_SDK_v3.7\galaxy_sdk\os\lib\libos_riscv.a(tasks.c.o)
                0x20004c38                xTaskCheckForTimeOut
 .text.vTaskMissedYield
                0x20004cd2        0xc E:\VeriHealthi_QEMU_SDK.202606_preliminary\VeriHealthi_QEMU_SDK_v3.7\VeriHealthi_QEMU_SDK_v3.7\galaxy_sdk\os\lib\libos_riscv.a(tasks.c.o)
                0x20004cd2                vTaskMissedYield
 .text.xTaskGetSchedulerState
                0x20004cde       0x1c E:\VeriHealthi_QEMU_SDK.202606_preliminary\VeriHealthi_QEMU_SDK_v3.7\VeriHealthi_QEMU_SDK_v3.7\galaxy_sdk\os\lib\libos_riscv.a(tasks.c.o)
                0x20004cde                xTaskGetSchedulerState
 .text.xTaskPriorityInherit
                0x20004cfa       0xa4 E:\VeriHealthi_QEMU_SDK.202606_preliminary\VeriHealthi_QEMU_SDK_v3.7\VeriHealthi_QEMU_SDK_v3.7\galaxy_sdk\os\lib\libos_riscv.a(tasks.c.o)
                0x20004cfa                xTaskPriorityInherit
 .text.xTaskPriorityDisinherit
                0x20004d9e       0xa0 E:\VeriHealthi_QEMU_SDK.202606_preliminary\VeriHealthi_QEMU_SDK_v3.7\VeriHealthi_QEMU_SDK_v3.7\galaxy_sdk\os\lib\libos_riscv.a(tasks.c.o)
                0x20004d9e                xTaskPriorityDisinherit
 .text.vTaskPriorityDisinheritAfterTimeout
                0x20004e3e       0xc6 E:\VeriHealthi_QEMU_SDK.202606_preliminary\VeriHealthi_QEMU_SDK_v3.7\VeriHealthi_QEMU_SDK_v3.7\galaxy_sdk\os\lib\libos_riscv.a(tasks.c.o)
                0x20004e3e                vTaskPriorityDisinheritAfterTimeout
 .text.pvTaskIncrementMutexHeldCount
                0x20004f04       0x1a E:\VeriHealthi_QEMU_SDK.202606_preliminary\VeriHealthi_QEMU_SDK_v3.7\VeriHealthi_QEMU_SDK_v3.7\galaxy_sdk\os\lib\libos_riscv.a(tasks.c.o)
                0x20004f04                pvTaskIncrementMutexHeldCount
 .text.prvCopyDataToQueue
                0x20004f1e       0xa0 E:\VeriHealthi_QEMU_SDK.202606_preliminary\VeriHealthi_QEMU_SDK_v3.7\VeriHealthi_QEMU_SDK_v3.7\galaxy_sdk\os\lib\libos_riscv.a(queue.c.o)
 .text.prvNotifyQueueSetContainer
                0x20004fbe       0xba E:\VeriHealthi_QEMU_SDK.202606_preliminary\VeriHealthi_QEMU_SDK_v3.7\VeriHealthi_QEMU_SDK_v3.7\galaxy_sdk\os\lib\libos_riscv.a(queue.c.o)
 .text.prvUnlockQueue
                0x20005078       0xc6 E:\VeriHealthi_QEMU_SDK.202606_preliminary\VeriHealthi_QEMU_SDK_v3.7\VeriHealthi_QEMU_SDK_v3.7\galaxy_sdk\os\lib\libos_riscv.a(queue.c.o)
 .text.xQueueGenericReset
                0x2000513e       0xbc E:\VeriHealthi_QEMU_SDK.202606_preliminary\VeriHealthi_QEMU_SDK_v3.7\VeriHealthi_QEMU_SDK_v3.7\galaxy_sdk\os\lib\libos_riscv.a(queue.c.o)
                0x2000513e                xQueueGenericReset
 .text.xQueueGenericCreateStatic
                0x200051fa       0xc8 E:\VeriHealthi_QEMU_SDK.202606_preliminary\VeriHealthi_QEMU_SDK_v3.7\VeriHealthi_QEMU_SDK_v3.7\galaxy_sdk\os\lib\libos_riscv.a(queue.c.o)
                0x200051fa                xQueueGenericCreateStatic
 .text.xQueueGenericCreate
                0x200052c2       0xc2 E:\VeriHealthi_QEMU_SDK.202606_preliminary\VeriHealthi_QEMU_SDK_v3.7\VeriHealthi_QEMU_SDK_v3.7\galaxy_sdk\os\lib\libos_riscv.a(queue.c.o)
                0x200052c2                xQueueGenericCreate
 .text.xQueueGenericSend
                0x20005384      0x220 E:\VeriHealthi_QEMU_SDK.202606_preliminary\VeriHealthi_QEMU_SDK_v3.7\VeriHealthi_QEMU_SDK_v3.7\galaxy_sdk\os\lib\libos_riscv.a(queue.c.o)
                0x20005384                xQueueGenericSend
 .text.xQueueCreateMutex
                0x200055a4       0x54 E:\VeriHealthi_QEMU_SDK.202606_preliminary\VeriHealthi_QEMU_SDK_v3.7\VeriHealthi_QEMU_SDK_v3.7\galaxy_sdk\os\lib\libos_riscv.a(queue.c.o)
                0x200055a4                xQueueCreateMutex
 .text.xQueueGenericSendFromISR
                0x200055f8      0x13c E:\VeriHealthi_QEMU_SDK.202606_preliminary\VeriHealthi_QEMU_SDK_v3.7\VeriHealthi_QEMU_SDK_v3.7\galaxy_sdk\os\lib\libos_riscv.a(queue.c.o)
                0x200055f8                xQueueGenericSendFromISR
 .text.xQueueReceive
                0x20005734      0x1ce E:\VeriHealthi_QEMU_SDK.202606_preliminary\VeriHealthi_QEMU_SDK_v3.7\VeriHealthi_QEMU_SDK_v3.7\galaxy_sdk\os\lib\libos_riscv.a(queue.c.o)
                0x20005734                xQueueReceive
 .text.xQueueSemaphoreTake
                0x20005902      0x208 E:\VeriHealthi_QEMU_SDK.202606_preliminary\VeriHealthi_QEMU_SDK_v3.7\VeriHealthi_QEMU_SDK_v3.7\galaxy_sdk\os\lib\libos_riscv.a(queue.c.o)
                0x20005902                xQueueSemaphoreTake
 .text.vQueueWaitForMessageRestricted
                0x20005b0a       0x6c E:\VeriHealthi_QEMU_SDK.202606_preliminary\VeriHealthi_QEMU_SDK_v3.7\VeriHealthi_QEMU_SDK_v3.7\galaxy_sdk\os\lib\libos_riscv.a(queue.c.o)
                0x20005b0a                vQueueWaitForMessageRestricted
 .text.vListInitialise
                0x20005b76       0x14 E:\VeriHealthi_QEMU_SDK.202606_preliminary\VeriHealthi_QEMU_SDK_v3.7\VeriHealthi_QEMU_SDK_v3.7\galaxy_sdk\os\lib\libos_riscv.a(list.c.o)
                0x20005b76                vListInitialise
 .text.vListInitialiseItem
                0x20005b8a        0x6 E:\VeriHealthi_QEMU_SDK.202606_preliminary\VeriHealthi_QEMU_SDK_v3.7\VeriHealthi_QEMU_SDK_v3.7\galaxy_sdk\os\lib\libos_riscv.a(list.c.o)
                0x20005b8a                vListInitialiseItem
 .text.vListInsertEnd
                0x20005b90       0x16 E:\VeriHealthi_QEMU_SDK.202606_preliminary\VeriHealthi_QEMU_SDK_v3.7\VeriHealthi_QEMU_SDK_v3.7\galaxy_sdk\os\lib\libos_riscv.a(list.c.o)
                0x20005b90                vListInsertEnd
 .text.vListInsert
                0x20005ba6       0x2e E:\VeriHealthi_QEMU_SDK.202606_preliminary\VeriHealthi_QEMU_SDK_v3.7\VeriHealthi_QEMU_SDK_v3.7\galaxy_sdk\os\lib\libos_riscv.a(list.c.o)
                0x20005ba6                vListInsert
 .text.uxListRemove
                0x20005bd4       0x2e E:\VeriHealthi_QEMU_SDK.202606_preliminary\VeriHealthi_QEMU_SDK_v3.7\VeriHealthi_QEMU_SDK_v3.7\galaxy_sdk\os\lib\libos_riscv.a(list.c.o)
                0x20005bd4                uxListRemove
 .text.prvCheckForValidListAndQueue
                0x20005c02       0x7e E:\VeriHealthi_QEMU_SDK.202606_preliminary\VeriHealthi_QEMU_SDK_v3.7\VeriHealthi_QEMU_SDK_v3.7\galaxy_sdk\os\lib\libos_riscv.a(timers.c.o)
 .text.xTimerCreateTimerTask
                0x20005c80       0x66 E:\VeriHealthi_QEMU_SDK.202606_preliminary\VeriHealthi_QEMU_SDK_v3.7\VeriHealthi_QEMU_SDK_v3.7\galaxy_sdk\os\lib\libos_riscv.a(timers.c.o)
                0x20005c80                xTimerCreateTimerTask
 .text.xTimerCreate
                0x20005ce6       0x7e E:\VeriHealthi_QEMU_SDK.202606_preliminary\VeriHealthi_QEMU_SDK_v3.7\VeriHealthi_QEMU_SDK_v3.7\galaxy_sdk\os\lib\libos_riscv.a(timers.c.o)
                0x20005ce6                xTimerCreate
 .text.xTimerGenericCommand
                0x20005d64       0x84 E:\VeriHealthi_QEMU_SDK.202606_preliminary\VeriHealthi_QEMU_SDK_v3.7\VeriHealthi_QEMU_SDK_v3.7\galaxy_sdk\os\lib\libos_riscv.a(timers.c.o)
                0x20005d64                xTimerGenericCommand
 .text.prvSwitchTimerLists
                0x20005de8       0x96 E:\VeriHealthi_QEMU_SDK.202606_preliminary\VeriHealthi_QEMU_SDK_v3.7\VeriHealthi_QEMU_SDK_v3.7\galaxy_sdk\os\lib\libos_riscv.a(timers.c.o)
 .text.prvTimerTask
                0x20005e7e      0x2bc E:\VeriHealthi_QEMU_SDK.202606_preliminary\VeriHealthi_QEMU_SDK_v3.7\VeriHealthi_QEMU_SDK_v3.7\galaxy_sdk\os\lib\libos_riscv.a(timers.c.o)
 .text.pvTimerGetTimerID
                0x2000613a       0x34 E:\VeriHealthi_QEMU_SDK.202606_preliminary\VeriHealthi_QEMU_SDK_v3.7\VeriHealthi_QEMU_SDK_v3.7\galaxy_sdk\os\lib\libos_riscv.a(timers.c.o)
                0x2000613a                pvTimerGetTimerID
 .text.prvInsertBlockIntoFreeList
                0x2000616e       0x62 E:\VeriHealthi_QEMU_SDK.202606_preliminary\VeriHealthi_QEMU_SDK_v3.7\VeriHealthi_QEMU_SDK_v3.7\galaxy_sdk\os\lib\libos_riscv.a(heap_4.c.o)
 .text.pvPortMalloc
                0x200061d0      0x1a0 E:\VeriHealthi_QEMU_SDK.202606_preliminary\VeriHealthi_QEMU_SDK_v3.7\VeriHealthi_QEMU_SDK_v3.7\galaxy_sdk\os\lib\libos_riscv.a(heap_4.c.o)
                0x200061d0                pvPortMalloc
 .text.vPortFree
                0x20006370       0x8c E:\VeriHealthi_QEMU_SDK.202606_preliminary\VeriHealthi_QEMU_SDK_v3.7\VeriHealthi_QEMU_SDK_v3.7\galaxy_sdk\os\lib\libos_riscv.a(heap_4.c.o)
                0x20006370                vPortFree
 .text.atexit   0x200063fc        0xc E:/tools/NucleiStudio_IDE_202510-win64/NucleiStudio/toolchain/gcc/bin/../lib/gcc/riscv64-unknown-elf/14.2.1/../../../../riscv64-unknown-elf/lib/rv32imafc_zaamo_zalrsc_xxldsp/ilp32f\libc_nano.a(libc_a-atexit.o)
                0x200063fc                atexit
 .text.calloc   0x20006408        0xa E:/tools/NucleiStudio_IDE_202510-win64/NucleiStudio/toolchain/gcc/bin/../lib/gcc/riscv64-unknown-elf/14.2.1/../../../../riscv64-unknown-elf/lib/rv32imafc_zaamo_zalrsc_xxldsp/ilp32f\libc_nano.a(libc_a-calloc.o)
                0x20006408                calloc
 .text._calloc_r
                0x20006412       0x34 E:/tools/NucleiStudio_IDE_202510-win64/NucleiStudio/toolchain/gcc/bin/../lib/gcc/riscv64-unknown-elf/14.2.1/../../../../riscv64-unknown-elf/lib/rv32imafc_zaamo_zalrsc_xxldsp/ilp32f\libc_nano.a(libc_a-callocr.o)
                0x20006412                _calloc_r
 .text.malloc   0x20006446        0x8 E:/tools/NucleiStudio_IDE_202510-win64/NucleiStudio/toolchain/gcc/bin/../lib/gcc/riscv64-unknown-elf/14.2.1/../../../../riscv64-unknown-elf/lib/rv32imafc_zaamo_zalrsc_xxldsp/ilp32f\libc_nano.a(libc_a-malloc.o)
                0x20006446                malloc
 .text.free     0x2000644e        0xa E:/tools/NucleiStudio_IDE_202510-win64/NucleiStudio/toolchain/gcc/bin/../lib/gcc/riscv64-unknown-elf/14.2.1/../../../../riscv64-unknown-elf/lib/rv32imafc_zaamo_zalrsc_xxldsp/ilp32f\libc_nano.a(libc_a-malloc.o)
                0x2000644e                free
 .text.sbrk_aligned
                0x20006458       0x5e E:/tools/NucleiStudio_IDE_202510-win64/NucleiStudio/toolchain/gcc/bin/../lib/gcc/riscv64-unknown-elf/14.2.1/../../../../riscv64-unknown-elf/lib/rv32imafc_zaamo_zalrsc_xxldsp/ilp32f\libc_nano.a(libc_a-mallocr.o)
 .text._malloc_r
                0x200064b6      0x128 E:/tools/NucleiStudio_IDE_202510-win64/NucleiStudio/toolchain/gcc/bin/../lib/gcc/riscv64-unknown-elf/14.2.1/../../../../riscv64-unknown-elf/lib/rv32imafc_zaamo_zalrsc_xxldsp/ilp32f\libc_nano.a(libc_a-mallocr.o)
                0x200064b6                _malloc_r
 .text.__malloc_lock
                0x200065de        0x2 E:/tools/NucleiStudio_IDE_202510-win64/NucleiStudio/toolchain/gcc/bin/../lib/gcc/riscv64-unknown-elf/14.2.1/../../../../riscv64-unknown-elf/lib/rv32imafc_zaamo_zalrsc_xxldsp/ilp32f\libc_nano.a(libc_a-mlock.o)
                0x200065de                __malloc_lock
 .text.__malloc_unlock
                0x200065e0        0x2 E:/tools/NucleiStudio_IDE_202510-win64/NucleiStudio/toolchain/gcc/bin/../lib/gcc/riscv64-unknown-elf/14.2.1/../../../../riscv64-unknown-elf/lib/rv32imafc_zaamo_zalrsc_xxldsp/ilp32f\libc_nano.a(libc_a-mlock.o)
                0x200065e0                __malloc_unlock
 .text.__cvt    0x200065e2       0xfe E:/tools/NucleiStudio_IDE_202510-win64/NucleiStudio/toolchain/gcc/bin/../lib/gcc/riscv64-unknown-elf/14.2.1/../../../../riscv64-unknown-elf/lib/rv32imafc_zaamo_zalrsc_xxldsp/ilp32f\libc_nano.a(libc_a-nano-vfprintf_float.o)
                0x200065e2                __cvt
 .text.__exponent
                0x200066e0       0x9c E:/tools/NucleiStudio_IDE_202510-win64/NucleiStudio/toolchain/gcc/bin/../lib/gcc/riscv64-unknown-elf/14.2.1/../../../../riscv64-unknown-elf/lib/rv32imafc_zaamo_zalrsc_xxldsp/ilp32f\libc_nano.a(libc_a-nano-vfprintf_float.o)
                0x200066e0                __exponent
 .text._printf_float
                0x2000677c      0x4d2 E:/tools/NucleiStudio_IDE_202510-win64/NucleiStudio/toolchain/gcc/bin/../lib/gcc/riscv64-unknown-elf/14.2.1/../../../../riscv64-unknown-elf/lib/rv32imafc_zaamo_zalrsc_xxldsp/ilp32f\libc_nano.a(libc_a-nano-vfprintf_float.o)
                0x2000677c                _printf_float
 .text._printf_common
                0x20006c4e      0x112 E:/tools/NucleiStudio_IDE_202510-win64/NucleiStudio/toolchain/gcc/bin/../lib/gcc/riscv64-unknown-elf/14.2.1/../../../../riscv64-unknown-elf/lib/rv32imafc_zaamo_zalrsc_xxldsp/ilp32f\libc_nano.a(libc_a-nano-vfprintf_i.o)
                0x20006c4e                _printf_common
 .text._printf_i
                0x20006d60      0x262 E:/tools/NucleiStudio_IDE_202510-win64/NucleiStudio/toolchain/gcc/bin/../lib/gcc/riscv64-unknown-elf/14.2.1/../../../../riscv64-unknown-elf/lib/rv32imafc_zaamo_zalrsc_xxldsp/ilp32f\libc_nano.a(libc_a-nano-vfprintf_i.o)
                0x20006d60                _printf_i
 .text.printf   0x20006fc2       0x2a E:/tools/NucleiStudio_IDE_202510-win64/NucleiStudio/toolchain/gcc/bin/../lib/gcc/riscv64-unknown-elf/14.2.1/../../../../riscv64-unknown-elf/lib/rv32imafc_zaamo_zalrsc_xxldsp/ilp32f\libc_nano.a(libc_a-printf.o)
                0x20006fc2                iprintf
                0x20006fc2                printf
 .text.snprintf
                0x20006fec       0x78 E:/tools/NucleiStudio_IDE_202510-win64/NucleiStudio/toolchain/gcc/bin/../lib/gcc/riscv64-unknown-elf/14.2.1/../../../../riscv64-unknown-elf/lib/rv32imafc_zaamo_zalrsc_xxldsp/ilp32f\libc_nano.a(libc_a-snprintf.o)
                0x20006fec                sniprintf
                0x20006fec                snprintf
 .text.vprintf  0x20007064        0xe E:/tools/NucleiStudio_IDE_202510-win64/NucleiStudio/toolchain/gcc/bin/../lib/gcc/riscv64-unknown-elf/14.2.1/../../../../riscv64-unknown-elf/lib/rv32imafc_zaamo_zalrsc_xxldsp/ilp32f\libc_nano.a(libc_a-vprintf.o)
                0x20007064                viprintf
                0x20007064                vprintf
 .text.memchr   0x20007072       0x1a E:/tools/NucleiStudio_IDE_202510-win64/NucleiStudio/toolchain/gcc/bin/../lib/gcc/riscv64-unknown-elf/14.2.1/../../../../riscv64-unknown-elf/lib/rv32imafc_zaamo_zalrsc_xxldsp/ilp32f\libc_nano.a(libc_a-memchr.o)
                0x20007072                memchr
 .text._localeconv_r
                0x2000708c        0xa E:/tools/NucleiStudio_IDE_202510-win64/NucleiStudio/toolchain/gcc/bin/../lib/gcc/riscv64-unknown-elf/14.2.1/../../../../riscv64-unknown-elf/lib/rv32imafc_zaamo_zalrsc_xxldsp/ilp32f\libc_nano.a(libc_a-localeconv.o)
                0x2000708c                _localeconv_r
 .text._sbrk_r  0x20007096       0x30 E:/tools/NucleiStudio_IDE_202510-win64/NucleiStudio/toolchain/gcc/bin/../lib/gcc/riscv64-unknown-elf/14.2.1/../../../../riscv64-unknown-elf/lib/rv32imafc_zaamo_zalrsc_xxldsp/ilp32f\libc_nano.a(libc_a-sbrkr.o)
                0x20007096                _sbrk_r
 .text.__libc_init_array
                0x200070c6       0x5e E:/tools/NucleiStudio_IDE_202510-win64/NucleiStudio/toolchain/gcc/bin/../lib/gcc/riscv64-unknown-elf/14.2.1/../../../../riscv64-unknown-elf/lib/rv32imafc_zaamo_zalrsc_xxldsp/ilp32f\libc_nano.a(libc_a-init.o)
                0x200070c6                __libc_init_array
 .text.__libc_fini_array
                0x20007124       0x36 E:/tools/NucleiStudio_IDE_202510-win64/NucleiStudio/toolchain/gcc/bin/../lib/gcc/riscv64-unknown-elf/14.2.1/../../../../riscv64-unknown-elf/lib/rv32imafc_zaamo_zalrsc_xxldsp/ilp32f\libc_nano.a(libc_a-fini.o)
                0x20007124                __libc_fini_array
 *fill*         0x2000715a        0x2 
 .text          0x2000715c       0xaa E:/tools/NucleiStudio_IDE_202510-win64/NucleiStudio/toolchain/gcc/bin/../lib/gcc/riscv64-unknown-elf/14.2.1/../../../../riscv64-unknown-elf/lib/rv32imafc_zaamo_zalrsc_xxldsp/ilp32f\libc_nano.a(libc_a-memset.o)
                0x2000715c                memset
 *fill*         0x20007206        0x2 
 .text.memcpy   0x20007208       0xea E:/tools/NucleiStudio_IDE_202510-win64/NucleiStudio/toolchain/gcc/bin/../lib/gcc/riscv64-unknown-elf/14.2.1/../../../../riscv64-unknown-elf/lib/rv32imafc_zaamo_zalrsc_xxldsp/ilp32f\libc_nano.a(libc_a-memcpy.o)
                0x20007208                memcpy
 *fill*         0x200072f2        0x2 
 .text.strlen   0x200072f4       0x12 E:/tools/NucleiStudio_IDE_202510-win64/NucleiStudio/toolchain/gcc/bin/../lib/gcc/riscv64-unknown-elf/14.2.1/../../../../riscv64-unknown-elf/lib/rv32imafc_zaamo_zalrsc_xxldsp/ilp32f\libc_nano.a(libc_a-strlen.o)
                0x200072f4                strlen
 .text.__register_exitproc
                0x20007306       0x80 E:/tools/NucleiStudio_IDE_202510-win64/NucleiStudio/toolchain/gcc/bin/../lib/gcc/riscv64-unknown-elf/14.2.1/../../../../riscv64-unknown-elf/lib/rv32imafc_zaamo_zalrsc_xxldsp/ilp32f\libc_nano.a(libc_a-__atexit.o)
                0x20007306                __register_exitproc
 .text.quorem   0x20007386      0x134 E:/tools/NucleiStudio_IDE_202510-win64/NucleiStudio/toolchain/gcc/bin/../lib/gcc/riscv64-unknown-elf/14.2.1/../../../../riscv64-unknown-elf/lib/rv32imafc_zaamo_zalrsc_xxldsp/ilp32f\libc_nano.a(libc_a-dtoa.o)
 .text._dtoa_r  0x200074ba      0xbf0 E:/tools/NucleiStudio_IDE_202510-win64/NucleiStudio/toolchain/gcc/bin/../lib/gcc/riscv64-unknown-elf/14.2.1/../../../../riscv64-unknown-elf/lib/rv32imafc_zaamo_zalrsc_xxldsp/ilp32f\libc_nano.a(libc_a-dtoa.o)
                0x200074ba                _dtoa_r
 .text._free_r  0x200080aa       0xa6 E:/tools/NucleiStudio_IDE_202510-win64/NucleiStudio/toolchain/gcc/bin/../lib/gcc/riscv64-unknown-elf/14.2.1/../../../../riscv64-unknown-elf/lib/rv32imafc_zaamo_zalrsc_xxldsp/ilp32f\libc_nano.a(libc_a-freer.o)
                0x200080aa                _free_r
 .text._Balloc  0x20008150       0xa2 E:/tools/NucleiStudio_IDE_202510-win64/NucleiStudio/toolchain/gcc/bin/../lib/gcc/riscv64-unknown-elf/14.2.1/../../../../riscv64-unknown-elf/lib/rv32imafc_zaamo_zalrsc_xxldsp/ilp32f\libc_nano.a(libc_a-mprec.o)
                0x20008150                _Balloc
 .text._Bfree   0x200081f2       0x60 E:/tools/NucleiStudio_IDE_202510-win64/NucleiStudio/toolchain/gcc/bin/../lib/gcc/riscv64-unknown-elf/14.2.1/../../../../riscv64-unknown-elf/lib/rv32imafc_zaamo_zalrsc_xxldsp/ilp32f\libc_nano.a(libc_a-mprec.o)
                0x200081f2                _Bfree
 .text.__multadd
                0x20008252       0xbe E:/tools/NucleiStudio_IDE_202510-win64/NucleiStudio/toolchain/gcc/bin/../lib/gcc/riscv64-unknown-elf/14.2.1/../../../../riscv64-unknown-elf/lib/rv32imafc_zaamo_zalrsc_xxldsp/ilp32f\libc_nano.a(libc_a-mprec.o)
                0x20008252                __multadd
 .text.__hi0bits
                0x20008310       0x46 E:/tools/NucleiStudio_IDE_202510-win64/NucleiStudio/toolchain/gcc/bin/../lib/gcc/riscv64-unknown-elf/14.2.1/../../../../riscv64-unknown-elf/lib/rv32imafc_zaamo_zalrsc_xxldsp/ilp32f\libc_nano.a(libc_a-mprec.o)
                0x20008310                __hi0bits
 .text.__lo0bits
                0x20008356       0x6a E:/tools/NucleiStudio_IDE_202510-win64/NucleiStudio/toolchain/gcc/bin/../lib/gcc/riscv64-unknown-elf/14.2.1/../../../../riscv64-unknown-elf/lib/rv32imafc_zaamo_zalrsc_xxldsp/ilp32f\libc_nano.a(libc_a-mprec.o)
                0x20008356                __lo0bits
 .text.__i2b    0x200083c0       0x38 E:/tools/NucleiStudio_IDE_202510-win64/NucleiStudio/toolchain/gcc/bin/../lib/gcc/riscv64-unknown-elf/14.2.1/../../../../riscv64-unknown-elf/lib/rv32imafc_zaamo_zalrsc_xxldsp/ilp32f\libc_nano.a(libc_a-mprec.o)
                0x200083c0                __i2b
 .text.__multiply
                0x200083f8      0x17e E:/tools/NucleiStudio_IDE_202510-win64/NucleiStudio/toolchain/gcc/bin/../lib/gcc/riscv64-unknown-elf/14.2.1/../../../../riscv64-unknown-elf/lib/rv32imafc_zaamo_zalrsc_xxldsp/ilp32f\libc_nano.a(libc_a-mprec.o)
                0x200083f8                __multiply
 .text.__pow5mult
                0x20008576       0xe2 E:/tools/NucleiStudio_IDE_202510-win64/NucleiStudio/toolchain/gcc/bin/../lib/gcc/riscv64-unknown-elf/14.2.1/../../../../riscv64-unknown-elf/lib/rv32imafc_zaamo_zalrsc_xxldsp/ilp32f\libc_nano.a(libc_a-mprec.o)
                0x20008576                __pow5mult
 .text.__lshift
                0x20008658      0x104 E:/tools/NucleiStudio_IDE_202510-win64/NucleiStudio/toolchain/gcc/bin/../lib/gcc/riscv64-unknown-elf/14.2.1/../../../../riscv64-unknown-elf/lib/rv32imafc_zaamo_zalrsc_xxldsp/ilp32f\libc_nano.a(libc_a-mprec.o)
                0x20008658                __lshift
 .text.__mcmp   0x2000875c       0x36 E:/tools/NucleiStudio_IDE_202510-win64/NucleiStudio/toolchain/gcc/bin/../lib/gcc/riscv64-unknown-elf/14.2.1/../../../../riscv64-unknown-elf/lib/rv32imafc_zaamo_zalrsc_xxldsp/ilp32f\libc_nano.a(libc_a-mprec.o)
                0x2000875c                __mcmp
 .text.__mdiff  0x20008792      0x174 E:/tools/NucleiStudio_IDE_202510-win64/NucleiStudio/toolchain/gcc/bin/../lib/gcc/riscv64-unknown-elf/14.2.1/../../../../riscv64-unknown-elf/lib/rv32imafc_zaamo_zalrsc_xxldsp/ilp32f\libc_nano.a(libc_a-mprec.o)
                0x20008792                __mdiff
 .text.__d2b    0x20008906       0xe0 E:/tools/NucleiStudio_IDE_202510-win64/NucleiStudio/toolchain/gcc/bin/../lib/gcc/riscv64-unknown-elf/14.2.1/../../../../riscv64-unknown-elf/lib/rv32imafc_zaamo_zalrsc_xxldsp/ilp32f\libc_nano.a(libc_a-mprec.o)
                0x20008906                __d2b
 .text.__ssputs_r
                0x200089e6       0xf2 E:/tools/NucleiStudio_IDE_202510-win64/NucleiStudio/toolchain/gcc/bin/../lib/gcc/riscv64-unknown-elf/14.2.1/../../../../riscv64-unknown-elf/lib/rv32imafc_zaamo_zalrsc_xxldsp/ilp32f\libc_nano.a(libc_a-nano-svfprintf.o)
                0x200089e6                __ssputs_r
 .text._svfprintf_r
                0x20008ad8      0x288 E:/tools/NucleiStudio_IDE_202510-win64/NucleiStudio/toolchain/gcc/bin/../lib/gcc/riscv64-unknown-elf/14.2.1/../../../../riscv64-unknown-elf/lib/rv32imafc_zaamo_zalrsc_xxldsp/ilp32f\libc_nano.a(libc_a-nano-svfprintf.o)
                0x20008ad8                _svfiprintf_r
                0x20008ad8                _svfprintf_r
 .text.__sfputc_r
                0x20008d60       0x28 E:/tools/NucleiStudio_IDE_202510-win64/NucleiStudio/toolchain/gcc/bin/../lib/gcc/riscv64-unknown-elf/14.2.1/../../../../riscv64-unknown-elf/lib/rv32imafc_zaamo_zalrsc_xxldsp/ilp32f\libc_nano.a(libc_a-nano-vfprintf.o)
 .text.__sfputs_r
                0x20008d88       0x44 E:/tools/NucleiStudio_IDE_202510-win64/NucleiStudio/toolchain/gcc/bin/../lib/gcc/riscv64-unknown-elf/14.2.1/../../../../riscv64-unknown-elf/lib/rv32imafc_zaamo_zalrsc_xxldsp/ilp32f\libc_nano.a(libc_a-nano-vfprintf.o)
                0x20008d88                __sfputs_r
 .text._vfprintf_r
                0x20008dcc      0x278 E:/tools/NucleiStudio_IDE_202510-win64/NucleiStudio/toolchain/gcc/bin/../lib/gcc/riscv64-unknown-elf/14.2.1/../../../../riscv64-unknown-elf/lib/rv32imafc_zaamo_zalrsc_xxldsp/ilp32f\libc_nano.a(libc_a-nano-vfprintf.o)
                0x20008dcc                _vfprintf_r
                0x20008dcc                _vfiprintf_r
 .text.std      0x20009044       0x6a E:/tools/NucleiStudio_IDE_202510-win64/NucleiStudio/toolchain/gcc/bin/../lib/gcc/riscv64-unknown-elf/14.2.1/../../../../riscv64-unknown-elf/lib/rv32imafc_zaamo_zalrsc_xxldsp/ilp32f\libc_nano.a(libc_a-findfp.o)
 .text.stdio_exit_handler
                0x200090ae       0x1a E:/tools/NucleiStudio_IDE_202510-win64/NucleiStudio/toolchain/gcc/bin/../lib/gcc/riscv64-unknown-elf/14.2.1/../../../../riscv64-unknown-elf/lib/rv32imafc_zaamo_zalrsc_xxldsp/ilp32f\libc_nano.a(libc_a-findfp.o)
 .text.cleanup_stdio
                0x200090c8       0x4a E:/tools/NucleiStudio_IDE_202510-win64/NucleiStudio/toolchain/gcc/bin/../lib/gcc/riscv64-unknown-elf/14.2.1/../../../../riscv64-unknown-elf/lib/rv32imafc_zaamo_zalrsc_xxldsp/ilp32f\libc_nano.a(libc_a-findfp.o)
 .text.global_stdio_init.part.0
                0x20009112       0x48 E:/tools/NucleiStudio_IDE_202510-win64/NucleiStudio/toolchain/gcc/bin/../lib/gcc/riscv64-unknown-elf/14.2.1/../../../../riscv64-unknown-elf/lib/rv32imafc_zaamo_zalrsc_xxldsp/ilp32f\libc_nano.a(libc_a-findfp.o)
 .text.__sinit  0x2000915a       0x1e E:/tools/NucleiStudio_IDE_202510-win64/NucleiStudio/toolchain/gcc/bin/../lib/gcc/riscv64-unknown-elf/14.2.1/../../../../riscv64-unknown-elf/lib/rv32imafc_zaamo_zalrsc_xxldsp/ilp32f\libc_nano.a(libc_a-findfp.o)
                0x2000915a                __sinit
 .text._fwalk_sglue
                0x20009178       0x68 E:/tools/NucleiStudio_IDE_202510-win64/NucleiStudio/toolchain/gcc/bin/../lib/gcc/riscv64-unknown-elf/14.2.1/../../../../riscv64-unknown-elf/lib/rv32imafc_zaamo_zalrsc_xxldsp/ilp32f\libc_nano.a(libc_a-fwalk.o)
                0x20009178                _fwalk_sglue
 .text.__sread  0x200091e0       0x30 E:/tools/NucleiStudio_IDE_202510-win64/NucleiStudio/toolchain/gcc/bin/../lib/gcc/riscv64-unknown-elf/14.2.1/../../../../riscv64-unknown-elf/lib/rv32imafc_zaamo_zalrsc_xxldsp/ilp32f\libc_nano.a(libc_a-stdio.o)
                0x200091e0                __sread
 .text.__swrite
                0x20009210       0x4e E:/tools/NucleiStudio_IDE_202510-win64/NucleiStudio/toolchain/gcc/bin/../lib/gcc/riscv64-unknown-elf/14.2.1/../../../../riscv64-unknown-elf/lib/rv32imafc_zaamo_zalrsc_xxldsp/ilp32f\libc_nano.a(libc_a-stdio.o)
                0x20009210                __swrite
 .text.__sseek  0x2000925e       0x36 E:/tools/NucleiStudio_IDE_202510-win64/NucleiStudio/toolchain/gcc/bin/../lib/gcc/riscv64-unknown-elf/14.2.1/../../../../riscv64-unknown-elf/lib/rv32imafc_zaamo_zalrsc_xxldsp/ilp32f\libc_nano.a(libc_a-stdio.o)
                0x2000925e                __sseek
 .text.__sclose
                0x20009294        0x6 E:/tools/NucleiStudio_IDE_202510-win64/NucleiStudio/toolchain/gcc/bin/../lib/gcc/riscv64-unknown-elf/14.2.1/../../../../riscv64-unknown-elf/lib/rv32imafc_zaamo_zalrsc_xxldsp/ilp32f\libc_nano.a(libc_a-stdio.o)
                0x20009294                __sclose
 .text.__swbuf_r
                0x2000929a       0x98 E:/tools/NucleiStudio_IDE_202510-win64/NucleiStudio/toolchain/gcc/bin/../lib/gcc/riscv64-unknown-elf/14.2.1/../../../../riscv64-unknown-elf/lib/rv32imafc_zaamo_zalrsc_xxldsp/ilp32f\libc_nano.a(libc_a-wbuf.o)
                0x2000929a                __swbuf_r
 .text.__swsetup_r
                0x20009332       0xc2 E:/tools/NucleiStudio_IDE_202510-win64/NucleiStudio/toolchain/gcc/bin/../lib/gcc/riscv64-unknown-elf/14.2.1/../../../../riscv64-unknown-elf/lib/rv32imafc_zaamo_zalrsc_xxldsp/ilp32f\libc_nano.a(libc_a-wsetup.o)
                0x20009332                __swsetup_r
 .text._close_r
                0x200093f4       0x30 E:/tools/NucleiStudio_IDE_202510-win64/NucleiStudio/toolchain/gcc/bin/../lib/gcc/riscv64-unknown-elf/14.2.1/../../../../riscv64-unknown-elf/lib/rv32imafc_zaamo_zalrsc_xxldsp/ilp32f\libc_nano.a(libc_a-closer.o)
                0x200093f4                _close_r
 .text._lseek_r
                0x20009424       0x34 E:/tools/NucleiStudio_IDE_202510-win64/NucleiStudio/toolchain/gcc/bin/../lib/gcc/riscv64-unknown-elf/14.2.1/../../../../riscv64-unknown-elf/lib/rv32imafc_zaamo_zalrsc_xxldsp/ilp32f\libc_nano.a(libc_a-lseekr.o)
                0x20009424                _lseek_r
 .text._read_r  0x20009458       0x34 E:/tools/NucleiStudio_IDE_202510-win64/NucleiStudio/toolchain/gcc/bin/../lib/gcc/riscv64-unknown-elf/14.2.1/../../../../riscv64-unknown-elf/lib/rv32imafc_zaamo_zalrsc_xxldsp/ilp32f\libc_nano.a(libc_a-readr.o)
                0x20009458                _read_r
 .text._write_r
                0x2000948c       0x34 E:/tools/NucleiStudio_IDE_202510-win64/NucleiStudio/toolchain/gcc/bin/../lib/gcc/riscv64-unknown-elf/14.2.1/../../../../riscv64-unknown-elf/lib/rv32imafc_zaamo_zalrsc_xxldsp/ilp32f\libc_nano.a(libc_a-writer.o)
                0x2000948c                _write_r
 .text.memmove  0x200094c0       0x4a E:/tools/NucleiStudio_IDE_202510-win64/NucleiStudio/toolchain/gcc/bin/../lib/gcc/riscv64-unknown-elf/14.2.1/../../../../riscv64-unknown-elf/lib/rv32imafc_zaamo_zalrsc_xxldsp/ilp32f\libc_nano.a(libc_a-memmove-stub.o)
                0x200094c0                memmove
 .text.__assert_func
                0x2000950a       0x36 E:/tools/NucleiStudio_IDE_202510-win64/NucleiStudio/toolchain/gcc/bin/../lib/gcc/riscv64-unknown-elf/14.2.1/../../../../riscv64-unknown-elf/lib/rv32imafc_zaamo_zalrsc_xxldsp/ilp32f\libc_nano.a(libc_a-assert.o)
                0x2000950a                __assert_func
 .text.__ascii_mbtowc
                0x20009540       0x3a E:/tools/NucleiStudio_IDE_202510-win64/NucleiStudio/toolchain/gcc/bin/../lib/gcc/riscv64-unknown-elf/14.2.1/../../../../riscv64-unknown-elf/lib/rv32imafc_zaamo_zalrsc_xxldsp/ilp32f\libc_nano.a(libc_a-mbtowc_r.o)
                0x20009540                __ascii_mbtowc
 .text._realloc_r
                0x2000957a       0x7e E:/tools/NucleiStudio_IDE_202510-win64/NucleiStudio/toolchain/gcc/bin/../lib/gcc/riscv64-unknown-elf/14.2.1/../../../../riscv64-unknown-elf/lib/rv32imafc_zaamo_zalrsc_xxldsp/ilp32f\libc_nano.a(libc_a-reallocr.o)
                0x2000957a                _realloc_r
 .text.__ascii_wctomb
                0x200095f8       0x20 E:/tools/NucleiStudio_IDE_202510-win64/NucleiStudio/toolchain/gcc/bin/../lib/gcc/riscv64-unknown-elf/14.2.1/../../../../riscv64-unknown-elf/lib/rv32imafc_zaamo_zalrsc_xxldsp/ilp32f\libc_nano.a(libc_a-wctomb_r.o)
                0x200095f8                __ascii_wctomb
 .text.__sflush_r
                0x20009618      0x130 E:/tools/NucleiStudio_IDE_202510-win64/NucleiStudio/toolchain/gcc/bin/../lib/gcc/riscv64-unknown-elf/14.2.1/../../../../riscv64-unknown-elf/lib/rv32imafc_zaamo_zalrsc_xxldsp/ilp32f\libc_nano.a(libc_a-fflush.o)
                0x20009618                __sflush_r
 .text._fflush_r
                0x20009748       0x3a E:/tools/NucleiStudio_IDE_202510-win64/NucleiStudio/toolchain/gcc/bin/../lib/gcc/riscv64-unknown-elf/14.2.1/../../../../riscv64-unknown-elf/lib/rv32imafc_zaamo_zalrsc_xxldsp/ilp32f\libc_nano.a(libc_a-fflush.o)
                0x20009748                _fflush_r
 .text.fprintf  0x20009782       0x26 E:/tools/NucleiStudio_IDE_202510-win64/NucleiStudio/toolchain/gcc/bin/../lib/gcc/riscv64-unknown-elf/14.2.1/../../../../riscv64-unknown-elf/lib/rv32imafc_zaamo_zalrsc_xxldsp/ilp32f\libc_nano.a(libc_a-fprintf.o)
                0x20009782                fiprintf
                0x20009782                fprintf
 .text.__swhatbuf_r
                0x200097a8       0x5a E:/tools/NucleiStudio_IDE_202510-win64/NucleiStudio/toolchain/gcc/bin/../lib/gcc/riscv64-unknown-elf/14.2.1/../../../../riscv64-unknown-elf/lib/rv32imafc_zaamo_zalrsc_xxldsp/ilp32f\libc_nano.a(libc_a-makebuf.o)
                0x200097a8                __swhatbuf_r
 .text.__smakebuf_r
                0x20009802       0x86 E:/tools/NucleiStudio_IDE_202510-win64/NucleiStudio/toolchain/gcc/bin/../lib/gcc/riscv64-unknown-elf/14.2.1/../../../../riscv64-unknown-elf/lib/rv32imafc_zaamo_zalrsc_xxldsp/ilp32f\libc_nano.a(libc_a-makebuf.o)
                0x20009802                __smakebuf_r
 .text._fstat_r
                0x20009888       0x32 E:/tools/NucleiStudio_IDE_202510-win64/NucleiStudio/toolchain/gcc/bin/../lib/gcc/riscv64-unknown-elf/14.2.1/../../../../riscv64-unknown-elf/lib/rv32imafc_zaamo_zalrsc_xxldsp/ilp32f\libc_nano.a(libc_a-fstatr.o)
                0x20009888                _fstat_r
 .text._isatty_r
                0x200098ba       0x30 E:/tools/NucleiStudio_IDE_202510-win64/NucleiStudio/toolchain/gcc/bin/../lib/gcc/riscv64-unknown-elf/14.2.1/../../../../riscv64-unknown-elf/lib/rv32imafc_zaamo_zalrsc_xxldsp/ilp32f\libc_nano.a(libc_a-isattyr.o)
                0x200098ba                _isatty_r
 .text.abort    0x200098ea        0xe E:/tools/NucleiStudio_IDE_202510-win64/NucleiStudio/toolchain/gcc/bin/../lib/gcc/riscv64-unknown-elf/14.2.1/../../../../riscv64-unknown-elf/lib/rv32imafc_zaamo_zalrsc_xxldsp/ilp32f\libc_nano.a(libc_a-abort.o)
                0x200098ea                abort
 .text._malloc_usable_size_r
                0x200098f8       0x14 E:/tools/NucleiStudio_IDE_202510-win64/NucleiStudio/toolchain/gcc/bin/../lib/gcc/riscv64-unknown-elf/14.2.1/../../../../riscv64-unknown-elf/lib/rv32imafc_zaamo_zalrsc_xxldsp/ilp32f\libc_nano.a(libc_a-msizer.o)
                0x200098f8                _malloc_usable_size_r
 .text._raise_r
                0x2000990c       0x5e E:/tools/NucleiStudio_IDE_202510-win64/NucleiStudio/toolchain/gcc/bin/../lib/gcc/riscv64-unknown-elf/14.2.1/../../../../riscv64-unknown-elf/lib/rv32imafc_zaamo_zalrsc_xxldsp/ilp32f\libc_nano.a(libc_a-signal.o)
                0x2000990c                _raise_r
 .text.raise    0x2000996a        0xa E:/tools/NucleiStudio_IDE_202510-win64/NucleiStudio/toolchain/gcc/bin/../lib/gcc/riscv64-unknown-elf/14.2.1/../../../../riscv64-unknown-elf/lib/rv32imafc_zaamo_zalrsc_xxldsp/ilp32f\libc_nano.a(libc_a-signal.o)
                0x2000996a                raise
 .text._kill_r  0x20009974       0x32 E:/tools/NucleiStudio_IDE_202510-win64/NucleiStudio/toolchain/gcc/bin/../lib/gcc/riscv64-unknown-elf/14.2.1/../../../../riscv64-unknown-elf/lib/rv32imafc_zaamo_zalrsc_xxldsp/ilp32f\libc_nano.a(libc_a-signalr.o)
                0x20009974                _kill_r
 .text._getpid_r
                0x200099a6        0x4 E:/tools/NucleiStudio_IDE_202510-win64/NucleiStudio/toolchain/gcc/bin/../lib/gcc/riscv64-unknown-elf/14.2.1/../../../../riscv64-unknown-elf/lib/rv32imafc_zaamo_zalrsc_xxldsp/ilp32f\libc_nano.a(libc_a-signalr.o)
                0x200099a6                _getpid_r
 .text          0x200099aa      0x372 E:/tools/NucleiStudio_IDE_202510-win64/NucleiStudio/toolchain/gcc/bin/../lib/gcc/riscv64-unknown-elf/14.2.1/rv32imafc_zaamo_zalrsc_xxldsp/ilp32f\libgcc.a(_udivdi3.o)
                0x200099aa                __udivdi3
 .text          0x20009d1c      0x35c E:/tools/NucleiStudio_IDE_202510-win64/NucleiStudio/toolchain/gcc/bin/../lib/gcc/riscv64-unknown-elf/14.2.1/rv32imafc_zaamo_zalrsc_xxldsp/ilp32f\libgcc.a(_umoddi3.o)
                0x20009d1c                __umoddi3
 .text          0x2000a078      0x824 E:/tools/NucleiStudio_IDE_202510-win64/NucleiStudio/toolchain/gcc/bin/../lib/gcc/riscv64-unknown-elf/14.2.1/rv32imafc_zaamo_zalrsc_xxldsp/ilp32f\libgcc.a(adddf3.o)
                0x2000a078                __adddf3
 .text          0x2000a89c      0x68c E:/tools/NucleiStudio_IDE_202510-win64/NucleiStudio/toolchain/gcc/bin/../lib/gcc/riscv64-unknown-elf/14.2.1/rv32imafc_zaamo_zalrsc_xxldsp/ilp32f\libgcc.a(divdf3.o)
                0x2000a89c                __divdf3
 .text          0x2000af28       0xa8 E:/tools/NucleiStudio_IDE_202510-win64/NucleiStudio/toolchain/gcc/bin/../lib/gcc/riscv64-unknown-elf/14.2.1/rv32imafc_zaamo_zalrsc_xxldsp/ilp32f\libgcc.a(eqdf2.o)
                0x2000af28                __nedf2
                0x2000af28                __eqdf2
 .text          0x2000afd0       0xae E:/tools/NucleiStudio_IDE_202510-win64/NucleiStudio/toolchain/gcc/bin/../lib/gcc/riscv64-unknown-elf/14.2.1/rv32imafc_zaamo_zalrsc_xxldsp/ilp32f\libgcc.a(gedf2.o)
                0x2000afd0                __gedf2
                0x2000afd0                __gtdf2
 .text          0x2000b07e       0xae E:/tools/NucleiStudio_IDE_202510-win64/NucleiStudio/toolchain/gcc/bin/../lib/gcc/riscv64-unknown-elf/14.2.1/rv32imafc_zaamo_zalrsc_xxldsp/ilp32f\libgcc.a(ledf2.o)
                0x2000b07e                __ledf2
                0x2000b07e                __ltdf2
 .text          0x2000b12c      0x586 E:/tools/NucleiStudio_IDE_202510-win64/NucleiStudio/toolchain/gcc/bin/../lib/gcc/riscv64-unknown-elf/14.2.1/rv32imafc_zaamo_zalrsc_xxldsp/ilp32f\libgcc.a(muldf3.o)
                0x2000b12c                __muldf3
 .text          0x2000b6b2      0x82e E:/tools/NucleiStudio_IDE_202510-win64/NucleiStudio/toolchain/gcc/bin/../lib/gcc/riscv64-unknown-elf/14.2.1/rv32imafc_zaamo_zalrsc_xxldsp/ilp32f\libgcc.a(subdf3.o)
                0x2000b6b2                __subdf3
 .text          0x2000bee0       0x6a E:/tools/NucleiStudio_IDE_202510-win64/NucleiStudio/toolchain/gcc/bin/../lib/gcc/riscv64-unknown-elf/14.2.1/rv32imafc_zaamo_zalrsc_xxldsp/ilp32f\libgcc.a(unorddf2.o)
                0x2000bee0                __unorddf2
 .text          0x2000bf4a       0xbe E:/tools/NucleiStudio_IDE_202510-win64/NucleiStudio/toolchain/gcc/bin/../lib/gcc/riscv64-unknown-elf/14.2.1/rv32imafc_zaamo_zalrsc_xxldsp/ilp32f\libgcc.a(fixdfsi.o)
                0x2000bf4a                __fixdfsi
 .text          0x2000c008       0x64 E:/tools/NucleiStudio_IDE_202510-win64/NucleiStudio/toolchain/gcc/bin/../lib/gcc/riscv64-unknown-elf/14.2.1/rv32imafc_zaamo_zalrsc_xxldsp/ilp32f\libgcc.a(floatsidf.o)
                0x2000c008                __floatsidf
 .text          0x2000c06c       0x4c E:/tools/NucleiStudio_IDE_202510-win64/NucleiStudio/toolchain/gcc/bin/../lib/gcc/riscv64-unknown-elf/14.2.1/rv32imafc_zaamo_zalrsc_xxldsp/ilp32f\libgcc.a(floatunsidf.o)
                0x2000c06c                __floatunsidf
 .text          0x2000c0b8      0x36a E:/tools/NucleiStudio_IDE_202510-win64/NucleiStudio/toolchain/gcc/bin/../lib/gcc/riscv64-unknown-elf/14.2.1/rv32imafc_zaamo_zalrsc_xxldsp/ilp32f\libgcc.a(trunctfdf2.o)
                0x2000c0b8                __trunctfdf2
 .text          0x2000c422       0x3c E:/tools/NucleiStudio_IDE_202510-win64/NucleiStudio/toolchain/gcc/bin/../lib/gcc/riscv64-unknown-elf/14.2.1/rv32imafc_zaamo_zalrsc_xxldsp/ilp32f\libgcc.a(_clzsi2.o)
                0x2000c422                __clzsi2
 .text._getpid  0x2000c45e        0x4 E:/tools/NucleiStudio_IDE_202510-win64/NucleiStudio/toolchain/gcc/bin/../lib/gcc/riscv64-unknown-elf/14.2.1/../../../../riscv64-unknown-elf/lib/rv32imafc_zaamo_zalrsc_xxldsp/ilp32f\libsemihost.a(riscv_libsemihost_a-sys_getpid.o)
                0x2000c45e                _getpid
 .text._kill    0x2000c462       0x12 E:/tools/NucleiStudio_IDE_202510-win64/NucleiStudio/toolchain/gcc/bin/../lib/gcc/riscv64-unknown-elf/14.2.1/../../../../riscv64-unknown-elf/lib/rv32imafc_zaamo_zalrsc_xxldsp/ilp32f\libsemihost.a(riscv_libsemihost_a-sys_kill.o)
                0x2000c462                _kill
 *fill*         0x2000c474        0xc 
 .text._close   0x2000c480       0x6a E:/tools/NucleiStudio_IDE_202510-win64/NucleiStudio/toolchain/gcc/bin/../lib/gcc/riscv64-unknown-elf/14.2.1/../../../../riscv64-unknown-elf/lib/rv32imafc_zaamo_zalrsc_xxldsp/ilp32f\libsemihost.a(riscv_libsemihost_a-semihost-sys_close.o)
                0x2000c480                _close
 *fill*         0x2000c4ea        0x6 
 .text.__semihost_syscall
                0x2000c4f0       0x12 E:/tools/NucleiStudio_IDE_202510-win64/NucleiStudio/toolchain/gcc/bin/../lib/gcc/riscv64-unknown-elf/14.2.1/../../../../riscv64-unknown-elf/lib/rv32imafc_zaamo_zalrsc_xxldsp/ilp32f\libsemihost.a(riscv_libsemihost_a-semihost-sys_exit.o)
 .text._exit    0x2000c502       0x2a E:/tools/NucleiStudio_IDE_202510-win64/NucleiStudio/toolchain/gcc/bin/../lib/gcc/riscv64-unknown-elf/14.2.1/../../../../riscv64-unknown-elf/lib/rv32imafc_zaamo_zalrsc_xxldsp/ilp32f\libsemihost.a(riscv_libsemihost_a-semihost-sys_exit.o)
                0x2000c502                _exit
 .text.__add_fdentry
                0x2000c52c       0x42 E:/tools/NucleiStudio_IDE_202510-win64/NucleiStudio/toolchain/gcc/bin/../lib/gcc/riscv64-unknown-elf/14.2.1/../../../../riscv64-unknown-elf/lib/rv32imafc_zaamo_zalrsc_xxldsp/ilp32f\libsemihost.a(riscv_libsemihost_a-semihost-sys_fdtable.o)
                0x2000c52c                __add_fdentry
 .text.__get_fdentry
                0x2000c56e       0x2e E:/tools/NucleiStudio_IDE_202510-win64/NucleiStudio/toolchain/gcc/bin/../lib/gcc/riscv64-unknown-elf/14.2.1/../../../../riscv64-unknown-elf/lib/rv32imafc_zaamo_zalrsc_xxldsp/ilp32f\libsemihost.a(riscv_libsemihost_a-semihost-sys_fdtable.o)
                0x2000c56e                __get_fdentry
 .text.__remove_fdentry
                0x2000c59c       0x12 E:/tools/NucleiStudio_IDE_202510-win64/NucleiStudio/toolchain/gcc/bin/../lib/gcc/riscv64-unknown-elf/14.2.1/../../../../riscv64-unknown-elf/lib/rv32imafc_zaamo_zalrsc_xxldsp/ilp32f\libsemihost.a(riscv_libsemihost_a-semihost-sys_fdtable.o)
                0x2000c59c                __remove_fdentry
 .text._fstat   0x2000c5ae       0x22 E:/tools/NucleiStudio_IDE_202510-win64/NucleiStudio/toolchain/gcc/bin/../lib/gcc/riscv64-unknown-elf/14.2.1/../../../../riscv64-unknown-elf/lib/rv32imafc_zaamo_zalrsc_xxldsp/ilp32f\libsemihost.a(riscv_libsemihost_a-semihost-sys_fstat.o)
                0x2000c5ae                _fstat
 *fill*         0x2000c5d0        0x0 
 .text._isatty  0x2000c5d0       0x64 E:/tools/NucleiStudio_IDE_202510-win64/NucleiStudio/toolchain/gcc/bin/../lib/gcc/riscv64-unknown-elf/14.2.1/../../../../riscv64-unknown-elf/lib/rv32imafc_zaamo_zalrsc_xxldsp/ilp32f\libsemihost.a(riscv_libsemihost_a-semihost-sys_isatty.o)
                0x2000c5d0                _isatty
 *fill*         0x2000c634        0xc 
 .text._lseek   0x2000c640       0xd8 E:/tools/NucleiStudio_IDE_202510-win64/NucleiStudio/toolchain/gcc/bin/../lib/gcc/riscv64-unknown-elf/14.2.1/../../../../riscv64-unknown-elf/lib/rv32imafc_zaamo_zalrsc_xxldsp/ilp32f\libsemihost.a(riscv_libsemihost_a-semihost-sys_lseek.o)
                0x2000c640                _lseek
 *fill*         0x2000c718        0x8 
 .text._open    0x2000c720       0xc2 E:/tools/NucleiStudio_IDE_202510-win64/NucleiStudio/toolchain/gcc/bin/../lib/gcc/riscv64-unknown-elf/14.2.1/../../../../riscv64-unknown-elf/lib/rv32imafc_zaamo_zalrsc_xxldsp/ilp32f\libsemihost.a(riscv_libsemihost_a-semihost-sys_open.o)
                0x2000c720                _open
 *fill*         0x2000c7e2        0xe 
 .text._read    0x2000c7f0       0x70 E:/tools/NucleiStudio_IDE_202510-win64/NucleiStudio/toolchain/gcc/bin/../lib/gcc/riscv64-unknown-elf/14.2.1/../../../../riscv64-unknown-elf/lib/rv32imafc_zaamo_zalrsc_xxldsp/ilp32f\libsemihost.a(riscv_libsemihost_a-semihost-sys_read.o)
                0x2000c7f0                _read
 .text._sbrk    0x2000c860       0x24 E:/tools/NucleiStudio_IDE_202510-win64/NucleiStudio/toolchain/gcc/bin/../lib/gcc/riscv64-unknown-elf/14.2.1/../../../../riscv64-unknown-elf/lib/rv32imafc_zaamo_zalrsc_xxldsp/ilp32f\libsemihost.a(riscv_libsemihost_a-semihost-sys_sbrk.o)
                0x2000c860                _sbrk
 *fill*         0x2000c884        0xc 
 .text.__stat_common
                0x2000c890       0x6c E:/tools/NucleiStudio_IDE_202510-win64/NucleiStudio/toolchain/gcc/bin/../lib/gcc/riscv64-unknown-elf/14.2.1/../../../../riscv64-unknown-elf/lib/rv32imafc_zaamo_zalrsc_xxldsp/ilp32f\libsemihost.a(riscv_libsemihost_a-semihost-sys_stat_common.o)
                0x2000c890                __stat_common
 *fill*         0x2000c8fc        0x4 
 .text._write   0x2000c900       0x6a E:/tools/NucleiStudio_IDE_202510-win64/NucleiStudio/toolchain/gcc/bin/../lib/gcc/riscv64-unknown-elf/14.2.1/../../../../riscv64-unknown-elf/lib/rv32imafc_zaamo_zalrsc_xxldsp/ilp32f\libsemihost.a(riscv_libsemihost_a-semihost-sys_write.o)
                0x2000c900                _write
 .text.vpi_pool_init
                0x2000c96a       0xc8 E:\VeriHealthi_QEMU_SDK.202606_preliminary\VeriHealthi_QEMU_SDK_v3.7\VeriHealthi_QEMU_SDK_v3.7\galaxy_sdk\modules\lib\libcommon_riscv.a(list_pool.c.o)
                0x2000c96a                vpi_pool_init
 .text.vpi_pool_put_buf_back
                0x2000ca32       0x38 E:\VeriHealthi_QEMU_SDK.202606_preliminary\VeriHealthi_QEMU_SDK_v3.7\VeriHealthi_QEMU_SDK_v3.7\galaxy_sdk\modules\lib\libcommon_riscv.a(list_pool.c.o)
                0x2000ca32                vpi_pool_put_buf_back
 .text.vpi_pool_get_buf
                0x2000ca6a       0x3e E:\VeriHealthi_QEMU_SDK.202606_preliminary\VeriHealthi_QEMU_SDK_v3.7\VeriHealthi_QEMU_SDK_v3.7\galaxy_sdk\modules\lib\libcommon_riscv.a(list_pool.c.o)
                0x2000ca6a                vpi_pool_get_buf
 .text.osal_create_spinlock
                0x2000caa8        0x4 E:\VeriHealthi_QEMU_SDK.202606_preliminary\VeriHealthi_QEMU_SDK_v3.7\VeriHealthi_QEMU_SDK_v3.7\galaxy_sdk\osal\lib\libosal_riscv.a(osal_spinlock.c.o)
                0x2000caa8                osal_create_spinlock
 .text.osal_unlock_spinlock
                0x2000caac       0x10 E:\VeriHealthi_QEMU_SDK.202606_preliminary\VeriHealthi_QEMU_SDK_v3.7\VeriHealthi_QEMU_SDK_v3.7\galaxy_sdk\osal\lib\libosal_riscv.a(osal_spinlock.c.o)
                0x2000caac                osal_unlock_spinlock
 .text.osal_lock_spinlock
                0x2000cabc       0x10 E:\VeriHealthi_QEMU_SDK.202606_preliminary\VeriHealthi_QEMU_SDK_v3.7\VeriHealthi_QEMU_SDK_v3.7\galaxy_sdk\osal\lib\libosal_riscv.a(osal_spinlock.c.o)
                0x2000cabc                osal_lock_spinlock
 .text.__errno  0x2000cacc        0x6 E:/tools/NucleiStudio_IDE_202510-win64/NucleiStudio/toolchain/gcc/bin/../lib/gcc/riscv64-unknown-elf/14.2.1/../../../../riscv64-unknown-elf/lib/rv32imafc_zaamo_zalrsc_xxldsp/ilp32f\libc_nano.a(libc_a-errno.o)
                0x2000cacc                __errno
 *(.gnu.linkonce.t.*)
                0x2000cad8                        . = ALIGN (0x8)
 *fill*         0x2000cad2        0x6 
 *(.srodata.cst16)
 *(.srodata.cst8)
 .srodata.cst8  0x2000cad8       0x50 E:/tools/NucleiStudio_IDE_202510-win64/NucleiStudio/toolchain/gcc/bin/../lib/gcc/riscv64-unknown-elf/14.2.1/../../../../riscv64-unknown-elf/lib/rv32imafc_zaamo_zalrsc_xxldsp/ilp32f\libc_nano.a(libc_a-nano-vfprintf_float.o)
                                  0x8 (size before relaxing)
 .srodata.cst8  0x2000cb28       0x48 E:/tools/NucleiStudio_IDE_202510-win64/NucleiStudio/toolchain/gcc/bin/../lib/gcc/riscv64-unknown-elf/14.2.1/../../../../riscv64-unknown-elf/lib/rv32imafc_zaamo_zalrsc_xxldsp/ilp32f\libc_nano.a(libc_a-dtoa.o)
 *(.srodata.cst4)
 *(.srodata.cst2)
 *(.srodata .srodata.*)
 .srodata.qemu_board_name
                0x2000cb28        0x5 ./galaxy_sdk/bsp/src/qemu_board.o
 *fill*         0x2000cb2d        0x3 
 .srodata.uxTopUsedPriority
                0x2000cb30        0x4 E:\VeriHealthi_QEMU_SDK.202606_preliminary\VeriHealthi_QEMU_SDK_v3.7\VeriHealthi_QEMU_SDK_v3.7\galaxy_sdk\os\lib\libos_riscv.a(tasks.c.o)
                0x2000cb30                uxTopUsedPriority
 *(.rdata)
 *(.rodata .rodata.*)
 .rodata.qemu_board_ops
                0x2000cb34        0xc ./galaxy_sdk/bsp/src/qemu_board.o
                0x2000cb34                qemu_board_ops
 .rodata.imu_sensor_config
                0x2000cb40        0xc ./galaxy_sdk/bsp/src/qemu_board.o
 .rodata.task_init_app.str1.4
                0x2000cb4c      0xdad ./galaxy_sdk/main.o
                                 0x7d (size before relaxing)
 .rodata.algo_event_handler.str1.4
                0x2000d8f9       0x27 ./galaxy_sdk/main.o
 .rodata.algo_task.str1.4
                0x2000d8f9       0x1d ./galaxy_sdk/main.o
 .rodata.imu_task.str1.4
                0x2000d8f9      0x189 ./galaxy_sdk/main.o
 .rodata.imu_event_handler.str1.4
                0x2000d8f9       0x4b ./galaxy_sdk/main.o
 .rodata.main.str1.4
                0x2000d8f9       0x2d ./galaxy_sdk/main.o
 .rodata.vApplicationStackOverflowHook.str1.4
                0x2000d8f9       0x1d E:\VeriHealthi_QEMU_SDK.202606_preliminary\VeriHealthi_QEMU_SDK_v3.7\VeriHealthi_QEMU_SDK_v3.7\galaxy_sdk\bsp\lib\libbsp_riscv.a(port.c.o)
 .rodata.vApplicationMallocFailedHook.str1.4
                0x2000d8f9        0xe E:\VeriHealthi_QEMU_SDK.202606_preliminary\VeriHealthi_QEMU_SDK_v3.7\VeriHealthi_QEMU_SDK_v3.7\galaxy_sdk\bsp\lib\libbsp_riscv.a(port.c.o)
 .rodata.system_default_exception_handler.str1.4
                0x2000d8f9       0x71 E:\VeriHealthi_QEMU_SDK.202606_preliminary\VeriHealthi_QEMU_SDK_v3.7\VeriHealthi_QEMU_SDK_v3.7\galaxy_sdk\bsp\lib\libbsp_riscv.a(system_pegasus.c.o)
 .rodata.timer_handler.str1.4
                0x2000d8f9       0x3e E:\VeriHealthi_QEMU_SDK.202606_preliminary\VeriHealthi_QEMU_SDK_v3.7\VeriHealthi_QEMU_SDK_v3.7\galaxy_sdk\drivers\lib\libdriver_riscv.a(imu_simulator.c.o)
 .rodata.bmi160_set_gyro_cfg.str1.4
                0x2000d8f9       0x44 E:\VeriHealthi_QEMU_SDK.202606_preliminary\VeriHealthi_QEMU_SDK_v3.7\VeriHealthi_QEMU_SDK_v3.7\galaxy_sdk\drivers\lib\libdriver_riscv.a(imu_simulator.c.o)
 .rodata.bmi160_set_accel_cfg.str1.4
                0x2000d8f9       0x45 E:\VeriHealthi_QEMU_SDK.202606_preliminary\VeriHealthi_QEMU_SDK_v3.7\VeriHealthi_QEMU_SDK_v3.7\galaxy_sdk\drivers\lib\libdriver_riscv.a(imu_simulator.c.o)
 *fill*         0x2000d8f9        0x3 
 .rodata.bmi160_set_accel_cfg
                0x2000d8fc       0x20 E:\VeriHealthi_QEMU_SDK.202606_preliminary\VeriHealthi_QEMU_SDK_v3.7\VeriHealthi_QEMU_SDK_v3.7\galaxy_sdk\drivers\lib\libdriver_riscv.a(imu_simulator.c.o)
 .rodata.bmi160_init.str1.4
                0x2000d91c       0x39 E:\VeriHealthi_QEMU_SDK.202606_preliminary\VeriHealthi_QEMU_SDK_v3.7\VeriHealthi_QEMU_SDK_v3.7\galaxy_sdk\drivers\lib\libdriver_riscv.a(imu_simulator.c.o)
 .rodata.bmi160_set_suspend_mode.str1.4
                0x2000d91c       0x23 E:\VeriHealthi_QEMU_SDK.202606_preliminary\VeriHealthi_QEMU_SDK_v3.7\VeriHealthi_QEMU_SDK_v3.7\galaxy_sdk\drivers\lib\libdriver_riscv.a(imu_simulator.c.o)
 .rodata.bmi160_set_suspend_mode
                0x2000d91c       0x18 E:\VeriHealthi_QEMU_SDK.202606_preliminary\VeriHealthi_QEMU_SDK_v3.7\VeriHealthi_QEMU_SDK_v3.7\galaxy_sdk\drivers\lib\libdriver_riscv.a(imu_simulator.c.o)
 .rodata.bmi160_set_normal_mode.str1.4
                0x2000d934       0x70 E:\VeriHealthi_QEMU_SDK.202606_preliminary\VeriHealthi_QEMU_SDK_v3.7\VeriHealthi_QEMU_SDK_v3.7\galaxy_sdk\drivers\lib\libdriver_riscv.a(imu_simulator.c.o)
 .rodata.bmi160_set_normal_mode
                0x2000d934       0x18 E:\VeriHealthi_QEMU_SDK.202606_preliminary\VeriHealthi_QEMU_SDK_v3.7\VeriHealthi_QEMU_SDK_v3.7\galaxy_sdk\drivers\lib\libdriver_riscv.a(imu_simulator.c.o)
 .rodata.bmi160_get_fifo_data.str1.4
                0x2000d94c       0x39 E:\VeriHealthi_QEMU_SDK.202606_preliminary\VeriHealthi_QEMU_SDK_v3.7\VeriHealthi_QEMU_SDK_v3.7\galaxy_sdk\drivers\lib\libdriver_riscv.a(imu_simulator.c.o)
 .rodata.bmi160_fifo_parsing_gyro_accel.str1.4
                0x2000d94c      0x1b7 E:\VeriHealthi_QEMU_SDK.202606_preliminary\VeriHealthi_QEMU_SDK_v3.7\VeriHealthi_QEMU_SDK_v3.7\galaxy_sdk\drivers\lib\libdriver_riscv.a(imu_simulator.c.o)
 .rodata.bmi160_fifo_parsing_accel.str1.4
                0x2000d94c      0x196 E:\VeriHealthi_QEMU_SDK.202606_preliminary\VeriHealthi_QEMU_SDK_v3.7\VeriHealthi_QEMU_SDK_v3.7\galaxy_sdk\drivers\lib\libdriver_riscv.a(imu_simulator.c.o)
 .rodata.imu_simulator_ops
                0x2000d94c       0x84 E:\VeriHealthi_QEMU_SDK.202606_preliminary\VeriHealthi_QEMU_SDK_v3.7\VeriHealthi_QEMU_SDK_v3.7\galaxy_sdk\drivers\lib\libdriver_riscv.a(imu_simulator.c.o)
                0x2000d94c                imu_simulator_ops
 .rodata.imu_simu_data
                0x2000d9d0    0x4ed30 E:\VeriHealthi_QEMU_SDK.202606_preliminary\VeriHealthi_QEMU_SDK_v3.7\VeriHealthi_QEMU_SDK_v3.7\galaxy_sdk\drivers\lib\libdriver_riscv.a(imu_simulator.c.o)
 .rodata.vpi_get_event_name.str1.4
                0x2005c700      0x160 E:\VeriHealthi_QEMU_SDK.202606_preliminary\VeriHealthi_QEMU_SDK_v3.7\VeriHealthi_QEMU_SDK_v3.7\galaxy_sdk\modules\lib\libcommon_riscv.a(event_sys.c.o)
 .rodata.vpi_get_event_name
                0x2005c700       0xa0 E:\VeriHealthi_QEMU_SDK.202606_preliminary\VeriHealthi_QEMU_SDK_v3.7\VeriHealthi_QEMU_SDK_v3.7\galaxy_sdk\modules\lib\libcommon_riscv.a(event_sys.c.o)
 .rodata.vpi_event_notify_base.str1.4