Archive member included to satisfy reference by file (symbol)

E:\mwp\mmy\galaxy_sdk\bsp\lib\libbsp_riscv.a(port.c.o)
                              ./galaxy_sdk/bsp/src/portasm.o (xPortTaskSwitch)
E:\mwp\mmy\galaxy_sdk\bsp\lib\libbsp_riscv.a(soc_init.c.o)
                              ./galaxy_sdk/main.o (soc_init)
E:\mwp\mmy\galaxy_sdk\bsp\lib\libbsp_riscv.a(soc_sysctl.c.o)
                              E:\mwp\mmy\galaxy_sdk\bsp\lib\libbsp_riscv.a(port.c.o) (soc_rtc_clock_get_freq)
E:\mwp\mmy\galaxy_sdk\bsp\lib\libbsp_riscv.a(system_pegasus.c.o)
                              ./galaxy_sdk/bsp/src/startup_riscv.o (premain_system_init)
E:\mwp\mmy\galaxy_sdk\bsp\lib\libbsp_riscv.a(boot.c.o)
                              E:\mwp\mmy\galaxy_sdk\bsp\lib\libbsp_riscv.a(soc_sysctl.c.o) (boot_get_zsp_addr)
E:\mwp\mmy\galaxy_sdk\bsp\lib\libbsp_riscv.a(board.c.o)
                              ./galaxy_sdk/main.o (board_register)
E:\mwp\mmy\galaxy_sdk\bsp\lib\libbsp_riscv.a(arch_api.c.o)
                              E:\mwp\mmy\galaxy_sdk\bsp\lib\libbsp_riscv.a(port.c.o) (cpu_sleep)
E:\mwp\mmy\galaxy_sdk\drivers\lib\libdriver_riscv.a(clock.c.o)
                              E:\mwp\mmy\galaxy_sdk\bsp\lib\libbsp_riscv.a(soc_sysctl.c.o) (clk_get_rate)
E:\mwp\mmy\galaxy_sdk\modules\lib\libcommon_riscv.a(event_sys.c.o)
                              ./galaxy_sdk/main.o (vpi_event_new_manager)
E:\mwp\mmy\galaxy_sdk\modules\lib\libcommon_riscv.a(event_notify.c.o)
                              ./galaxy_sdk/main.o (vpi_event_notify)
E:\mwp\mmy\galaxy_sdk\modules\lib\libcommon_riscv.a(event_register.c.o)
                              ./galaxy_sdk/main.o (vpi_event_register)
E:\mwp\mmy\galaxy_sdk\modules\lib\libcommon_riscv.a(event_listener.c.o)
                              E:\mwp\mmy\galaxy_sdk\modules\lib\libcommon_riscv.a(event_register.c.o) (get_manager_listener)
E:\mwp\mmy\galaxy_sdk\modules\lib\libcommon_riscv.a(event_group.c.o)
                              E:\mwp\mmy\galaxy_sdk\modules\lib\libcommon_riscv.a(event_listener.c.o) (get_group_name)
E:\mwp\mmy\galaxy_sdk\modules\lib\libcommon_riscv.a(event_task.c.o)
                              E:\mwp\mmy\galaxy_sdk\modules\lib\libcommon_riscv.a(event_notify.c.o) (listener_task_dispatch_event)
E:\mwp\mmy\galaxy_sdk\modules\lib\libcommon_riscv.a(vs_logging.c.o)
                              E:\mwp\mmy\galaxy_sdk\modules\lib\libcommon_riscv.a(event_notify.c.o) (vs_logging_level)
E:\mwp\mmy\galaxy_sdk\modules\lib\libcommon_riscv.a(uart_printf.c.o)
                              ./galaxy_sdk/main.o (uart_printf)
E:\mwp\mmy\galaxy_sdk\modules\lib\libcommon_riscv.a(vpi_error.c.o)
                              ./galaxy_sdk/main.o (vsd_to_vpi)
E:\mwp\mmy\galaxy_sdk\modules\lib\libcommon_riscv.a(event_list.c.o)
                              E:\mwp\mmy\galaxy_sdk\modules\lib\libcommon_riscv.a(event_group.c.o) (free_event_list)
E:\mwp\mmy\galaxy_sdk\modules\lib\libcommon_riscv.a(event_unregister.c.o)
                              E:\mwp\mmy\galaxy_sdk\modules\lib\libcommon_riscv.a(event_group.c.o) (unregister_event_listener)
E:\mwp\mmy\galaxy_sdk\osal\lib\libosal_riscv.a(osal_task.c.o)
                              ./galaxy_sdk/main.o (osal_create_task)
E:\mwp\mmy\galaxy_sdk\osal\lib\libosal_riscv.a(osal_event.c.o)
                              E:\mwp\mmy\galaxy_sdk\modules\lib\libcommon_riscv.a(event_register.c.o) (osal_create_event_queue)
E:\mwp\mmy\galaxy_sdk\osal\lib\libosal_riscv.a(osal_heap.c.o)
                              E:\mwp\mmy\galaxy_sdk\modules\lib\libcommon_riscv.a(event_sys.c.o) (osal_malloc)
E:\mwp\mmy\galaxy_sdk\osal\lib\libosal_riscv.a(osal_mutex.c.o)
                              E:\mwp\mmy\galaxy_sdk\modules\lib\libcommon_riscv.a(event_group.c.o) (osal_create_mutex)
E:\mwp\mmy\galaxy_sdk\osal\lib\libosal_riscv.a(osal_time.c.o)
                              E:\mwp\mmy\galaxy_sdk\osal\lib\libosal_riscv.a(osal_task.c.o) (osal_ms_to_tick)
E:\mwp\mmy\galaxy_sdk\osal\lib\libosal_riscv.a(osal_sys_state.c.o)
                              E:\mwp\mmy\galaxy_sdk\bsp\lib\libbsp_riscv.a(system_pegasus.c.o) (osal_get_task_name)
E:\mwp\mmy\galaxy_sdk\os\lib\libos_riscv.a(tasks.c.o)
                              ./galaxy_sdk/bsp/src/portasm.o (pxCurrentTCB)
E:\mwp\mmy\galaxy_sdk\os\lib\libos_riscv.a(queue.c.o)
                              E:\mwp\mmy\galaxy_sdk\osal\lib\libosal_riscv.a(osal_event.c.o) (xQueueGenericCreate)
E:\mwp\mmy\galaxy_sdk\os\lib\libos_riscv.a(list.c.o)
                              E:\mwp\mmy\galaxy_sdk\os\lib\libos_riscv.a(tasks.c.o) (vListInitialise)
E:\mwp\mmy\galaxy_sdk\os\lib\libos_riscv.a(timers.c.o)
                              E:\mwp\mmy\galaxy_sdk\os\lib\libos_riscv.a(tasks.c.o) (xTimerCreateTimerTask)
E:\mwp\mmy\galaxy_sdk\os\lib\libos_riscv.a(heap_4.c.o)
                              E:\mwp\mmy\galaxy_sdk\osal\lib\libosal_riscv.a(osal_heap.c.o) (pvPortMalloc)
[...]
Memory Configuration

Name             Origin             Length             Attributes
flash            0x20000000         0x00300000         axr!w
ram              0x90000000         0x00040000         axw!r
*default*        0x00000000         0xffffffff

Linker script and memory map

START GROUP
LOAD ./galaxy_sdk/bsp/src/intexc_riscv.o
LOAD ./galaxy_sdk/bsp/src/portasm.o
LOAD ./galaxy_sdk/bsp/src/qemu_board.o
LOAD ./galaxy_sdk/bsp/src/startup_riscv.o
LOAD ./galaxy_sdk/main.o
LOAD D:/tools/NucleiStudio_IDE_202510-win64/NucleiStudio/toolchain/gcc/bin/../lib/gcc/riscv64-unknown-elf/14.2.1/../../../../riscv64-unknown-elf/lib/rv32imafc_zaamo_zalrsc_xxldsp/ilp32f\libstdc++.a
LOAD E:\mwp\mmy\galaxy_sdk\bsp\lib\libbsp_riscv.a
LOAD E:\mwp\mmy\galaxy_sdk\drivers\lib\libdriver_riscv.a
LOAD E:\mwp\mmy\galaxy_sdk\modules\lib\libcommon_riscv.a
LOAD E:\mwp\mmy\galaxy_sdk\osal\lib\libosal_riscv.a
LOAD E:\mwp\mmy\galaxy_sdk\os\lib\libos_riscv.a
LOAD E:\mwp\mmy\galaxy_sdk\modules\external\riscv_dsp\libnmsis_dsp_rv32imafc_xxldsp.a
LOAD D:/tools/NucleiStudio_IDE_202510-win64/NucleiStudio/toolchain/gcc/bin/../lib/gcc/riscv64-unknown-elf/14.2.1/../../../../riscv64-unknown-elf/lib/rv32imafc_zaamo_zalrsc_xxldsp/ilp32f\libc_nano.a
LOAD D:/tools/NucleiStudio_IDE_202510-win64/NucleiStudio/toolchain/gcc/bin/../lib/gcc/riscv64-unknown-elf/14.2.1/rv32imafc_zaamo_zalrsc_xxldsp/ilp32f\libgcc.a
LOAD D:/tools/NucleiStudio_IDE_202510-win64/NucleiStudio/toolchain/gcc/bin/../lib/gcc/riscv64-unknown-elf/14.2.1/../../../../riscv64-unknown-elf/lib/rv32imafc_zaamo_zalrsc_xxldsp/ilp32f\libsemihost.a
END GROUP
LOAD D:/tools/NucleiStudio_IDE_202510-win64/NucleiStudio/toolchain/gcc/bin/../lib/gcc/riscv64-unknown-elf/14.2.1/../../../../riscv64-unknown-elf/lib/rv32imafc_zaamo_zalrsc_xxldsp/ilp32f\libstdc++.a
LOAD D:/tools/NucleiStudio_IDE_202510-win64/NucleiStudio/toolchain/gcc/bin/../lib/gcc/riscv64-unknown-elf/14.2.1/../../../../riscv64-unknown-elf/lib/rv32imafc_zaamo_zalrsc_xxldsp/ilp32f\libm.a
LOAD D:/tools/NucleiStudio_IDE_202510-win64/NucleiStudio/toolchain/gcc/bin/../lib/gcc/riscv64-unknown-elf/14.2.1/rv32imafc_zaamo_zalrsc_xxldsp/ilp32f\libgcc.a
START GROUP
LOAD D:/tools/NucleiStudio_IDE_202510-win64/NucleiStudio/toolchain/gcc/bin/../lib/gcc/riscv64-unknown-elf/14.2.1/../../../../riscv64-unknown-elf/lib/rv32imafc_zaamo_zalrsc_xxldsp/ilp32f\libc.a
LOAD D:/tools/NucleiStudio_IDE_202510-win64/NucleiStudio/toolchain/gcc/bin/../lib/gcc/riscv64-unknown-elf/14.2.1/../../../../riscv64-unknown-elf/lib/rv32imafc_zaamo_zalrsc_xxldsp/ilp32f\libgloss.a
END GROUP
LOAD D:/tools/NucleiStudio_IDE_202510-win64/NucleiStudio/toolchain/gcc/bin/../lib/gcc/riscv64-unknown-elf/14.2.1/rv32imafc_zaamo_zalrsc_xxldsp/ilp32f\libgcc.a
                0x00000800                        PROVIDE (__STACK_SIZE = 0x800)
                0x00005000                        PROVIDE (__HEAP_SIZE = 0x5000)
                0x00000001                        PROVIDE (__SMP_CPU_CNT = 0x1)
                0x00000800                        __TOT_STACK_SIZE = (__STACK_SIZE * __SMP_CPU_CNT)

.init           0x20000000      0x308
 *(.vtable)
 .vtable        0x20000000      0x1a8 ./galaxy_sdk/bsp/src/startup_riscv.o
                0x20000000                vector_base
 *(SORT_NONE(.init))
 *fill*         0x200001a8       0x18 
 .init          0x200001c0      0x146 ./galaxy_sdk/bsp/src/startup_riscv.o
                0x200001c0                _start
                0x200002a6                _start_premain
                0x20000300                early_exc_entry
                0x20000308                        . = ALIGN (0x4)
 *fill*         0x20000306        0x2 

.text           0x20000340     0xabb0
 *(.text.unlikely .text.unlikely.*)
 *(.text.startup .text.startup.*)
 .text.startup.main
                0x20000340       0x50 ./galaxy_sdk/main.o
                0x20000340                main
 .text.startup.init_semihosting
                0x20000390       0x8e D:/tools/NucleiStudio_IDE_202510-win64/NucleiStudio/toolchain/gcc/bin/../lib/gcc/riscv64-unknown-elf/14.2.1/../../../../riscv64-unknown-elf/lib/rv32imafc_zaamo_zalrsc_xxldsp/ilp32f\libsemihost.a(riscv_libsemihost_a-semihost-sys_fdtable.o)
                0x20000390                init_semihosting
 *(.text .text.*)
 *fill*         0x2000041e       0x22 
 .text.trap     0x20000440       0x7e ./galaxy_sdk/bsp/src/portasm.o
                0x20000440                exc_entry
 *fill*         0x200004be        0x2 
 .text.irq      0x200004c0      0x25a ./galaxy_sdk/bsp/src/portasm.o
                0x200004c0                irq_entry
                0x2000053a                default_intexc_handler
                0x20000540                prvPortStartFirstTask
                0x200005e4                eclic_msip_handler
 .text.qemu_board_find_device
                0x2000071a        0x4 ./galaxy_sdk/bsp/src/qemu_board.o
                0x2000071a                qemu_board_find_device
 .text.board_get_ops
                0x2000071e        0xa ./galaxy_sdk/bsp/src/qemu_board.o
                0x2000071e                board_get_ops
 .text.recieve_handler
                0x20000728       0x2a ./galaxy_sdk/main.o
 .text.task_init_app
                0x20000752       0xa4 ./galaxy_sdk/main.o
 .text.send_task
                0x200007f6       0x5e ./galaxy_sdk/main.o
 .text.receive_task
                0x20000854       0x5c ./galaxy_sdk/main.o
 .text.prvTaskExitError
                0x200008b0       0x48 E:\mwp\mmy\galaxy_sdk\bsp\lib\libbsp_riscv.a(port.c.o)
 .text.pxPortInitialiseStack
                0x200008f8       0x46 E:\mwp\mmy\galaxy_sdk\bsp\lib\libbsp_riscv.a(port.c.o)
                0x200008f8                pxPortInitialiseStack
 .text.vPortEnterCritical
                0x2000093e       0x40 E:\mwp\mmy\galaxy_sdk\bsp\lib\libbsp_riscv.a(port.c.o)
                0x2000093e                vPortEnterCritical
 .text.vPortExitCritical
                0x2000097e       0x36 E:\mwp\mmy\galaxy_sdk\bsp\lib\libbsp_riscv.a(port.c.o)
                0x2000097e                vPortExitCritical
 .text.xPortTaskSwitch
                0x200009b4       0x64 E:\mwp\mmy\galaxy_sdk\bsp\lib\libbsp_riscv.a(port.c.o)
                0x200009b4                xPortTaskSwitch
 .text.eclic_mtip_handler
                0x20000a18      0x114 E:\mwp\mmy\galaxy_sdk\bsp\lib\libbsp_riscv.a(port.c.o)
                0x20000a18                eclic_mtip_handler
 .text.vPortSetupTimerInterrupt
                0x20000b2c      0x1f4 E:\mwp\mmy\galaxy_sdk\bsp\lib\libbsp_riscv.a(port.c.o)
                0x20000b2c                vPortSetupTimerInterrupt
 .text.xPortStartScheduler
                0x20000d20       0xfc E:\mwp\mmy\galaxy_sdk\bsp\lib\libbsp_riscv.a(port.c.o)
                0x20000d20                xPortStartScheduler
 .text.vPortValidateInterruptPriority
                0x20000e1c       0x88 E:\mwp\mmy\galaxy_sdk\bsp\lib\libbsp_riscv.a(port.c.o)
                0x20000e1c                vPortValidateInterruptPriority
 .text.vApplicationIdleHook
                0x20000ea4        0x6 E:\mwp\mmy\galaxy_sdk\bsp\lib\libbsp_riscv.a(port.c.o)
                0x20000ea4                vApplicationIdleHook
 .text.vApplicationStackOverflowHook
                0x20000eaa        0xc E:\mwp\mmy\galaxy_sdk\bsp\lib\libbsp_riscv.a(port.c.o)
                0x20000eaa                vApplicationStackOverflowHook
 .text.vApplicationGetIdleTaskMemory
                0x20000eb6       0x14 E:\mwp\mmy\galaxy_sdk\bsp\lib\libbsp_riscv.a(port.c.o)
                0x20000eb6                vApplicationGetIdleTaskMemory
 .text.vApplicationGetTimerTaskMemory
                0x20000eca       0x18 E:\mwp\mmy\galaxy_sdk\bsp\lib\libbsp_riscv.a(port.c.o)
                0x20000eca                vApplicationGetTimerTaskMemory
 .text.vApplicationMallocFailedHook
                0x20000ee2        0xc E:\mwp\mmy\galaxy_sdk\bsp\lib\libbsp_riscv.a(port.c.o)
                0x20000ee2                vApplicationMallocFailedHook
 .text.soc_init
                0x20000eee        0x4 E:\mwp\mmy\galaxy_sdk\bsp\lib\libbsp_riscv.a(soc_init.c.o)
                0x20000eee                soc_init
 .text.soc_rtc_clock_get_freq
                0x20000ef2       0x18 E:\mwp\mmy\galaxy_sdk\bsp\lib\libbsp_riscv.a(soc_sysctl.c.o)
                0x20000ef2                soc_rtc_clock_get_freq
 .text.system_default_exception_handler
                0x20000f0a       0x64 E:\mwp\mmy\galaxy_sdk\bsp\lib\libbsp_riscv.a(system_pegasus.c.o)
 .text.premain_system_init
                0x20000f6e        0x2 E:\mwp\mmy\galaxy_sdk\bsp\lib\libbsp_riscv.a(system_pegasus.c.o)
                0x20000f6e                premain_system_init
 .text.core_exception_handler
                0x20000f70       0x56 E:\mwp\mmy\galaxy_sdk\bsp\lib\libbsp_riscv.a(system_pegasus.c.o)
                0x20000f70                core_exception_handler
 .text._premain_init
                0x20000fc6       0x60 E:\mwp\mmy\galaxy_sdk\bsp\lib\libbsp_riscv.a(system_pegasus.c.o)
                0x20000fc6                _premain_init
 .text._postmain_fini
                0x20001026        0x2 E:\mwp\mmy\galaxy_sdk\bsp\lib\libbsp_riscv.a(system_pegasus.c.o)
                0x20001026                _postmain_fini
 .text._init    0x20001028        0x2 E:\mwp\mmy\galaxy_sdk\bsp\lib\libbsp_riscv.a(system_pegasus.c.o)
                0x20001028                _init
 .text._fini    0x2000102a        0x2 E:\mwp\mmy\galaxy_sdk\bsp\lib\libbsp_riscv.a(system_pegasus.c.o)
                0x2000102a                _fini
 .text.board_register
                0x2000102c       0x12 E:\mwp\mmy\galaxy_sdk\bsp\lib\libbsp_riscv.a(board.c.o)
                0x2000102c                board_register
 .text.board_init
                0x2000103e       0x18 E:\mwp\mmy\galaxy_sdk\bsp\lib\libbsp_riscv.a(board.c.o)
                0x2000103e                board_init
 .text.clk_get_rate
                0x20001056       0x2c E:\mwp\mmy\galaxy_sdk\drivers\lib\libdriver_riscv.a(clock.c.o)
                0x20001056                clk_get_rate
 .text.vpi_get_event_name
                0x20001082      0x33e E:\mwp\mmy\galaxy_sdk\modules\lib\libcommon_riscv.a(event_sys.c.o)
                0x20001082                vpi_get_event_name
 .text.vpi_event_new_manager
                0x200013c0       0x2a E:\mwp\mmy\galaxy_sdk\modules\lib\libcommon_riscv.a(event_sys.c.o)
                0x200013c0                vpi_event_new_manager
 .text.vpi_event_notify_base
                0x200013ea      0x11c E:\mwp\mmy\galaxy_sdk\modules\lib\libcommon_riscv.a(event_notify.c.o)
 .text.listener_dispatch_event
                0x20001506        0x6 E:\mwp\mmy\galaxy_sdk\modules\lib\libcommon_riscv.a(event_notify.c.o)
                0x20001506                listener_dispatch_event
 .text.default_listener_notify
                0x2000150c        0x2 E:\mwp\mmy\galaxy_sdk\modules\lib\libcommon_riscv.a(event_notify.c.o)
                0x2000150c                default_listener_notify
 .text.vpi_event_notify
                0x2000150e        0x4 E:\mwp\mmy\galaxy_sdk\modules\lib\libcommon_riscv.a(event_notify.c.o)
                0x2000150e                vpi_event_notify
 .text.register_event_listener
                0x20001512      0x112 E:\mwp\mmy\galaxy_sdk\modules\lib\libcommon_riscv.a(event_register.c.o)
                0x20001512                register_event_listener
 .text.vpi_event_register
                0x20001624       0x94 E:\mwp\mmy\galaxy_sdk\modules\lib\libcommon_riscv.a(event_register.c.o)
                0x20001624                vpi_event_register
 .text.get_event_queue_size
                0x200016b8        0xa E:\mwp\mmy\galaxy_sdk\modules\lib\libcommon_riscv.a(event_register.c.o)
                0x200016b8                get_event_queue_size
 .text.malloc_listener
                0x200016c2       0x3a E:\mwp\mmy\galaxy_sdk\modules\lib\libcommon_riscv.a(event_listener.c.o)
                0x200016c2                malloc_listener
 .text.get_manager_listener
                0x200016fc       0x5c E:\mwp\mmy\galaxy_sdk\modules\lib\libcommon_riscv.a(event_listener.c.o)
                0x200016fc                get_manager_listener
 .text.register_listener_to_group
                0x20001758       0x9e E:\mwp\mmy\galaxy_sdk\modules\lib\libcommon_riscv.a(event_group.c.o)
                0x20001758                register_listener_to_group
 .text.listener_task_dispatch_event
                0x200017f6       0x2e E:\mwp\mmy\galaxy_sdk\modules\lib\libcommon_riscv.a(event_task.c.o)
                0x200017f6                listener_task_dispatch_event
 .text.vpi_event_listen
                0x20001824       0x72 E:\mwp\mmy\galaxy_sdk\modules\lib\libcommon_riscv.a(event_task.c.o)
                0x20001824                vpi_event_listen
 .text.uart_printf
                0x20001896       0x3c E:\mwp\mmy\galaxy_sdk\modules\lib\libcommon_riscv.a(uart_printf.c.o)
                0x20001896                uart_printf
 .text.vsd_to_vpi
                0x200018d2       0x1a E:\mwp\mmy\galaxy_sdk\modules\lib\libcommon_riscv.a(vpi_error.c.o)
                0x200018d2                vsd_to_vpi
 .text.find_event_list_base
                0x200018ec       0x9a E:\mwp\mmy\galaxy_sdk\modules\lib\libcommon_riscv.a(event_list.c.o)
 .text.find_event_list
                0x20001986        0x4 E:\mwp\mmy\galaxy_sdk\modules\lib\libcommon_riscv.a(event_list.c.o)
                0x20001986                find_event_list
 .text.find_event_list_from_isr
                0x2000198a       0x1c E:\mwp\mmy\galaxy_sdk\modules\lib\libcommon_riscv.a(event_list.c.o)
                0x2000198a                find_event_list_from_isr
 .text.get_event_list
                0x200019a6       0xae E:\mwp\mmy\galaxy_sdk\modules\lib\libcommon_riscv.a(event_list.c.o)
                0x200019a6                get_event_list
 .text.get_sys_event_table
                0x20001a54        0xa E:\mwp\mmy\galaxy_sdk\modules\lib\libcommon_riscv.a(event_list.c.o)
                0x20001a54                get_sys_event_table
 .text.get_sys_event_list
                0x20001a5e        0xa E:\mwp\mmy\galaxy_sdk\modules\lib\libcommon_riscv.a(event_list.c.o)
                0x20001a5e                get_sys_event_list
 .text.event_list_head_init
                0x20001a68       0x34 E:\mwp\mmy\galaxy_sdk\modules\lib\libcommon_riscv.a(event_list.c.o)
                0x20001a68                event_list_head_init
 .text.osal_create_task
                0x20001a9c       0x2a E:\mwp\mmy\galaxy_sdk\osal\lib\libosal_riscv.a(osal_task.c.o)
                0x20001a9c                osal_create_task
 .text.osal_delete_task
                0x20001ac6        0x4 E:\mwp\mmy\galaxy_sdk\osal\lib\libosal_riscv.a(osal_task.c.o)
                0x20001ac6                osal_delete_task
 .text.osal_pre_start_scheduler
                0x20001aca        0x2 E:\mwp\mmy\galaxy_sdk\osal\lib\libosal_riscv.a(osal_task.c.o)
                0x20001aca                osal_pre_start_scheduler
 .text.osal_start_scheduler
                0x20001acc        0x4 E:\mwp\mmy\galaxy_sdk\osal\lib\libosal_riscv.a(osal_task.c.o)
                0x20001acc                osal_start_scheduler
 .text.osal_sleep
                0x20001ad0       0x1a E:\mwp\mmy\galaxy_sdk\osal\lib\libosal_riscv.a(osal_task.c.o)
                0x20001ad0                osal_sleep
 .text.osal_enter_critical
                0x20001aea        0x4 E:\mwp\mmy\galaxy_sdk\osal\lib\libosal_riscv.a(osal_task.c.o)
                0x20001aea                osal_enter_critical
 .text.osal_exit_critical
                0x20001aee        0x4 E:\mwp\mmy\galaxy_sdk\osal\lib\libosal_riscv.a(osal_task.c.o)
                0x20001aee                osal_exit_critical
 .text.osal_send_event_base.isra.0
                0x20001af2      0x102 E:\mwp\mmy\galaxy_sdk\osal\lib\libosal_riscv.a(osal_event.c.o)
 .text.osal_create_event_queue
                0x20001bf4       0x7a E:\mwp\mmy\galaxy_sdk\osal\lib\libosal_riscv.a(osal_event.c.o)
                0x20001bf4                osal_create_event_queue
 .text.osal_wait_event
                0x20001c6e       0x7e E:\mwp\mmy\galaxy_sdk\osal\lib\libosal_riscv.a(osal_event.c.o)
                0x20001c6e                osal_wait_event
 .text.osal_send_event
                0x20001cec        0x4 E:\mwp\mmy\galaxy_sdk\osal\lib\libosal_riscv.a(osal_event.c.o)
                0x20001cec                osal_send_event
 .text.osal_send_event_from_isr
                0x20001cf0        0x4 E:\mwp\mmy\galaxy_sdk\osal\lib\libosal_riscv.a(osal_event.c.o)
                0x20001cf0                osal_send_event_from_isr
 .text.osal_malloc
                0x20001cf4        0x4 E:\mwp\mmy\galaxy_sdk\osal\lib\libosal_riscv.a(osal_heap.c.o)
                0x20001cf4                osal_malloc
 .text.osal_free
                0x20001cf8        0x4 E:\mwp\mmy\galaxy_sdk\osal\lib\libosal_riscv.a(osal_heap.c.o)
                0x20001cf8                osal_free
 .text.osal_create_mutex
                0x20001cfc       0x34 E:\mwp\mmy\galaxy_sdk\osal\lib\libosal_riscv.a(osal_mutex.c.o)
                0x20001cfc                osal_create_mutex
 .text.osal_unlock_mutex
                0x20001d30       0x1c E:\mwp\mmy\galaxy_sdk\osal\lib\libosal_riscv.a(osal_mutex.c.o)
                0x20001d30                osal_unlock_mutex
 .text.osal_lock_mutex
                0x20001d4c       0x28 E:\mwp\mmy\galaxy_sdk\osal\lib\libosal_riscv.a(osal_mutex.c.o)
                0x20001d4c                osal_lock_mutex
 .text.osal_ms_to_tick
                0x20001d74       0x68 E:\mwp\mmy\galaxy_sdk\osal\lib\libosal_riscv.a(osal_time.c.o)
                0x20001d74                osal_ms_to_tick
 .text.osal_get_task_name
                0x20001ddc        0x6 E:\mwp\mmy\galaxy_sdk\osal\lib\libosal_riscv.a(osal_sys_state.c.o)
                0x20001ddc                osal_get_task_name
 .text.prvAddNewTaskToReadyList
                0x20001de2      0x170 E:\mwp\mmy\galaxy_sdk\os\lib\libos_riscv.a(tasks.c.o)
 .text.prvAddCurrentTaskToDelayedList
                0x20001f52       0xe0 E:\mwp\mmy\galaxy_sdk\os\lib\libos_riscv.a(tasks.c.o)
 .text.prvInitialiseNewTask.constprop.0
                0x20002032       0xdc E:\mwp\mmy\galaxy_sdk\os\lib\libos_riscv.a(tasks.c.o)
 .text.prvIdleTask
                0x2000210e       0xd6 E:\mwp\mmy\galaxy_sdk\os\lib\libos_riscv.a(tasks.c.o)
 .text.xTaskCreateStatic
                0x200021e4       0x7c E:\mwp\mmy\galaxy_sdk\os\lib\libos_riscv.a(tasks.c.o)
                0x200021e4                xTaskCreateStatic
 .text.xTaskCreate
                0x20002260       0x7a E:\mwp\mmy\galaxy_sdk\os\lib\libos_riscv.a(tasks.c.o)
                0x20002260                xTaskCreate
 .text.vTaskDelete
                0x200022da      0x148 E:\mwp\mmy\galaxy_sdk\os\lib\libos_riscv.a(tasks.c.o)
                0x200022da                vTaskDelete
 .text.vTaskStartScheduler
                0x20002422       0x9e E:\mwp\mmy\galaxy_sdk\os\lib\libos_riscv.a(tasks.c.o)
                0x20002422                vTaskStartScheduler
 .text.vTaskSuspendAll
                0x200024c0       0x10 E:\mwp\mmy\galaxy_sdk\os\lib\libos_riscv.a(tasks.c.o)
                0x200024c0                vTaskSuspendAll
 .text.xTaskGetTickCount
                0x200024d0       0x20 E:\mwp\mmy\galaxy_sdk\os\lib\libos_riscv.a(tasks.c.o)
                0x200024d0                xTaskGetTickCount
 .text.pcTaskGetName
                0x200024f0       0x28 E:\mwp\mmy\galaxy_sdk\os\lib\libos_riscv.a(tasks.c.o)
                0x200024f0                pcTaskGetName
 .text.xTaskIncrementTick
                0x20002518      0x1b6 E:\mwp\mmy\galaxy_sdk\os\lib\libos_riscv.a(tasks.c.o)
                0x20002518                xTaskIncrementTick
 .text.xTaskResumeAll.part.0
                0x200026ce      0x152 E:\mwp\mmy\galaxy_sdk\os\lib\libos_riscv.a(tasks.c.o)
 .text.xTaskResumeAll
                0x20002820       0x22 E:\mwp\mmy\galaxy_sdk\os\lib\libos_riscv.a(tasks.c.o)
                0x20002820                xTaskResumeAll
 .text.vTaskDelay
                0x20002842       0xba E:\mwp\mmy\galaxy_sdk\os\lib\libos_riscv.a(tasks.c.o)
                0x20002842                vTaskDelay
 .text.vTaskSwitchContext
                0x200028fc       0xf2 E:\mwp\mmy\galaxy_sdk\os\lib\libos_riscv.a(tasks.c.o)
                0x200028fc                vTaskSwitchContext
 .text.vTaskPlaceOnEventList
                0x200029ee       0x3c E:\mwp\mmy\galaxy_sdk\os\lib\libos_riscv.a(tasks.c.o)
                0x200029ee                vTaskPlaceOnEventList
 .text.vTaskPlaceOnEventListRestricted
                0x20002a2a       0x46 E:\mwp\mmy\galaxy_sdk\os\lib\libos_riscv.a(tasks.c.o)
                0x20002a2a                vTaskPlaceOnEventListRestricted
 .text.xTaskRemoveFromEventList
                0x20002a70       0x9e E:\mwp\mmy\galaxy_sdk\os\lib\libos_riscv.a(tasks.c.o)
                0x20002a70                xTaskRemoveFromEventList
 .text.vTaskInternalSetTimeOutState
                0x20002b0e       0x16 E:\mwp\mmy\galaxy_sdk\os\lib\libos_riscv.a(tasks.c.o)
                0x20002b0e                vTaskInternalSetTimeOutState
 .text.xTaskCheckForTimeOut
                0x20002b24       0x9a E:\mwp\mmy\galaxy_sdk\os\lib\libos_riscv.a(tasks.c.o)
                0x20002b24                xTaskCheckForTimeOut
 .text.vTaskMissedYield
                0x20002bbe        0xc E:\mwp\mmy\galaxy_sdk\os\lib\libos_riscv.a(tasks.c.o)
                0x20002bbe                vTaskMissedYield
 .text.xTaskGetSchedulerState
                0x20002bca       0x1c E:\mwp\mmy\galaxy_sdk\os\lib\libos_riscv.a(tasks.c.o)
                0x20002bca                xTaskGetSchedulerState
 .text.xTaskPriorityInherit
                0x20002be6       0xa4 E:\mwp\mmy\galaxy_sdk\os\lib\libos_riscv.a(tasks.c.o)
                0x20002be6                xTaskPriorityInherit
 .text.xTaskPriorityDisinherit
                0x20002c8a       0xa0 E:\mwp\mmy\galaxy_sdk\os\lib\libos_riscv.a(tasks.c.o)
                0x20002c8a                xTaskPriorityDisinherit
 .text.vTaskPriorityDisinheritAfterTimeout
                0x20002d2a       0xc6 E:\mwp\mmy\galaxy_sdk\os\lib\libos_riscv.a(tasks.c.o)
                0x20002d2a                vTaskPriorityDisinheritAfterTimeout
 .text.pvTaskIncrementMutexHeldCount
                0x20002df0       0x1a E:\mwp\mmy\galaxy_sdk\os\lib\libos_riscv.a(tasks.c.o)
                0x20002df0                pvTaskIncrementMutexHeldCount
 .text.prvCopyDataToQueue
                0x20002e0a       0x9e E:\mwp\mmy\galaxy_sdk\os\lib\libos_riscv.a(queue.c.o)
 .text.prvNotifyQueueSetContainer
                0x20002ea8       0xb8 E:\mwp\mmy\galaxy_sdk\os\lib\libos_riscv.a(queue.c.o)
 .text.prvUnlockQueue
                0x20002f60       0xc4 E:\mwp\mmy\galaxy_sdk\os\lib\libos_riscv.a(queue.c.o)
 .text.xQueueGenericReset
                0x20003024       0xbc E:\mwp\mmy\galaxy_sdk\os\lib\libos_riscv.a(queue.c.o)
                0x20003024                xQueueGenericReset
 .text.xQueueGenericCreateStatic
                0x200030e0       0xc6 E:\mwp\mmy\galaxy_sdk\os\lib\libos_riscv.a(queue.c.o)
                0x200030e0                xQueueGenericCreateStatic
 .text.xQueueGenericCreate
                0x200031a6       0xc0 E:\mwp\mmy\galaxy_sdk\os\lib\libos_riscv.a(queue.c.o)
                0x200031a6                xQueueGenericCreate
 .text.xQueueGenericSend
                0x20003266      0x220 E:\mwp\mmy\galaxy_sdk\os\lib\libos_riscv.a(queue.c.o)
                0x20003266                xQueueGenericSend
 .text.xQueueCreateMutex
                0x20003486       0x54 E:\mwp\mmy\galaxy_sdk\os\lib\libos_riscv.a(queue.c.o)
                0x20003486                xQueueCreateMutex
 .text.xQueueGenericSendFromISR
                0x200034da      0x13c E:\mwp\mmy\galaxy_sdk\os\lib\libos_riscv.a(queue.c.o)
                0x200034da                xQueueGenericSendFromISR
 .text.xQueueReceive
                0x20003616      0x1ce E:\mwp\mmy\galaxy_sdk\os\lib\libos_riscv.a(queue.c.o)
                0x20003616                xQueueReceive
 .text.xQueueSemaphoreTake
                0x200037e4      0x208 E:\mwp\mmy\galaxy_sdk\os\lib\libos_riscv.a(queue.c.o)
                0x200037e4                xQueueSemaphoreTake
 .text.vQueueWaitForMessageRestricted
                0x200039ec       0x6c E:\mwp\mmy\galaxy_sdk\os\lib\libos_riscv.a(queue.c.o)
                0x200039ec                vQueueWaitForMessageRestricted
 .text.vListInitialise
                0x20003a58       0x14 E:\mwp\mmy\galaxy_sdk\os\lib\libos_riscv.a(list.c.o)
                0x20003a58                vListInitialise
 .text.vListInitialiseItem
                0x20003a6c        0x6 E:\mwp\mmy\galaxy_sdk\os\lib\libos_riscv.a(list.c.o)
                0x20003a6c                vListInitialiseItem
 .text.vListInsertEnd
                0x20003a72       0x16 E:\mwp\mmy\galaxy_sdk\os\lib\libos_riscv.a(list.c.o)
                0x20003a72                vListInsertEnd
 .text.vListInsert
                0x20003a88       0x2e E:\mwp\mmy\galaxy_sdk\os\lib\libos_riscv.a(list.c.o)
                0x20003a88                vListInsert
 .text.uxListRemove
                0x20003ab6       0x2e E:\mwp\mmy\galaxy_sdk\os\lib\libos_riscv.a(list.c.o)
                0x20003ab6                uxListRemove
 .text.prvCheckForValidListAndQueue
                0x20003ae4       0x7a E:\mwp\mmy\galaxy_sdk\os\lib\libos_riscv.a(timers.c.o)
 .text.xTimerCreateTimerTask
                0x20003b5e       0x64 E:\mwp\mmy\galaxy_sdk\os\lib\libos_riscv.a(timers.c.o)
                0x20003b5e                xTimerCreateTimerTask
 .text.xTimerGenericCommand
                0x20003bc2       0x84 E:\mwp\mmy\galaxy_sdk\os\lib\libos_riscv.a(timers.c.o)
                0x20003bc2                xTimerGenericCommand
 .text.prvSwitchTimerLists
                0x20003c46       0x96 E:\mwp\mmy\galaxy_sdk\os\lib\libos_riscv.a(timers.c.o)
 .text.prvTimerTask
                0x20003cdc      0x2bc E:\mwp\mmy\galaxy_sdk\os\lib\libos_riscv.a(timers.c.o)
 .text.prvInsertBlockIntoFreeList
                0x20003f98       0x62 E:\mwp\mmy\galaxy_sdk\os\lib\libos_riscv.a(heap_4.c.o)
 .text.pvPortMalloc
                0x20003ffa      0x1a0 E:\mwp\mmy\galaxy_sdk\os\lib\libos_riscv.a(heap_4.c.o)
                0x20003ffa                pvPortMalloc
 .text.vPortFree
                0x2000419a       0x8c E:\mwp\mmy\galaxy_sdk\os\lib\libos_riscv.a(heap_4.c.o)
                0x2000419a                vPortFree
 .text.atexit   0x20004226        0xc D:/tools/NucleiStudio_IDE_202510-win64/NucleiStudio/toolchain/gcc/bin/../lib/gcc/riscv64-unknown-elf/14.2.1/../../../../riscv64-unknown-elf/lib/rv32imafc_zaamo_zalrsc_xxldsp/ilp32f\libc_nano.a(libc_a-atexit.o)
                0x20004226                atexit
 .text._calloc_r
                0x20004232       0x34 D:/tools/NucleiStudio_IDE_202510-win64/NucleiStudio/toolchain/gcc/bin/../lib/gcc/riscv64-unknown-elf/14.2.1/../../../../riscv64-unknown-elf/lib/rv32imafc_zaamo_zalrsc_xxldsp/ilp32f\libc_nano.a(libc_a-callocr.o)
                0x20004232                _calloc_r
 .text.malloc   0x20004266        0x8 D:/tools/NucleiStudio_IDE_202510-win64/NucleiStudio/toolchain/gcc/bin/../lib/gcc/riscv64-unknown-elf/14.2.1/../../../../riscv64-unknown-elf/lib/rv32imafc_zaamo_zalrsc_xxldsp/ilp32f\libc_nano.a(libc_a-malloc.o)
                0x20004266                malloc
 .text.sbrk_aligned
                0x2000426e       0x5e D:/tools/NucleiStudio_IDE_202510-win64/NucleiStudio/toolchain/gcc/bin/../lib/gcc/riscv64-unknown-elf/14.2.1/../../../../riscv64-unknown-elf/lib/rv32imafc_zaamo_zalrsc_xxldsp/ilp32f\libc_nano.a(libc_a-mallocr.o)
 .text._malloc_r
                0x200042cc      0x128 D:/tools/NucleiStudio_IDE_202510-win64/NucleiStudio/toolchain/gcc/bin/../lib/gcc/riscv64-unknown-elf/14.2.1/../../../../riscv64-unknown-elf/lib/rv32imafc_zaamo_zalrsc_xxldsp/ilp32f\libc_nano.a(libc_a-mallocr.o)
                0x200042cc                _malloc_r
 .text.__malloc_lock
                0x200043f4        0x2 D:/tools/NucleiStudio_IDE_202510-win64/NucleiStudio/toolchain/gcc/bin/../lib/gcc/riscv64-unknown-elf/14.2.1/../../../../riscv64-unknown-elf/lib/rv32imafc_zaamo_zalrsc_xxldsp/ilp32f\libc_nano.a(libc_a-mlock.o)
                0x200043f4                __malloc_lock
 .text.__malloc_unlock
                0x200043f6        0x2 D:/tools/NucleiStudio_IDE_202510-win64/NucleiStudio/toolchain/gcc/bin/../lib/gcc/riscv64-unknown-elf/14.2.1/../../../../riscv64-unknown-elf/lib/rv32imafc_zaamo_zalrsc_xxldsp/ilp32f\libc_nano.a(libc_a-mlock.o)
                0x200043f6                __malloc_unlock
 .text.__cvt    0x200043f8       0xfe D:/tools/NucleiStudio_IDE_202510-win64/NucleiStudio/toolchain/gcc/bin/../lib/gcc/riscv64-unknown-elf/14.2.1/../../../../riscv64-unknown-elf/lib/rv32imafc_zaamo_zalrsc_xxldsp/ilp32f\libc_nano.a(libc_a-nano-vfprintf_float.o)
                0x200043f8                __cvt
 .text.__exponent
                0x200044f6       0x9c D:/tools/NucleiStudio_IDE_202510-win64/NucleiStudio/toolchain/gcc/bin/../lib/gcc/riscv64-unknown-elf/14.2.1/../../../../riscv64-unknown-elf/lib/rv32imafc_zaamo_zalrsc_xxldsp/ilp32f\libc_nano.a(libc_a-nano-vfprintf_float.o)
                0x200044f6                __exponent
 .text._printf_float
                0x20004592      0x4d2 D:/tools/NucleiStudio_IDE_202510-win64/NucleiStudio/toolchain/gcc/bin/../lib/gcc/riscv64-unknown-elf/14.2.1/../../../../riscv64-unknown-elf/lib/rv32imafc_zaamo_zalrsc_xxldsp/ilp32f\libc_nano.a(libc_a-nano-vfprintf_float.o)
                0x20004592                _printf_float
 .text._printf_common
                0x20004a64      0x112 D:/tools/NucleiStudio_IDE_202510-win64/NucleiStudio/toolchain/gcc/bin/../lib/gcc/riscv64-unknown-elf/14.2.1/../../../../riscv64-unknown-elf/lib/rv32imafc_zaamo_zalrsc_xxldsp/ilp32f\libc_nano.a(libc_a-nano-vfprintf_i.o)
                0x20004a64                _printf_common
 .text._printf_i
                0x20004b76      0x262 D:/tools/NucleiStudio_IDE_202510-win64/NucleiStudio/toolchain/gcc/bin/../lib/gcc/riscv64-unknown-elf/14.2.1/../../../../riscv64-unknown-elf/lib/rv32imafc_zaamo_zalrsc_xxldsp/ilp32f\libc_nano.a(libc_a-nano-vfprintf_i.o)
                0x20004b76                _printf_i
 .text.printf   0x20004dd8       0x2a D:/tools/NucleiStudio_IDE_202510-win64/NucleiStudio/toolchain/gcc/bin/../lib/gcc/riscv64-unknown-elf/14.2.1/../../../../riscv64-unknown-elf/lib/rv32imafc_zaamo_zalrsc_xxldsp/ilp32f\libc_nano.a(libc_a-printf.o)
                0x20004dd8                iprintf
                0x20004dd8                printf
 .text.snprintf
                0x20004e02       0x78 D:/tools/NucleiStudio_IDE_202510-win64/NucleiStudio/toolchain/gcc/bin/../lib/gcc/riscv64-unknown-elf/14.2.1/../../../../riscv64-unknown-elf/lib/rv32imafc_zaamo_zalrsc_xxldsp/ilp32f\libc_nano.a(libc_a-snprintf.o)
                0x20004e02                sniprintf
                0x20004e02                snprintf
 .text.vprintf  0x20004e7a        0xe D:/tools/NucleiStudio_IDE_202510-win64/NucleiStudio/toolchain/gcc/bin/../lib/gcc/riscv64-unknown-elf/14.2.1/../../../../riscv64-unknown-elf/lib/rv32imafc_zaamo_zalrsc_xxldsp/ilp32f\libc_nano.a(libc_a-vprintf.o)
                0x20004e7a                viprintf
                0x20004e7a                vprintf
 .text.memchr   0x20004e88       0x1a D:/tools/NucleiStudio_IDE_202510-win64/NucleiStudio/toolchain/gcc/bin/../lib/gcc/riscv64-unknown-elf/14.2.1/../../../../riscv64-unknown-elf/lib/rv32imafc_zaamo_zalrsc_xxldsp/ilp32f\libc_nano.a(libc_a-memchr.o)
                0x20004e88                memchr
 .text._localeconv_r
                0x20004ea2        0xa D:/tools/NucleiStudio_IDE_202510-win64/NucleiStudio/toolchain/gcc/bin/../lib/gcc/riscv64-unknown-elf/14.2.1/../../../../riscv64-unknown-elf/lib/rv32imafc_zaamo_zalrsc_xxldsp/ilp32f\libc_nano.a(libc_a-localeconv.o)
                0x20004ea2                _localeconv_r
 .text._sbrk_r  0x20004eac       0x30 D:/tools/NucleiStudio_IDE_202510-win64/NucleiStudio/toolchain/gcc/bin/../lib/gcc/riscv64-unknown-elf/14.2.1/../../../../riscv64-unknown-elf/lib/rv32imafc_zaamo_zalrsc_xxldsp/ilp32f\libc_nano.a(libc_a-sbrkr.o)
                0x20004eac                _sbrk_r
 .text.__libc_init_array
                0x20004edc       0x5e D:/tools/NucleiStudio_IDE_202510-win64/NucleiStudio/toolchain/gcc/bin/../lib/gcc/riscv64-unknown-elf/14.2.1/../../../../riscv64-unknown-elf/lib/rv32imafc_zaamo_zalrsc_xxldsp/ilp32f\libc_nano.a(libc_a-init.o)
                0x20004edc                __libc_init_array
 .text.__libc_fini_array
                0x20004f3a       0x36 D:/tools/NucleiStudio_IDE_202510-win64/NucleiStudio/toolchain/gcc/bin/../lib/gcc/riscv64-unknown-elf/14.2.1/../../../../riscv64-unknown-elf/lib/rv32imafc_zaamo_zalrsc_xxldsp/ilp32f\libc_nano.a(libc_a-fini.o)
                0x20004f3a                __libc_fini_array
 *fill*         0x20004f70        0x0 
 .text          0x20004f70       0xaa D:/tools/NucleiStudio_IDE_202510-win64/NucleiStudio/toolchain/gcc/bin/../lib/gcc/riscv64-unknown-elf/14.2.1/../../../../riscv64-unknown-elf/lib/rv32imafc_zaamo_zalrsc_xxldsp/ilp32f\libc_nano.a(libc_a-memset.o)
                0x20004f70                memset
 *fill*         0x2000501a        0x2 
 .text.memcpy   0x2000501c       0xea D:/tools/NucleiStudio_IDE_202510-win64/NucleiStudio/toolchain/gcc/bin/../lib/gcc/riscv64-unknown-elf/14.2.1/../../../../riscv64-unknown-elf/lib/rv32imafc_zaamo_zalrsc_xxldsp/ilp32f\libc_nano.a(libc_a-memcpy.o)
                0x2000501c                memcpy
 *fill*         0x20005106        0x2 
 .text.strlen   0x20005108       0x12 D:/tools/NucleiStudio_IDE_202510-win64/NucleiStudio/toolchain/gcc/bin/../lib/gcc/riscv64-unknown-elf/14.2.1/../../../../riscv64-unknown-elf/lib/rv32imafc_zaamo_zalrsc_xxldsp/ilp32f\libc_nano.a(libc_a-strlen.o)
                0x20005108                strlen
 .text.__register_exitproc
                0x2000511a       0x80 D:/tools/NucleiStudio_IDE_202510-win64/NucleiStudio/toolchain/gcc/bin/../lib/gcc/riscv64-unknown-elf/14.2.1/../../../../riscv64-unknown-elf/lib/rv32imafc_zaamo_zalrsc_xxldsp/ilp32f\libc_nano.a(libc_a-__atexit.o)
                0x2000511a                __register_exitproc
 .text.quorem   0x2000519a      0x134 D:/tools/NucleiStudio_IDE_202510-win64/NucleiStudio/toolchain/gcc/bin/../lib/gcc/riscv64-unknown-elf/14.2.1/../../../../riscv64-unknown-elf/lib/rv32imafc_zaamo_zalrsc_xxldsp/ilp32f\libc_nano.a(libc_a-dtoa.o)
 .text._dtoa_r  0x200052ce      0xbf0 D:/tools/NucleiStudio_IDE_202510-win64/NucleiStudio/toolchain/gcc/bin/../lib/gcc/riscv64-unknown-elf/14.2.1/../../../../riscv64-unknown-elf/lib/rv32imafc_zaamo_zalrsc_xxldsp/ilp32f\libc_nano.a(libc_a-dtoa.o)
                0x200052ce                _dtoa_r
 .text._free_r  0x20005ebe       0xa6 D:/tools/NucleiStudio_IDE_202510-win64/NucleiStudio/toolchain/gcc/bin/../lib/gcc/riscv64-unknown-elf/14.2.1/../../../../riscv64-unknown-elf/lib/rv32imafc_zaamo_zalrsc_xxldsp/ilp32f\libc_nano.a(libc_a-freer.o)
                0x20005ebe                _free_r
 .text._Balloc  0x20005f64       0xa2 D:/tools/NucleiStudio_IDE_202510-win64/NucleiStudio/toolchain/gcc/bin/../lib/gcc/riscv64-unknown-elf/14.2.1/../../../../riscv64-unknown-elf/lib/rv32imafc_zaamo_zalrsc_xxldsp/ilp32f\libc_nano.a(libc_a-mprec.o)
                0x20005f64                _Balloc
 .text._Bfree   0x20006006       0x60 D:/tools/NucleiStudio_IDE_202510-win64/NucleiStudio/toolchain/gcc/bin/../lib/gcc/riscv64-unknown-elf/14.2.1/../../../../riscv64-unknown-elf/lib/rv32imafc_zaamo_zalrsc_xxldsp/ilp32f\libc_nano.a(libc_a-mprec.o)
                0x20006006                _Bfree
 .text.__multadd
                0x20006066       0xbe D:/tools/NucleiStudio_IDE_202510-win64/NucleiStudio/toolchain/gcc/bin/../lib/gcc/riscv64-unknown-elf/14.2.1/../../../../riscv64-unknown-elf/lib/rv32imafc_zaamo_zalrsc_xxldsp/ilp32f\libc_nano.a(libc_a-mprec.o)
                0x20006066                __multadd
 .text.__hi0bits
                0x20006124       0x46 D:/tools/NucleiStudio_IDE_202510-win64/NucleiStudio/toolchain/gcc/bin/../lib/gcc/riscv64-unknown-elf/14.2.1/../../../../riscv64-unknown-elf/lib/rv32imafc_zaamo_zalrsc_xxldsp/ilp32f\libc_nano.a(libc_a-mprec.o)
                0x20006124                __hi0bits
 .text.__lo0bits
                0x2000616a       0x6a D:/tools/NucleiStudio_IDE_202510-win64/NucleiStudio/toolchain/gcc/bin/../lib/gcc/riscv64-unknown-elf/14.2.1/../../../../riscv64-unknown-elf/lib/rv32imafc_zaamo_zalrsc_xxldsp/ilp32f\libc_nano.a(libc_a-mprec.o)
                0x2000616a                __lo0bits
 .text.__i2b    0x200061d4       0x38 D:/tools/NucleiStudio_IDE_202510-win64/NucleiStudio/toolchain/gcc/bin/../lib/gcc/riscv64-unknown-elf/14.2.1/../../../../riscv64-unknown-elf/lib/rv32imafc_zaamo_zalrsc_xxldsp/ilp32f\libc_nano.a(libc_a-mprec.o)
                0x200061d4                __i2b
 .text.__multiply
                0x2000620c      0x17e D:/tools/NucleiStudio_IDE_202510-win64/NucleiStudio/toolchain/gcc/bin/../lib/gcc/riscv64-unknown-elf/14.2.1/../../../../riscv64-unknown-elf/lib/rv32imafc_zaamo_zalrsc_xxldsp/ilp32f\libc_nano.a(libc_a-mprec.o)
                0x2000620c                __multiply
 .text.__pow5mult
                0x2000638a       0xe2 D:/tools/NucleiStudio_IDE_202510-win64/NucleiStudio/toolchain/gcc/bin/../lib/gcc/riscv64-unknown-elf/14.2.1/../../../../riscv64-unknown-elf/lib/rv32imafc_zaamo_zalrsc_xxldsp/ilp32f\libc_nano.a(libc_a-mprec.o)
                0x2000638a                __pow5mult
 .text.__lshift
                0x2000646c      0x104 D:/tools/NucleiStudio_IDE_202510-win64/NucleiStudio/toolchain/gcc/bin/../lib/gcc/riscv64-unknown-elf/14.2.1/../../../../riscv64-unknown-elf/lib/rv32imafc_zaamo_zalrsc_xxldsp/ilp32f\libc_nano.a(libc_a-mprec.o)
                0x2000646c                __lshift
 .text.__mcmp   0x20006570       0x36 D:/tools/NucleiStudio_IDE_202510-win64/NucleiStudio/toolchain/gcc/bin/../lib/gcc/riscv64-unknown-elf/14.2.1/../../../../riscv64-unknown-elf/lib/rv32imafc_zaamo_zalrsc_xxldsp/ilp32f\libc_nano.a(libc_a-mprec.o)
                0x20006570                __mcmp
 .text.__mdiff  0x200065a6      0x174 D:/tools/NucleiStudio_IDE_202510-win64/NucleiStudio/toolchain/gcc/bin/../lib/gcc/riscv64-unknown-elf/14.2.1/../../../../riscv64-unknown-elf/lib/rv32imafc_zaamo_zalrsc_xxldsp/ilp32f\libc_nano.a(libc_a-mprec.o)
                0x200065a6                __mdiff
 .text.__d2b    0x2000671a       0xe0 D:/tools/NucleiStudio_IDE_202510-win64/NucleiStudio/toolchain/gcc/bin/../lib/gcc/riscv64-unknown-elf/14.2.1/../../../../riscv64-unknown-elf/lib/rv32imafc_zaamo_zalrsc_xxldsp/ilp32f\libc_nano.a(libc_a-mprec.o)
                0x2000671a                __d2b
 .text.__ssputs_r
                0x200067fa       0xf2 D:/tools/NucleiStudio_IDE_202510-win64/NucleiStudio/toolchain/gcc/bin/../lib/gcc/riscv64-unknown-elf/14.2.1/../../../../riscv64-unknown-elf/lib/rv32imafc_zaamo_zalrsc_xxldsp/ilp32f\libc_nano.a(libc_a-nano-svfprintf.o)
                0x200067fa                __ssputs_r
 .text._svfprintf_r
                0x200068ec      0x288 D:/tools/NucleiStudio_IDE_202510-win64/NucleiStudio/toolchain/gcc/bin/../lib/gcc/riscv64-unknown-elf/14.2.1/../../../../riscv64-unknown-elf/lib/rv32imafc_zaamo_zalrsc_xxldsp/ilp32f\libc_nano.a(libc_a-nano-svfprintf.o)
                0x200068ec                _svfiprintf_r
                0x200068ec                _svfprintf_r
 .text.__sfputc_r
                0x20006b74       0x28 D:/tools/NucleiStudio_IDE_202510-win64/NucleiStudio/toolchain/gcc/bin/../lib/gcc/riscv64-unknown-elf/14.2.1/../../../../riscv64-unknown-elf/lib/rv32imafc_zaamo_zalrsc_xxldsp/ilp32f\libc_nano.a(libc_a-nano-vfprintf.o)
 .text.__sfputs_r
                0x20006b9c       0x44 D:/tools/NucleiStudio_IDE_202510-win64/NucleiStudio/toolchain/gcc/bin/../lib/gcc/riscv64-unknown-elf/14.2.1/../../../../riscv64-unknown-elf/lib/rv32imafc_zaamo_zalrsc_xxldsp/ilp32f\libc_nano.a(libc_a-nano-vfprintf.o)
                0x20006b9c                __sfputs_r
 .text._vfprintf_r
                0x20006be0      0x278 D:/tools/NucleiStudio_IDE_202510-win64/NucleiStudio/toolchain/gcc/bin/../lib/gcc/riscv64-unknown-elf/14.2.1/../../../../riscv64-unknown-elf/lib/rv32imafc_zaamo_zalrsc_xxldsp/ilp32f\libc_nano.a(libc_a-nano-vfprintf.o)
                0x20006be0                _vfprintf_r
                0x20006be0                _vfiprintf_r
 .text.std      0x20006e58       0x6a D:/tools/NucleiStudio_IDE_202510-win64/NucleiStudio/toolchain/gcc/bin/../lib/gcc/riscv64-unknown-elf/14.2.1/../../../../riscv64-unknown-elf/lib/rv32imafc_zaamo_zalrsc_xxldsp/ilp32f\libc_nano.a(libc_a-findfp.o)
 .text.stdio_exit_handler
                0x20006ec2       0x1a D:/tools/NucleiStudio_IDE_202510-win64/NucleiStudio/toolchain/gcc/bin/../lib/gcc/riscv64-unknown-elf/14.2.1/../../../../riscv64-unknown-elf/lib/rv32imafc_zaamo_zalrsc_xxldsp/ilp32f\libc_nano.a(libc_a-findfp.o)
 .text.cleanup_stdio
                0x20006edc       0x4a D:/tools/NucleiStudio_IDE_202510-win64/NucleiStudio/toolchain/gcc/bin/../lib/gcc/riscv64-unknown-elf/14.2.1/../../../../riscv64-unknown-elf/lib/rv32imafc_zaamo_zalrsc_xxldsp/ilp32f\libc_nano.a(libc_a-findfp.o)
 .text.global_stdio_init.part.0
                0x20006f26       0x48 D:/tools/NucleiStudio_IDE_202510-win64/NucleiStudio/toolchain/gcc/bin/../lib/gcc/riscv64-unknown-elf/14.2.1/../../../../riscv64-unknown-elf/lib/rv32imafc_zaamo_zalrsc_xxldsp/ilp32f\libc_nano.a(libc_a-findfp.o)
 .text.__sinit  0x20006f6e       0x1e D:/tools/NucleiStudio_IDE_202510-win64/NucleiStudio/toolchain/gcc/bin/../lib/gcc/riscv64-unknown-elf/14.2.1/../../../../riscv64-unknown-elf/lib/rv32imafc_zaamo_zalrsc_xxldsp/ilp32f\libc_nano.a(libc_a-findfp.o)
                0x20006f6e                __sinit
 .text._fwalk_sglue
                0x20006f8c       0x68 D:/tools/NucleiStudio_IDE_202510-win64/NucleiStudio/toolchain/gcc/bin/../lib/gcc/riscv64-unknown-elf/14.2.1/../../../../riscv64-unknown-elf/lib/rv32imafc_zaamo_zalrsc_xxldsp/ilp32f\libc_nano.a(libc_a-fwalk.o)
                0x20006f8c                _fwalk_sglue
 .text.__sread  0x20006ff4       0x30 D:/tools/NucleiStudio_IDE_202510-win64/NucleiStudio/toolchain/gcc/bin/../lib/gcc/riscv64-unknown-elf/14.2.1/../../../../riscv64-unknown-elf/lib/rv32imafc_zaamo_zalrsc_xxldsp/ilp32f\libc_nano.a(libc_a-stdio.o)
                0x20006ff4                __sread
 .text.__swrite
                0x20007024       0x4e D:/tools/NucleiStudio_IDE_202510-win64/NucleiStudio/toolchain/gcc/bin/../lib/gcc/riscv64-unknown-elf/14.2.1/../../../../riscv64-unknown-elf/lib/rv32imafc_zaamo_zalrsc_xxldsp/ilp32f\libc_nano.a(libc_a-stdio.o)
                0x20007024                __swrite
 .text.__sseek  0x20007072       0x36 D:/tools/NucleiStudio_IDE_202510-win64/NucleiStudio/toolchain/gcc/bin/../lib/gcc/riscv64-unknown-elf/14.2.1/../../../../riscv64-unknown-elf/lib/rv32imafc_zaamo_zalrsc_xxldsp/ilp32f\libc_nano.a(libc_a-stdio.o)
                0x20007072                __sseek
 .text.__sclose
                0x200070a8        0x6 D:/tools/NucleiStudio_IDE_202510-win64/NucleiStudio/toolchain/gcc/bin/../lib/gcc/riscv64-unknown-elf/14.2.1/../../../../riscv64-unknown-elf/lib/rv32imafc_zaamo_zalrsc_xxldsp/ilp32f\libc_nano.a(libc_a-stdio.o)
                0x200070a8                __sclose
 .text.__swbuf_r
                0x200070ae       0x98 D:/tools/NucleiStudio_IDE_202510-win64/NucleiStudio/toolchain/gcc/bin/../lib/gcc/riscv64-unknown-elf/14.2.1/../../../../riscv64-unknown-elf/lib/rv32imafc_zaamo_zalrsc_xxldsp/ilp32f\libc_nano.a(libc_a-wbuf.o)
                0x200070ae                __swbuf_r
 .text.__swsetup_r
                0x20007146       0xc2 D:/tools/NucleiStudio_IDE_202510-win64/NucleiStudio/toolchain/gcc/bin/../lib/gcc/riscv64-unknown-elf/14.2.1/../../../../riscv64-unknown-elf/lib/rv32imafc_zaamo_zalrsc_xxldsp/ilp32f\libc_nano.a(libc_a-wsetup.o)
                0x20007146                __swsetup_r
 .text._close_r
                0x20007208       0x30 D:/tools/NucleiStudio_IDE_202510-win64/NucleiStudio/toolchain/gcc/bin/../lib/gcc/riscv64-unknown-elf/14.2.1/../../../../riscv64-unknown-elf/lib/rv32imafc_zaamo_zalrsc_xxldsp/ilp32f\libc_nano.a(libc_a-closer.o)
                0x20007208                _close_r
 .text._lseek_r
                0x20007238       0x34 D:/tools/NucleiStudio_IDE_202510-win64/NucleiStudio/toolchain/gcc/bin/../lib/gcc/riscv64-unknown-elf/14.2.1/../../../../riscv64-unknown-elf/lib/rv32imafc_zaamo_zalrsc_xxldsp/ilp32f\libc_nano.a(libc_a-lseekr.o)
                0x20007238                _lseek_r
 .text._read_r  0x2000726c       0x34 D:/tools/NucleiStudio_IDE_202510-win64/NucleiStudio/toolchain/gcc/bin/../lib/gcc/riscv64-unknown-elf/14.2.1/../../../../riscv64-unknown-elf/lib/rv32imafc_zaamo_zalrsc_xxldsp/ilp32f\libc_nano.a(libc_a-readr.o)
                0x2000726c                _read_r
 .text._write_r
                0x200072a0       0x34 D:/tools/NucleiStudio_IDE_202510-win64/NucleiStudio/toolchain/gcc/bin/../lib/gcc/riscv64-unknown-elf/14.2.1/../../../../riscv64-unknown-elf/lib/rv32imafc_zaamo_zalrsc_xxldsp/ilp32f\libc_nano.a(libc_a-writer.o)
                0x200072a0                _write_r
 .text.memmove  0x200072d4       0x4a D:/tools/NucleiStudio_IDE_202510-win64/NucleiStudio/toolchain/gcc/bin/../lib/gcc/riscv64-unknown-elf/14.2.1/../../../../riscv64-unknown-elf/lib/rv32imafc_zaamo_zalrsc_xxldsp/ilp32f\libc_nano.a(libc_a-memmove-stub.o)
                0x200072d4                memmove
 .text.__assert_func
                0x2000731e       0x36 D:/tools/NucleiStudio_IDE_202510-win64/NucleiStudio/toolchain/gcc/bin/../lib/gcc/riscv64-unknown-elf/14.2.1/../../../../riscv64-unknown-elf/lib/rv32imafc_zaamo_zalrsc_xxldsp/ilp32f\libc_nano.a(libc_a-assert.o)
                0x2000731e                __assert_func
 .text.__ascii_mbtowc
                0x20007354       0x3a D:/tools/NucleiStudio_IDE_202510-win64/NucleiStudio/toolchain/gcc/bin/../lib/gcc/riscv64-unknown-elf/14.2.1/../../../../riscv64-unknown-elf/lib/rv32imafc_zaamo_zalrsc_xxldsp/ilp32f\libc_nano.a(libc_a-mbtowc_r.o)
                0x20007354                __ascii_mbtowc
 .text._realloc_r
                0x2000738e       0x7e D:/tools/NucleiStudio_IDE_202510-win64/NucleiStudio/toolchain/gcc/bin/../lib/gcc/riscv64-unknown-elf/14.2.1/../../../../riscv64-unknown-elf/lib/rv32imafc_zaamo_zalrsc_xxldsp/ilp32f\libc_nano.a(libc_a-reallocr.o)
                0x2000738e                _realloc_r
 .text.__ascii_wctomb
                0x2000740c       0x20 D:/tools/NucleiStudio_IDE_202510-win64/NucleiStudio/toolchain/gcc/bin/../lib/gcc/riscv64-unknown-elf/14.2.1/../../../../riscv64-unknown-elf/lib/rv32imafc_zaamo_zalrsc_xxldsp/ilp32f\libc_nano.a(libc_a-wctomb_r.o)
                0x2000740c                __ascii_wctomb
 .text.__sflush_r
                0x2000742c      0x130 D:/tools/NucleiStudio_IDE_202510-win64/NucleiStudio/toolchain/gcc/bin/../lib/gcc/riscv64-unknown-elf/14.2.1/../../../../riscv64-unknown-elf/lib/rv32imafc_zaamo_zalrsc_xxldsp/ilp32f\libc_nano.a(libc_a-fflush.o)
                0x2000742c                __sflush_r
 .text._fflush_r
                0x2000755c       0x3a D:/tools/NucleiStudio_IDE_202510-win64/NucleiStudio/toolchain/gcc/bin/../lib/gcc/riscv64-unknown-elf/14.2.1/../../../../riscv64-unknown-elf/lib/rv32imafc_zaamo_zalrsc_xxldsp/ilp32f\libc_nano.a(libc_a-fflush.o)
                0x2000755c                _fflush_r
 .text.fprintf  0x20007596       0x26 D:/tools/NucleiStudio_IDE_202510-win64/NucleiStudio/toolchain/gcc/bin/../lib/gcc/riscv64-unknown-elf/14.2.1/../../../../riscv64-unknown-elf/lib/rv32imafc_zaamo_zalrsc_xxldsp/ilp32f\libc_nano.a(libc_a-fprintf.o)
                0x20007596                fiprintf
                0x20007596                fprintf
 .text.__swhatbuf_r
                0x200075bc       0x5a D:/tools/NucleiStudio_IDE_202510-win64/NucleiStudio/toolchain/gcc/bin/../lib/gcc/riscv64-unknown-elf/14.2.1/../../../../riscv64-unknown-elf/lib/rv32imafc_zaamo_zalrsc_xxldsp/ilp32f\libc_nano.a(libc_a-makebuf.o)
                0x200075bc                __swhatbuf_r
 .text.__smakebuf_r
                0x20007616       0x86 D:/tools/NucleiStudio_IDE_202510-win64/NucleiStudio/toolchain/gcc/bin/../lib/gcc/riscv64-unknown-elf/14.2.1/../../../../riscv64-unknown-elf/lib/rv32imafc_zaamo_zalrsc_xxldsp/ilp32f\libc_nano.a(libc_a-makebuf.o)
                0x20007616                __smakebuf_r
 .text._fstat_r
                0x2000769c       0x32 D:/tools/NucleiStudio_IDE_202510-win64/NucleiStudio/toolchain/gcc/bin/../lib/gcc/riscv64-unknown-elf/14.2.1/../../../../riscv64-unknown-elf/lib/rv32imafc_zaamo_zalrsc_xxldsp/ilp32f\libc_nano.a(libc_a-fstatr.o)
                0x2000769c                _fstat_r
 .text._isatty_r
                0x200076ce       0x30 D:/tools/NucleiStudio_IDE_202510-win64/NucleiStudio/toolchain/gcc/bin/../lib/gcc/riscv64-unknown-elf/14.2.1/../../../../riscv64-unknown-elf/lib/rv32imafc_zaamo_zalrsc_xxldsp/ilp32f\libc_nano.a(libc_a-isattyr.o)
                0x200076ce                _isatty_r
 .text.abort    0x200076fe        0xe D:/tools/NucleiStudio_IDE_202510-win64/NucleiStudio/toolchain/gcc/bin/../lib/gcc/riscv64-unknown-elf/14.2.1/../../../../riscv64-unknown-elf/lib/rv32imafc_zaamo_zalrsc_xxldsp/ilp32f\libc_nano.a(libc_a-abort.o)
                0x200076fe                abort
 .text._malloc_usable_size_r
                0x2000770c       0x14 D:/tools/NucleiStudio_IDE_202510-win64/NucleiStudio/toolchain/gcc/bin/../lib/gcc/riscv64-unknown-elf/14.2.1/../../../../riscv64-unknown-elf/lib/rv32imafc_zaamo_zalrsc_xxldsp/ilp32f\libc_nano.a(libc_a-msizer.o)
                0x2000770c                _malloc_usable_size_r
 .text._raise_r
                0x20007720       0x5e D:/tools/NucleiStudio_IDE_202510-win64/NucleiStudio/toolchain/gcc/bin/../lib/gcc/riscv64-unknown-elf/14.2.1/../../../../riscv64-unknown-elf/lib/rv32imafc_zaamo_zalrsc_xxldsp/ilp32f\libc_nano.a(libc_a-signal.o)
                0x20007720                _raise_r
 .text.raise    0x2000777e        0xa D:/tools/NucleiStudio_IDE_202510-win64/NucleiStudio/toolchain/gcc/bin/../lib/gcc/riscv64-unknown-elf/14.2.1/../../../../riscv64-unknown-elf/lib/rv32imafc_zaamo_zalrsc_xxldsp/ilp32f\libc_nano.a(libc_a-signal.o)
                0x2000777e                raise
 .text._kill_r  0x20007788       0x32 D:/tools/NucleiStudio_IDE_202510-win64/NucleiStudio/toolchain/gcc/bin/../lib/gcc/riscv64-unknown-elf/14.2.1/../../../../riscv64-unknown-elf/lib/rv32imafc_zaamo_zalrsc_xxldsp/ilp32f\libc_nano.a(libc_a-signalr.o)
                0x20007788                _kill_r
 .text._getpid_r
                0x200077ba        0x4 D:/tools/NucleiStudio_IDE_202510-win64/NucleiStudio/toolchain/gcc/bin/../lib/gcc/riscv64-unknown-elf/14.2.1/../../../../riscv64-unknown-elf/lib/rv32imafc_zaamo_zalrsc_xxldsp/ilp32f\libc_nano.a(libc_a-signalr.o)
                0x200077ba                _getpid_r
 .text          0x200077be      0x824 D:/tools/NucleiStudio_IDE_202510-win64/NucleiStudio/toolchain/gcc/bin/../lib/gcc/riscv64-unknown-elf/14.2.1/rv32imafc_zaamo_zalrsc_xxldsp/ilp32f\libgcc.a(adddf3.o)
                0x200077be                __adddf3
 .text          0x20007fe2      0x68c D:/tools/NucleiStudio_IDE_202510-win64/NucleiStudio/toolchain/gcc/bin/../lib/gcc/riscv64-unknown-elf/14.2.1/rv32imafc_zaamo_zalrsc_xxldsp/ilp32f\libgcc.a(divdf3.o)
                0x20007fe2                __divdf3
 .text          0x2000866e       0xa8 D:/tools/NucleiStudio_IDE_202510-win64/NucleiStudio/toolchain/gcc/bin/../lib/gcc/riscv64-unknown-elf/14.2.1/rv32imafc_zaamo_zalrsc_xxldsp/ilp32f\libgcc.a(eqdf2.o)
                0x2000866e                __nedf2
                0x2000866e                __eqdf2
 .text          0x20008716       0xae D:/tools/NucleiStudio_IDE_202510-win64/NucleiStudio/toolchain/gcc/bin/../lib/gcc/riscv64-unknown-elf/14.2.1/rv32imafc_zaamo_zalrsc_xxldsp/ilp32f\libgcc.a(gedf2.o)
                0x20008716                __gedf2
                0x20008716                __gtdf2
 .text          0x200087c4       0xae D:/tools/NucleiStudio_IDE_202510-win64/NucleiStudio/toolchain/gcc/bin/../lib/gcc/riscv64-unknown-elf/14.2.1/rv32imafc_zaamo_zalrsc_xxldsp/ilp32f\libgcc.a(ledf2.o)
                0x200087c4                __ledf2
                0x200087c4                __ltdf2
 .text          0x20008872      0x586 D:/tools/NucleiStudio_IDE_202510-win64/NucleiStudio/toolchain/gcc/bin/../lib/gcc/riscv64-unknown-elf/14.2.1/rv32imafc_zaamo_zalrsc_xxldsp/ilp32f\libgcc.a(muldf3.o)
                0x20008872                __muldf3
 .text          0x20008df8      0x82e D:/tools/NucleiStudio_IDE_202510-win64/NucleiStudio/toolchain/gcc/bin/../lib/gcc/riscv64-unknown-elf/14.2.1/rv32imafc_zaamo_zalrsc_xxldsp/ilp32f\libgcc.a(subdf3.o)
                0x20008df8                __subdf3
 .text          0x20009626       0x6a D:/tools/NucleiStudio_IDE_202510-win64/NucleiStudio/toolchain/gcc/bin/../lib/gcc/riscv64-unknown-elf/14.2.1/rv32imafc_zaamo_zalrsc_xxldsp/ilp32f\libgcc.a(unorddf2.o)
                0x20009626                __unorddf2
 .text          0x20009690       0xbe D:/tools/NucleiStudio_IDE_202510-win64/NucleiStudio/toolchain/gcc/bin/../lib/gcc/riscv64-unknown-elf/14.2.1/rv32imafc_zaamo_zalrsc_xxldsp/ilp32f\libgcc.a(fixdfsi.o)
                0x20009690                __fixdfsi
 .text          0x2000974e       0x64 D:/tools/NucleiStudio_IDE_202510-win64/NucleiStudio/toolchain/gcc/bin/../lib/gcc/riscv64-unknown-elf/14.2.1/rv32imafc_zaamo_zalrsc_xxldsp/ilp32f\libgcc.a(floatsidf.o)
                0x2000974e                __floatsidf
 .text          0x200097b2       0x4c D:/tools/NucleiStudio_IDE_202510-win64/NucleiStudio/toolchain/gcc/bin/../lib/gcc/riscv64-unknown-elf/14.2.1/rv32imafc_zaamo_zalrsc_xxldsp/ilp32f\libgcc.a(floatunsidf.o)
                0x200097b2                __floatunsidf
 .text          0x200097fe      0x36a D:/tools/NucleiStudio_IDE_202510-win64/NucleiStudio/toolchain/gcc/bin/../lib/gcc/riscv64-unknown-elf/14.2.1/rv32imafc_zaamo_zalrsc_xxldsp/ilp32f\libgcc.a(trunctfdf2.o)
                0x200097fe                __trunctfdf2
 .text          0x20009b68       0x3c D:/tools/NucleiStudio_IDE_202510-win64/NucleiStudio/toolchain/gcc/bin/../lib/gcc/riscv64-unknown-elf/14.2.1/rv32imafc_zaamo_zalrsc_xxldsp/ilp32f\libgcc.a(_clzsi2.o)
                0x20009b68                __clzsi2
 .text._getpid  0x20009ba4        0x4 D:/tools/NucleiStudio_IDE_202510-win64/NucleiStudio/toolchain/gcc/bin/../lib/gcc/riscv64-unknown-elf/14.2.1/../../../../riscv64-unknown-elf/lib/rv32imafc_zaamo_zalrsc_xxldsp/ilp32f\libsemihost.a(riscv_libsemihost_a-sys_getpid.o)
                0x20009ba4                _getpid
 .text._kill    0x20009ba8       0x12 D:/tools/NucleiStudio_IDE_202510-win64/NucleiStudio/toolchain/gcc/bin/../lib/gcc/riscv64-unknown-elf/14.2.1/../../../../riscv64-unknown-elf/lib/rv32imafc_zaamo_zalrsc_xxldsp/ilp32f\libsemihost.a(riscv_libsemihost_a-sys_kill.o)
                0x20009ba8                _kill
 *fill*         0x20009bba        0x6 
 .text._close   0x20009bc0       0x6a D:/tools/NucleiStudio_IDE_202510-win64/NucleiStudio/toolchain/gcc/bin/../lib/gcc/riscv64-unknown-elf/14.2.1/../../../../riscv64-unknown-elf/lib/rv32imafc_zaamo_zalrsc_xxldsp/ilp32f\libsemihost.a(riscv_libsemihost_a-semihost-sys_close.o)
                0x20009bc0                _close
 *fill*         0x20009c2a        0x6 
 .text.__semihost_syscall
                0x20009c30       0x12 D:/tools/NucleiStudio_IDE_202510-win64/NucleiStudio/toolchain/gcc/bin/../lib/gcc/riscv64-unknown-elf/14.2.1/../../../../riscv64-unknown-elf/lib/rv32imafc_zaamo_zalrsc_xxldsp/ilp32f\libsemihost.a(riscv_libsemihost_a-semihost-sys_exit.o)
 .text._exit    0x20009c42       0x2a D:/tools/NucleiStudio_IDE_202510-win64/NucleiStudio/toolchain/gcc/bin/../lib/gcc/riscv64-unknown-elf/14.2.1/../../../../riscv64-unknown-elf/lib/rv32imafc_zaamo_zalrsc_xxldsp/ilp32f\libsemihost.a(riscv_libsemihost_a-semihost-sys_exit.o)
                0x20009c42                _exit
 .text.__add_fdentry
                0x20009c6c       0x42 D:/tools/NucleiStudio_IDE_202510-win64/NucleiStudio/toolchain/gcc/bin/../lib/gcc/riscv64-unknown-elf/14.2.1/../../../../riscv64-unknown-elf/lib/rv32imafc_zaamo_zalrsc_xxldsp/ilp32f\libsemihost.a(riscv_libsemihost_a-semihost-sys_fdtable.o)
                0x20009c6c                __add_fdentry
 .text.__get_fdentry
                0x20009cae       0x2e D:/tools/NucleiStudio_IDE_202510-win64/NucleiStudio/toolchain/gcc/bin/../lib/gcc/riscv64-unknown-elf/14.2.1/../../../../riscv64-unknown-elf/lib/rv32imafc_zaamo_zalrsc_xxldsp/ilp32f\libsemihost.a(riscv_libsemihost_a-semihost-sys_fdtable.o)
                0x20009cae                __get_fdentry
 .text.__remove_fdentry
                0x20009cdc       0x12 D:/tools/NucleiStudio_IDE_202510-win64/NucleiStudio/toolchain/gcc/bin/../lib/gcc/riscv64-unknown-elf/14.2.1/../../../../riscv64-unknown-elf/lib/rv32imafc_zaamo_zalrsc_xxldsp/ilp32f\libsemihost.a(riscv_libsemihost_a-semihost-sys_fdtable.o)
                0x20009cdc                __remove_fdentry
 .text._fstat   0x20009cee       0x22 D:/tools/NucleiStudio_IDE_202510-win64/NucleiStudio/toolchain/gcc/bin/../lib/gcc/riscv64-unknown-elf/14.2.1/../../../../riscv64-unknown-elf/lib/rv32imafc_zaamo_zalrsc_xxldsp/ilp32f\libsemihost.a(riscv_libsemihost_a-semihost-sys_fstat.o)
                0x20009cee                _fstat
 *fill*         0x20009d10        0x0 
 .text._isatty  0x20009d10       0x64 D:/tools/NucleiStudio_IDE_202510-win64/NucleiStudio/toolchain/gcc/bin/../lib/gcc/riscv64-unknown-elf/14.2.1/../../../../riscv64-unknown-elf/lib/rv32imafc_zaamo_zalrsc_xxldsp/ilp32f\libsemihost.a(riscv_libsemihost_a-semihost-sys_isatty.o)
                0x20009d10                _isatty
 *fill*         0x20009d74        0xc 
 .text._lseek   0x20009d80       0xd8 D:/tools/NucleiStudio_IDE_202510-win64/NucleiStudio/toolchain/gcc/bin/../lib/gcc/riscv64-unknown-elf/14.2.1/../../../../riscv64-unknown-elf/lib/rv32imafc_zaamo_zalrsc_xxldsp/ilp32f\libsemihost.a(riscv_libsemihost_a-semihost-sys_lseek.o)
                0x20009d80                _lseek
 *fill*         0x20009e58        0x8 
 .text._open    0x20009e60       0xc2 D:/tools/NucleiStudio_IDE_202510-win64/NucleiStudio/toolchain/gcc/bin/../lib/gcc/riscv64-unknown-elf/14.2.1/../../../../riscv64-unknown-elf/lib/rv32imafc_zaamo_zalrsc_xxldsp/ilp32f\libsemihost.a(riscv_libsemihost_a-semihost-sys_open.o)
                0x20009e60                _open
 *fill*         0x20009f22        0xe 
 .text._read    0x20009f30       0x70 D:/tools/NucleiStudio_IDE_202510-win64/NucleiStudio/toolchain/gcc/bin/../lib/gcc/riscv64-unknown-elf/14.2.1/../../../../riscv64-unknown-elf/lib/rv32imafc_zaamo_zalrsc_xxldsp/ilp32f\libsemihost.a(riscv_libsemihost_a-semihost-sys_read.o)
                0x20009f30                _read
 .text._sbrk    0x20009fa0       0x24 D:/tools/NucleiStudio_IDE_202510-win64/NucleiStudio/toolchain/gcc/bin/../lib/gcc/riscv64-unknown-elf/14.2.1/../../../../riscv64-unknown-elf/lib/rv32imafc_zaamo_zalrsc_xxldsp/ilp32f\libsemihost.a(riscv_libsemihost_a-semihost-sys_sbrk.o)
                0x20009fa0                _sbrk
 *fill*         0x20009fc4        0xc 
 .text.__stat_common
                0x20009fd0       0x6c D:/tools/NucleiStudio_IDE_202510-win64/NucleiStudio/toolchain/gcc/bin/../lib/gcc/riscv64-unknown-elf/14.2.1/../../../../riscv64-unknown-elf/lib/rv32imafc_zaamo_zalrsc_xxldsp/ilp32f\libsemihost.a(riscv_libsemihost_a-semihost-sys_stat_common.o)
                0x20009fd0                __stat_common
 *fill*         0x2000a03c        0x4 
 .text._write   0x2000a040       0x6a D:/tools/NucleiStudio_IDE_202510-win64/NucleiStudio/toolchain/gcc/bin/../lib/gcc/riscv64-unknown-elf/14.2.1/../../../../riscv64-unknown-elf/lib/rv32imafc_zaamo_zalrsc_xxldsp/ilp32f\libsemihost.a(riscv_libsemihost_a-semihost-sys_write.o)
                0x2000a040                _write
 .text.vpi_pool_init
                0x2000a0aa       0xc8 E:\mwp\mmy\galaxy_sdk\modules\lib\libcommon_riscv.a(list_pool.c.o)
                0x2000a0aa                vpi_pool_init
 .text.vpi_pool_put_buf_back
                0x2000a172       0x38 E:\mwp\mmy\galaxy_sdk\modules\lib\libcommon_riscv.a(list_pool.c.o)
                0x2000a172                vpi_pool_put_buf_back
 .text.vpi_pool_get_buf
                0x2000a1aa       0x3e E:\mwp\mmy\galaxy_sdk\modules\lib\libcommon_riscv.a(list_pool.c.o)
                0x2000a1aa                vpi_pool_get_buf
 .text.osal_create_spinlock
                0x2000a1e8        0x4 E:\mwp\mmy\galaxy_sdk\osal\lib\libosal_riscv.a(osal_spinlock.c.o)
                0x2000a1e8                osal_create_spinlock
 .text.osal_unlock_spinlock
                0x2000a1ec       0x10 E:\mwp\mmy\galaxy_sdk\osal\lib\libosal_riscv.a(osal_spinlock.c.o)
                0x2000a1ec                osal_unlock_spinlock
 .text.osal_lock_spinlock
                0x2000a1fc       0x10 E:\mwp\mmy\galaxy_sdk\osal\lib\libosal_riscv.a(osal_spinlock.c.o)
                0x2000a1fc                osal_lock_spinlock
 .text.__errno  0x2000a20c        0x6 D:/tools/NucleiStudio_IDE_202510-win64/NucleiStudio/toolchain/gcc/bin/../lib/gcc/riscv64-unknown-elf/14.2.1/../../../../riscv64-unknown-elf/lib/rv32imafc_zaamo_zalrsc_xxldsp/ilp32f\libc_nano.a(libc_a-errno.o)
                0x2000a20c                __errno
 *(.gnu.linkonce.t.*)
                0x2000a218                        . = ALIGN (0x8)
 *fill*         0x2000a212        0x6 
 *(.srodata.cst16)
 *(.srodata.cst8)
 .srodata.cst8  0x2000a218       0x50 D:/tools/NucleiStudio_IDE_202510-win64/NucleiStudio/toolchain/gcc/bin/../lib/gcc/riscv64-unknown-elf/14.2.1/../../../../riscv64-unknown-elf/lib/rv32imafc_zaamo_zalrsc_xxldsp/ilp32f\libc_nano.a(libc_a-nano-vfprintf_float.o)
                                  0x8 (size before relaxing)
 .srodata.cst8  0x2000a268       0x48 D:/tools/NucleiStudio_IDE_202510-win64/NucleiStudio/toolchain/gcc/bin/../lib/gcc/riscv64-unknown-elf/14.2.1/../../../../riscv64-unknown-elf/lib/rv32imafc_zaamo_zalrsc_xxldsp/ilp32f\libc_nano.a(libc_a-dtoa.o)
 *(.srodata.cst4)
 *(.srodata.cst2)
 *(.srodata .srodata.*)
 .srodata.qemu_board_name
                0x2000a268        0x5 ./galaxy_sdk/bsp/src/qemu_board.o
 *fill*         0x2000a26d        0x3 
 .srodata.uxTopUsedPriority
                0x2000a270        0x4 E:\mwp\mmy\galaxy_sdk\os\lib\libos_riscv.a(tasks.c.o)
                0x2000a270                uxTopUsedPriority
 *(.rdata)
 *(.rodata .rodata.*)
 .rodata.qemu_board_ops
                0x2000a274        0xc ./galaxy_sdk/bsp/src/qemu_board.o
                0x2000a274                qemu_board_ops
 .rodata.recieve_handler.str1.4
                0x2000a280      0x6f5 ./galaxy_sdk/main.o
                                 0x1b (size before relaxing)
 .rodata.task_init_app.str1.4
                0x2000a975       0x5a ./galaxy_sdk/main.o
 .rodata.send_task.str1.4
                0x2000a975       0x71 ./galaxy_sdk/main.o
 .rodata.receive_task.str1.4
                0x2000a975       0x73 ./galaxy_sdk/main.o
 .rodata.main.str1.4
                0x2000a975       0x2d ./galaxy_sdk/main.o
 .rodata.vApplicationStackOverflowHook.str1.4
                0x2000a975       0x1d E:\mwp\mmy\galaxy_sdk\bsp\lib\libbsp_riscv.a(port.c.o)
 .rodata.vApplicationMallocFailedHook.str1.4
                0x2000a975        0xe E:\mwp\mmy\galaxy_sdk\bsp\lib\libbsp_riscv.a(port.c.o)
 .rodata.system_default_exception_handler.str1.4
                0x2000a975       0x71 E:\mwp\mmy\galaxy_sdk\bsp\lib\libbsp_riscv.a(system_pegasus.c.o)
 .rodata.vpi_get_event_name.str1.4
                0x2000a975      0x160 E:\mwp\mmy\galaxy_sdk\modules\lib\libcommon_riscv.a(event_sys.c.o)
 *fill*         0x2000a975        0x3 
 .rodata.vpi_get_event_name
                0x2000a978       0x9c E:\mwp\mmy\galaxy_sdk\modules\lib\libcommon_riscv.a(event_sys.c.o)
 .rodata.vpi_event_notify_base.str1.4
                0x2000aa14       0x5b E:\mwp\mmy\galaxy_sdk\modules\lib\libcommon_riscv.a(event_notify.c.o)
 .rodata.__func__.0
                0x2000aa14       0x16 E:\mwp\mmy\galaxy_sdk\modules\lib\libcommon_riscv.a(event_notify.c.o)
 .rodata.register_event_listener.str1.4
                0x2000aa2a       0x39 E:\mwp\mmy\galaxy_sdk\modules\lib\libcommon_riscv.a(event_register.c.o)
 .rodata.vpi_event_register.str1.4
                0x2000aa2a       0x20 E:\mwp\mmy\galaxy_sdk\modules\lib\libcommon_riscv.a(event_register.c.o)
 *fill*         0x2000aa2a        0x2 
 .rodata.__func__.0
                0x2000aa2c       0x13 E:\mwp\mmy\galaxy_sdk\modules\lib\libcommon_riscv.a(event_register.c.o)
 *fill*         0x2000aa3f        0x1 
 .rodata.__func__.1
                0x2000aa40       0x16 E:\mwp\mmy\galaxy_sdk\modules\lib\libcommon_riscv.a(event_register.c.o)
 *fill*         0x2000aa56        0x2 
 .rodata.__func__.2
                0x2000aa58       0x17 E:\mwp\mmy\galaxy_sdk\modules\lib\libcommon_riscv.a(event_register.c.o)
 .rodata.register_listener_to_group.str1.4
                0x2000aa6f       0x20 E:\mwp\mmy\galaxy_sdk\modules\lib\libcommon_riscv.a(event_group.c.o)
 *fill*         0x2000aa6f        0x1 
 .rodata.__func__.0
                0x2000aa70       0x1b E:\mwp\mmy\galaxy_sdk\modules\lib\libcommon_riscv.a(event_group.c.o)
 .rodata.vpi_event_listen.str1.4
                0x2000aa8b       0x40 E:\mwp\mmy\galaxy_sdk\modules\lib\libcommon_riscv.a(event_task.c.o)
 *fill*         0x2000aa8b        0x1 
 .rodata.__func__.0
                0x2000aa8c       0x11 E:\mwp\mmy\galaxy_sdk\modules\lib\libcommon_riscv.a(event_task.c.o)
 .rodata.uart_printf.str1.4
                0x2000aa9d        0x2 E:\mwp\mmy\galaxy_sdk\modules\lib\libcommon_riscv.a(uart_printf.c.o)
 *fill*         0x2000aa9d        0x3 
 .rodata.CSWTCH.14
                0x2000aaa0       0x40 E:\mwp\mmy\galaxy_sdk\modules\lib\libcommon_riscv.a(vpi_error.c.o)
 .rodata.find_event_list_base.str1.4
                0x2000aae0       0x19 E:\mwp\mmy\galaxy_sdk\modules\lib\libcommon_riscv.a(event_list.c.o)
 .rodata.__func__.2
                0x2000aae0       0x12 E:\mwp\mmy\galaxy_sdk\modules\lib\libcommon_riscv.a(event_list.c.o)
 *fill*         0x2000aaf2        0x2 
 .rodata.__func__.3
                0x2000aaf4       0x15 E:\mwp\mmy\galaxy_sdk\modules\lib\libcommon_riscv.a(event_list.c.o)
 .rodata.osal_send_event_base.isra.0.str1.4
                0x2000ab09       0x4a E:\mwp\mmy\galaxy_sdk\osal\lib\libosal_riscv.a(osal_event.c.o)
 .rodata.osal_create_event_queue.str1.4
                0x2000ab09       0x7a E:\mwp\mmy\galaxy_sdk\osal\lib\libosal_riscv.a(osal_event.c.o)
 .rodata.osal_wait_event.str1.4
                0x2000ab09       0x19 E:\mwp\mmy\galaxy_sdk\osal\lib\libosal_riscv.a(osal_event.c.o)
 *fill*         0x2000ab09        0x3 
 .rodata.__func__.0
                0x2000ab0c       0x15 E:\mwp\mmy\galaxy_sdk\osal\lib\libosal_riscv.a(osal_event.c.o)
 *fill*         0x2000ab21        0x3 
 .rodata.__func__.1
                0x2000ab24       0x10 E:\mwp\mmy\galaxy_sdk\osal\lib\libosal_riscv.a(osal_event.c.o)
 .rodata.vTaskStartScheduler.str1.4
                0x2000ab34        0x9 E:\mwp\mmy\galaxy_sdk\os\lib\libos_riscv.a(tasks.c.o)
 .rodata.xTimerCreateTimerTask.str1.4
                0x2000ab34        0xa E:\mwp\mmy\galaxy_sdk\os\lib\libos_riscv.a(timers.c.o)
 .rodata.prvTimerTask
                0x2000ab34       0x28 E:\mwp\mmy\galaxy_sdk\os\lib\libos_riscv.a(timers.c.o)
 .rodata._printf_float.str1.4
                0x2000ab5c       0x12 D:/tools/NucleiStudio_IDE_202510-win64/NucleiStudio/toolchain/gcc/bin/../lib/gcc/riscv64-unknown-elf/14.2.1/../../../../riscv64-unknown-elf/lib/rv32imafc_zaamo_zalrsc_xxldsp/ilp32f\libc_nano.a(libc_a-nano-vfprintf_float.o)
 .rodata._printf_i.str1.4
                0x2000ab5c       0x25 D:/tools/NucleiStudio_IDE_202510-win64/NucleiStudio/toolchain/gcc/bin/../lib/gcc/riscv64-unknown-elf/14.2.1/../../../../riscv64-unknown-elf/lib/rv32imafc_zaamo_zalrsc_xxldsp/ilp32f\libc_nano.a(libc_a-nano-vfprintf_i.o)
 .rodata._printf_i
                0x2000ab5c       0x58 D:/tools/NucleiStudio_IDE_202510-win64/NucleiStudio/toolchain/gcc/bin/../lib/gcc/riscv64-unknown-elf/14.2.1/../../../../riscv64-unknown-elf/lib/rv32imafc_zaamo_zalrsc_xxldsp/ilp32f\libc_nano.a(libc_a-nano-vfprintf_i.o)
 .rodata._dtoa_r.str1.4
                0x2000abb4       0x8d D:/tools/NucleiStudio_IDE_202510-win64/NucleiStudio/toolchain/gcc/bin/../lib/gcc/riscv64-unknown-elf/14.2.1/../../../../riscv64-unknown-elf/lib/rv32imafc_zaamo_zalrsc_xxldsp/ilp32f\libc_nano.a(libc_a-dtoa.o)
 .rodata._Balloc.str1.4
                0x2000abb4       0x68 D:/tools/NucleiStudio_IDE_202510-win64/NucleiStudio/toolchain/gcc/bin/../lib/gcc/riscv64-unknown-elf/14.2.1/../../../../riscv64-unknown-elf/lib/rv32imafc_zaamo_zalrsc_xxldsp/ilp32f\libc_nano.a(libc_a-mprec.o)
 .rodata.__multadd.str1.4
                0x2000abb4       0x11 D:/tools/NucleiStudio_IDE_202510-win64/NucleiStudio/toolchain/gcc/bin/../lib/gcc/riscv64-unknown-elf/14.2.1/../../../../riscv64-unknown-elf/lib/rv32imafc_zaamo_zalrsc_xxldsp/ilp32f\libc_nano.a(libc_a-mprec.o)
 .rodata.p05.0  0x2000abb4        0xc D:/tools/NucleiStudio_IDE_202510-win64/NucleiStudio/toolchain/gcc/bin/../lib/gcc/riscv64-unknown-elf/14.2.1/../../../../riscv64-unknown-elf/lib/rv32imafc_zaamo_zalrsc_xxldsp/ilp32f\libc_nano.a(libc_a-mprec.o)
 .rodata.__mprec_bigtens
                0x2000abc0       0x28 D:/tools/NucleiStudio_IDE_202510-win64/NucleiStudio/toolchain/gcc/bin/../lib/gcc/riscv64-unknown-elf/14.2.1/../../../../riscv64-unknown-elf/lib/rv32imafc_zaamo_zalrsc_xxldsp/ilp32f\libc_nano.a(libc_a-mprec.o)
                0x2000abc0                __mprec_bigtens
 .rodata.__mprec_tens
                0x2000abe8       0xc8 D:/tools/NucleiStudio_IDE_202510-win64/NucleiStudio/toolchain/gcc/bin/../lib/gcc/riscv64-unknown-elf/14.2.1/../../../../riscv64-unknown-elf/lib/rv32imafc_zaamo_zalrsc_xxldsp/ilp32f\libc_nano.a(libc_a-mprec.o)
                0x2000abe8                __mprec_tens
 .rodata._svfprintf_r.str1.4
                0x2000acb0       0x13 D:/tools/NucleiStudio_IDE_202510-win64/NucleiStudio/toolchain/gcc/bin/../lib/gcc/riscv64-unknown-elf/14.2.1/../../../../riscv64-unknown-elf/lib/rv32imafc_zaamo_zalrsc_xxldsp/ilp32f\libc_nano.a(libc_a-nano-svfprintf.o)
 .rodata._vfprintf_r.str1.4
                0x2000acb0       0x13 D:/tools/NucleiStudio_IDE_202510-win64/NucleiStudio/toolchain/gcc/bin/../lib/gcc/riscv64-unknown-elf/14.2.1/../../../../riscv64-unknown-elf/lib/rv32imafc_zaamo_zalrsc_xxldsp/ilp32f\libc_nano.a(libc_a-nano-vfprintf.o)
 .rodata._setlocale_r.str1.4
                0x2000acb0        0xd D:/tools/NucleiStudio_IDE_202510-win64/NucleiStudio/toolchain/gcc/bin/../lib/gcc/riscv64-unknown-elf/14.2.1/../../../../riscv64-unknown-elf/lib/rv32imafc_zaamo_zalrsc_xxldsp/ilp32f\libc_nano.a(libc_a-locale.o)
 .rodata.str1.4
                0x2000acb0        0x2 D:/tools/NucleiStudio_IDE_202510-win64/NucleiStudio/toolchain/gcc/bin/../lib/gcc/riscv64-unknown-elf/14.2.1/../../../../riscv64-unknown-elf/lib/rv32imafc_zaamo_zalrsc_xxldsp/ilp32f\libc_nano.a(libc_a-locale.o)
 .rodata.__assert_func.str1.4
                0x2000acb0       0x43 D:/tools/NucleiStudio_IDE_202510-win64/NucleiStudio/toolchain/gcc/bin/../lib/gcc/riscv64-unknown-elf/14.2.1/../../../../riscv64-unknown-elf/lib/rv32imafc_zaamo_zalrsc_xxldsp/ilp32f\libc_nano.a(libc_a-assert.o)
 .rodata._ctype_
                0x2000acb0      0x101 D:/tools/NucleiStudio_IDE_202510-win64/NucleiStudio/toolchain/gcc/bin/../lib/gcc/riscv64-unknown-elf/14.2.1/../../../../riscv64-unknown-elf/lib/rv32imafc_zaamo_zalrsc_xxldsp/ilp32f\libc_nano.a(libc_a-ctype_.o)
                0x2000acb0                _ctype_
 *fill*         0x2000adb1        0x3 
 .rodata        0x2000adb4       0x3c D:/tools/NucleiStudio_IDE_202510-win64/NucleiStudio/toolchain/gcc/bin/../lib/gcc/riscv64-unknown-elf/14.2.1/rv32imafc_zaamo_zalrsc_xxldsp/ilp32f\libgcc.a(divdf3.o)
 .rodata        0x2000adf0      0x100 D:/tools/NucleiStudio_IDE_202510-win64/NucleiStudio/toolchain/gcc/bin/../lib/gcc/riscv64-unknown-elf/14.2.1/rv32imafc_zaamo_zalrsc_xxldsp/ilp32f\libgcc.a(_clz.o)
                0x2000adf0                __clz_tab
 .rodata.init_semihosting.str1.4
                0x2000aef0        0x4 D:/tools/NucleiStudio_IDE_202510-win64/NucleiStudio/toolchain/gcc/bin/../lib/gcc/riscv64-unknown-elf/14.2.1/../../../../riscv64-unknown-elf/lib/rv32imafc_zaamo_zalrsc_xxldsp/ilp32f\libsemihost.a(riscv_libsemihost_a-semihost-sys_fdtable.o)
 .rodata.vpi_pool_init.str1.4
                0x2000aef0       0x29 E:\mwp\mmy\galaxy_sdk\modules\lib\libcommon_riscv.a(list_pool.c.o)
 *(.gnu.linkonce.r.*)
                0x2000af1c                        . = ALIGN (0x4)
                0x2000aef0                        __rt_init_start = .
 *(SORT_BY_NAME(.rti_fn*))
                0x2000aef0                        __rt_init_end = .
                0x2000af1c                        . = ALIGN (0x4)
                0x2000aef0                        __fsymtab_start = .
 *(FSymTab)
                0x2000aef0                        __fsymtab_end = .
                0x2000af1c                        . = ALIGN (0x4)
                0x2000aef0                        __vsymtab_start = .
 *(VSymTab)
                0x2000aef0                        __vsymtab_end = .
                0x2000af1c                        . = ALIGN (0x4)
 *libble*.a:*(.text*)
                0x2000aef0                        __init_start = .
                0x2000aef0                        __init_PRE_KERNEL_1_start = .
 *(SORT_BY_NAME(.z_init_PRE_KERNEL_1[0-9]_*))
 *(SORT_BY_NAME(.z_init_PRE_KERNEL_1[1-9][0-9]_*))
                0x2000aef0                        __init_PRE_KERNEL_2_start = .
 *(SORT_BY_NAME(.z_init_PRE_KERNEL_2[0-9]_*))
 *(SORT_BY_NAME(.z_init_PRE_KERNEL_2[1-9][0-9]_*))
                0x2000aef0                        __init_POST_KERNEL_start = .
 *(SORT_BY_NAME(.z_init_POST_KERNEL[0-9]_*))
 *(SORT_BY_NAME(.z_init_POST_KERNEL[1-9][0-9]_*))
                0x2000aef0                        __init_APPLICATION_start = .
 *(SORT_BY_NAME(.z_init_APPLICATION[0-9]_*))
 *(SORT_BY_NAME(.z_init_APPLICATION[1-9][0-9]_*))
                0x2000aef0                        __init_end = .

.nonxip_text    0x2000aef0       0x30
 .nonxip_text   0x2000aef0        0xe ./galaxy_sdk/bsp/src/qemu_board.o
 .nonxip_text   0x2000aefe       0x22 E:\mwp\mmy\galaxy_sdk\bsp\lib\libbsp_riscv.a(arch_api.c.o)
                0x2000aefe                cpu_sleep

.itext          0x2000af20       0x46
 .itext         0x2000af20       0x46 E:\mwp\mmy\galaxy_sdk\modules\lib\libcommon_riscv.a(event_group.c.o)

.riscv.jvt      0x2000af66        0x0
 .riscv.jvt     0x2000af66        0x0 D:/tools/NucleiStudio_IDE_202510-win64/NucleiStudio/toolchain/gcc/bin/../lib/gcc/riscv64-unknown-elf/14.2.1/../../../../riscv64-unknown-elf/lib/rv32imafc_zaamo_zalrsc_xxldsp/ilp32f\libc_nano.a(libc_a-errno.o)

.rela.dyn       0x2000af68        0x0
 .rela.text.irq
                0x2000af68        0x0 ./galaxy_sdk/bsp/src/portasm.o
 .rela.init     0x2000af68        0x0 ./galaxy_sdk/bsp/src/portasm.o
 .rela.text.__libc_init_array
                0x2000af68        0x0 ./galaxy_sdk/bsp/src/portasm.o
 .rela.text.__libc_fini_array
                0x2000af68        0x0 ./galaxy_sdk/bsp/src/portasm.o
 .rela.text.__register_exitproc
                0x2000af68        0x0 ./galaxy_sdk/bsp/src/portasm.o
 .rela.text._svfprintf_r
                0x2000af68        0x0 ./galaxy_sdk/bsp/src/portasm.o
 .rela.text._vfprintf_r
                0x2000af68        0x0 ./galaxy_sdk/bsp/src/portasm.o
 .rela.text._sbrk
                0x2000af68        0x0 ./galaxy_sdk/bsp/src/portasm.o

.fini
 *(SORT_NONE(.fini))

.preinit_array  0x2000af66        0x0
                0x2000af66                        PROVIDE (__preinit_array_start = .)
 *(.preinit_array)
                0x2000af66                        PROVIDE (__preinit_array_end = .)

.init_array     0x2000af68        0x4
                0x2000af68                        PROVIDE (__init_array_start = .)
 *(SORT_BY_INIT_PRIORITY(.init_array.*) SORT_BY_INIT_PRIORITY(.ctors.*))
 *(.init_array EXCLUDE_FILE(*crtend?.o *crtend.o *crtbegin?.o *crtbegin.o) .ctors)
 .init_array    0x2000af68        0x4 D:/tools/NucleiStudio_IDE_202510-win64/NucleiStudio/toolchain/gcc/bin/../lib/gcc/riscv64-unknown-elf/14.2.1/../../../../riscv64-unknown-elf/lib/rv32imafc_zaamo_zalrsc_xxldsp/ilp32f\libsemihost.a(riscv_libsemihost_a-semihost-sys_fdtable.o)
                0x2000af6c                        PROVIDE (__init_array_end = .)

.fini_array     0x2000af6c        0x0
                0x2000af6c                        PROVIDE (__fini_array_start = .)
 *(SORT_BY_INIT_PRIORITY(.fini_array.*) SORT_BY_INIT_PRIORITY(.dtors.*))
 *(.fini_array EXCLUDE_FILE(*crtend?.o *crtend.o *crtbegin?.o *crtbegin.o) .dtors)
                0x2000af6c                        PROVIDE (__fini_array_end = .)

.ctors
 *crtbegin.o(.ctors)
 *crtbegin?.o(.ctors)
 *(EXCLUDE_FILE(*crtend?.o *crtend.o) .ctors)
 *(SORT_BY_NAME(.ctors.*))
 *(.ctors)

.dtors
 *crtbegin.o(.dtors)
 *crtbegin?.o(.dtors)
 *(EXCLUDE_FILE(*crtend?.o *crtend.o) .dtors)
 *(SORT_BY_NAME(.dtors.*))
 *(.dtors)
                [!provide]                        PROVIDE (_ilm_lma = LOADADDR (.text))
                [!provide]                        PROVIDE (_ilm = ADDR (.text))
                [!provide]                        PROVIDE (_eilm = .)
                0x20000340                        PROVIDE (_text_lma = LOADADDR (.text))
                0x20000340                        PROVIDE (_text = ADDR (.text))
                0x2000af6c                        PROVIDE (_etext = .)
                [!provide]                        PROVIDE (__etext = .)
                [!provide]                        PROVIDE (etext = .)

.data           0x90000000      0x1e0 load address 0x2000af70
 *(.data.ctest*)
 *(.data .data.*)
 .data._impure_data
                0x90000000       0x4c D:/tools/NucleiStudio_IDE_202510-win64/NucleiStudio/toolchain/gcc/bin/../lib/gcc/riscv64-unknown-elf/14.2.1/../../../../riscv64-unknown-elf/lib/rv32imafc_zaamo_zalrsc_xxldsp/ilp32f\libc_nano.a(libc_a-impure.o)
                0x90000000                _impure_data
 .data.__sglue  0x9000004c        0xc D:/tools/NucleiStudio_IDE_202510-win64/NucleiStudio/toolchain/gcc/bin/../lib/gcc/riscv64-unknown-elf/14.2.1/../../../../riscv64-unknown-elf/lib/rv32imafc_zaamo_zalrsc_xxldsp/ilp32f\libc_nano.a(libc_a-findfp.o)
                0x9000004c                __sglue
 .data.__global_locale
                0x90000058      0x16c D:/tools/NucleiStudio_IDE_202510-win64/NucleiStudio/toolchain/gcc/bin/../lib/gcc/riscv64-unknown-elf/14.2.1/../../../../riscv64-unknown-elf/lib/rv32imafc_zaamo_zalrsc_xxldsp/ilp32f\libc_nano.a(libc_a-locale.o)
                0x90000058                __global_locale
 *(.gnu.linkonce.d.*)
                0x900001c4                        . = ALIGN (0x4)
                0x900001c4                        _net_buf_pool_list = .
                0x900001c4                        _net_buf_pool_list_start = .
 *(._net_buf_pool.*)
                0x900001c4                        _net_buf_pool_list_end = .
                0x900001c4                        . = ALIGN (0x4)
                0x900001c4                        _k_queue_list_start = .
 *(._k_queue.static.*)
                0x900001c4                        _k_queue_list_end = .
                0x900001c4                        . = ALIGN (0x4)
                0x900001c4                        _k_mem_slab_list_start = .
 *(._k_mem_slab.static.*)
                0x900001c4                        _k_mem_slab_list_end = .
                0x900001c4                        . = ALIGN (0x4)
                0x900001c4                        _bt_gatt_service_static_list_start = .
 *(._bt_gatt_service_static.static.*)
                0x900001c4                        _bt_gatt_service_static_list_end = .
                0x900001c4                        . = ALIGN (0x4)
                0x900001c4                        _bt_l2cap_fixed_chan_list_start = .
 *(._bt_l2cap_fixed_chan.static.*)
                0x900001c4                        _bt_l2cap_fixed_chan_list_end = .
                0x900001c4                        . = ALIGN (0x4)
                0x900001c4                        _settings_handler_static_list_start = .
 *(._settings_handler_static.static.*)
                0x900001c4                        _settings_handler_static_list_end = .
                0x900001c4                        . = ALIGN (0x4)
                0x900001c4                        _k_sem_list_start = .
 *(._k_sem.static.*)
                0x900001c4                        _k_sem_list_end = .
                0x900001c4                        . = ALIGN (0x4)
                0x900001c4                        _k_mutex_list_start = .
 *(._k_mutex.static.*)
                0x900001c4                        _k_mutex_list_end = .
                0x900001c4                        . = ALIGN (0x4)
                0x900001c4                        _bt_conn_cb_list_start = .
 *(._bt_conn_cb.static.*)
                0x900001c4                        _bt_conn_cb_list_end = .
                0x900001c8                        . = ALIGN (0x8)
 *fill*         0x900001c4        0x4 
                0x900009c8                        PROVIDE (__global_pointer$ = (. + 0x800))
 *(.sdata .sdata.* .sdata*)
 .sdata.uxMaxSysCallMTH
                0x900001c8        0x1 E:\mwp\mmy\galaxy_sdk\bsp\lib\libbsp_riscv.a(port.c.o)
                0x900001c8                uxMaxSysCallMTH
 *fill*         0x900001c9        0x3 
 .sdata.uxCriticalNesting
                0x900001cc        0x4 E:\mwp\mmy\galaxy_sdk\bsp\lib\libbsp_riscv.a(port.c.o)
 .sdata.event_queue_size
                0x900001d0        0x4 E:\mwp\mmy\galaxy_sdk\modules\lib\libcommon_riscv.a(event_register.c.o)
 .sdata.vs_logging_level
                0x900001d4        0x4 E:\mwp\mmy\galaxy_sdk\modules\lib\libcommon_riscv.a(vs_logging.c.o)
                0x900001d4                vs_logging_level
 .sdata._impure_ptr
                0x900001d8        0x4 D:/tools/NucleiStudio_IDE_202510-win64/NucleiStudio/toolchain/gcc/bin/../lib/gcc/riscv64-unknown-elf/14.2.1/../../../../riscv64-unknown-elf/lib/rv32imafc_zaamo_zalrsc_xxldsp/ilp32f\libc_nano.a(libc_a-impure.o)
                0x900001d8                _impure_ptr
 *(.gnu.linkonce.s.*)
                0x900001e0                        . = ALIGN (0x8)
 *fill*         0x900001dc        0x4 
                0x900001e0                        __ipc_mem_start = .
                0x900001e0                        . = ALIGN (0x8)

.RTOS_HEAP_SEC  0x900001e0     0xdce8 load address 0x2000b150
 .RTOS_HEAP_SEC
                0x900001e0     0xdce8 E:\mwp\mmy\galaxy_sdk\bsp\lib\libbsp_riscv.a(port.c.o)
                0x90000ac8                ucHeap

.tdata          0x9000dec8        0x0 load address 0x20018e38
                0x9000dec8                        PROVIDE (__tls_base = .)
 *(.tdata .tdata.* .gnu.linkonce.td.*)
                0x2000af70                        PROVIDE (_data_lma = LOADADDR (.data))
                0x90000000                        PROVIDE (_data = ADDR (.data))
                0x9000dec8                        PROVIDE (_edata = .)
                [!provide]                        PROVIDE (edata = .)
                [!provide]                        PROVIDE (_fbss = .)
                0x9000dec8                        PROVIDE (__bss_start = .)

.tbss           0x9000dec8        0x0
 *(.tbss .tbss.* .gnu.linkonce.tb.*)
 *(.tcommon)
                [!provide]                        PROVIDE (__tls_end = .)

.tbss_space     0x9000dec8        0x0
                0x9000dec8                        . = (. + SIZEOF (.tbss))

.bss            0x9000dec8      0x5bc
 *(.sbss*)
 .sbss.pReceiveManager
                0x9000dec8        0x4 ./galaxy_sdk/main.o
 .sbss.ucMaxSysCallPriority
                0x9000decc        0x1 E:\mwp\mmy\galaxy_sdk\bsp\lib\libbsp_riscv.a(port.c.o)
 *fill*         0x9000decd        0x3 
 .sbss.board_ops
                0x9000ded0        0x4 E:\mwp\mmy\galaxy_sdk\bsp\lib\libbsp_riscv.a(board.c.o)
 .sbss.clk_count
                0x9000ded4        0x1 E:\mwp\mmy\galaxy_sdk\drivers\lib\libdriver_riscv.a(clock.c.o)
 *fill*         0x9000ded5        0x3 
 .sbss.clks     0x9000ded8        0x4 E:\mwp\mmy\galaxy_sdk\drivers\lib\libdriver_riscv.a(clock.c.o)
 .sbss.global_listener_id
                0x9000dedc        0x4 E:\mwp\mmy\galaxy_sdk\modules\lib\libcommon_riscv.a(event_listener.c.o)
 .sbss.global_events_table
                0x9000dee0        0x4 E:\mwp\mmy\galaxy_sdk\modules\lib\libcommon_riscv.a(event_list.c.o)
 .sbss.os_scheduler_start
                0x9000dee4        0x1 E:\mwp\mmy\galaxy_sdk\osal\lib\libosal_riscv.a(osal_task.c.o)
                0x9000dee4                os_scheduler_start
 *fill*         0x9000dee5        0x3 
 .sbss.vs_event_pool
                0x9000dee8        0x4 E:\mwp\mmy\galaxy_sdk\osal\lib\libosal_riscv.a(osal_event.c.o)
 .sbss.ulTotalRunTime
                0x9000deec        0x4 E:\mwp\mmy\galaxy_sdk\os\lib\libos_riscv.a(tasks.c.o)
 .sbss.ulTaskSwitchedInTime
                0x9000def0        0x4 E:\mwp\mmy\galaxy_sdk\os\lib\libos_riscv.a(tasks.c.o)
 .sbss.uxSchedulerSuspended
                0x9000def4        0x4 E:\mwp\mmy\galaxy_sdk\os\lib\libos_riscv.a(tasks.c.o)
 .sbss.xIdleTaskHandle
                0x9000def8        0x4 E:\mwp\mmy\galaxy_sdk\os\lib\libos_riscv.a(tasks.c.o)
 .sbss.xNextTaskUnblockTime
                0x9000defc        0x4 E:\mwp\mmy\galaxy_sdk\os\lib\libos_riscv.a(tasks.c.o)
 .sbss.uxTaskNumber
                0x9000df00        0x4 E:\mwp\mmy\galaxy_sdk\os\lib\libos_riscv.a(tasks.c.o)
 .sbss.xNumOfOverflows
                0x9000df04        0x4 E:\mwp\mmy\galaxy_sdk\os\lib\libos_riscv.a(tasks.c.o)
 .sbss.xYieldPending
                0x9000df08        0x4 E:\mwp\mmy\galaxy_sdk\os\lib\libos_riscv.a(tasks.c.o)
 .sbss.xPendedTicks
                0x9000df0c        0x4 E:\mwp\mmy\galaxy_sdk\os\lib\libos_riscv.a(tasks.c.o)
 .sbss.xSchedulerRunning
                0x9000df10        0x4 E:\mwp\mmy\galaxy_sdk\os\lib\libos_riscv.a(tasks.c.o)
 .sbss.uxTopReadyPriority
                0x9000df14        0x4 E:\mwp\mmy\galaxy_sdk\os\lib\libos_riscv.a(tasks.c.o)
 .sbss.xTickCount
                0x9000df18        0x4 E:\mwp\mmy\galaxy_sdk\os\lib\libos_riscv.a(tasks.c.o)
 .sbss.uxCurrentNumberOfTasks
                0x9000df1c        0x4 E:\mwp\mmy\galaxy_sdk\os\lib\libos_riscv.a(tasks.c.o)
 .sbss.uxDeletedTasksWaitingCleanUp
                0x9000df20        0x4 E:\mwp\mmy\galaxy_sdk\os\lib\libos_riscv.a(tasks.c.o)
 .sbss.pxOverflowDelayedTaskList
                0x9000df24        0x4 E:\mwp\mmy\galaxy_sdk\os\lib\libos_riscv.a(tasks.c.o)
 .sbss.pxDelayedTaskList
                0x9000df28        0x4 E:\mwp\mmy\galaxy_sdk\os\lib\libos_riscv.a(tasks.c.o)
 .sbss.pxCurrentTCB
                0x9000df2c        0x4 E:\mwp\mmy\galaxy_sdk\os\lib\libos_riscv.a(tasks.c.o)
                0x9000df2c                pxCurrentTCB
 .sbss.xLastTime.2
                0x9000df30        0x4 E:\mwp\mmy\galaxy_sdk\os\lib\libos_riscv.a(timers.c.o)
 .sbss.xTimerTaskHandle
                0x9000df34        0x4 E:\mwp\mmy\galaxy_sdk\os\lib\libos_riscv.a(timers.c.o)
 .sbss.xTimerQueue
                0x9000df38        0x4 E:\mwp\mmy\galaxy_sdk\os\lib\libos_riscv.a(timers.c.o)
 .sbss.pxOverflowTimerList
                0x9000df3c        0x4 E:\mwp\mmy\galaxy_sdk\os\lib\libos_riscv.a(timers.c.o)
 .sbss.pxCurrentTimerList
                0x9000df40        0x4 E:\mwp\mmy\galaxy_sdk\os\lib\libos_riscv.a(timers.c.o)
 .sbss.xBlockAllocatedBit
                0x9000df44        0x4 E:\mwp\mmy\galaxy_sdk\os\lib\libos_riscv.a(heap_4.c.o)
 .sbss.xNumberOfSuccessfulFrees
                0x9000df48        0x4 E:\mwp\mmy\galaxy_sdk\os\lib\libos_riscv.a(heap_4.c.o)
 .sbss.xNumberOfSuccessfulAllocations
                0x9000df4c        0x4 E:\mwp\mmy\galaxy_sdk\os\lib\libos_riscv.a(heap_4.c.o)
 .sbss.xMinimumEverFreeBytesRemaining
                0x9000df50        0x4 E:\mwp\mmy\galaxy_sdk\os\lib\libos_riscv.a(heap_4.c.o)
 .sbss.xFreeBytesRemaining
                0x9000df54        0x4 E:\mwp\mmy\galaxy_sdk\os\lib\libos_riscv.a(heap_4.c.o)
 .sbss.pxEnd    0x9000df58        0x4 E:\mwp\mmy\galaxy_sdk\os\lib\libos_riscv.a(heap_4.c.o)
 .sbss.xStart   0x9000df5c        0x8 E:\mwp\mmy\galaxy_sdk\os\lib\libos_riscv.a(heap_4.c.o)
 .sbss.__malloc_sbrk_start
                0x9000df64        0x4 D:/tools/NucleiStudio_IDE_202510-win64/NucleiStudio/toolchain/gcc/bin/../lib/gcc/riscv64-unknown-elf/14.2.1/../../../../riscv64-unknown-elf/lib/rv32imafc_zaamo_zalrsc_xxldsp/ilp32f\libc_nano.a(libc_a-mallocr.o)
                0x9000df64                __malloc_sbrk_start
 .sbss.__malloc_free_list
                0x9000df68        0x4 D:/tools/NucleiStudio_IDE_202510-win64/NucleiStudio/toolchain/gcc/bin/../lib/gcc/riscv64-unknown-elf/14.2.1/../../../../riscv64-unknown-elf/lib/rv32imafc_zaamo_zalrsc_xxldsp/ilp32f\libc_nano.a(libc_a-mallocr.o)
                0x9000df68                __malloc_free_list
 .sbss.__atexit
                0x9000df6c        0x4 D:/tools/NucleiStudio_IDE_202510-win64/NucleiStudio/toolchain/gcc/bin/../lib/gcc/riscv64-unknown-elf/14.2.1/../../../../riscv64-unknown-elf/lib/rv32imafc_zaamo_zalrsc_xxldsp/ilp32f\libc_nano.a(libc_a-__call_atexit.o)
                0x9000df6c                __atexit
 .sbss.__stdio_exit_handler
                0x9000df70        0x4 D:/tools/NucleiStudio_IDE_202510-win64/NucleiStudio/toolchain/gcc/bin/../lib/gcc/riscv64-unknown-elf/14.2.1/../../../../riscv64-unknown-elf/lib/rv32imafc_zaamo_zalrsc_xxldsp/ilp32f\libc_nano.a(libc_a-findfp.o)
                0x9000df70                __stdio_exit_handler
 .sbss.errno    0x9000df74        0x4 D:/tools/NucleiStudio_IDE_202510-win64/NucleiStudio/toolchain/gcc/bin/../lib/gcc/riscv64-unknown-elf/14.2.1/../../../../riscv64-unknown-elf/lib/rv32imafc_zaamo_zalrsc_xxldsp/ilp32f\libc_nano.a(libc_a-reent.o)
                0x9000df74                errno
 .sbss.heap_ptr
                0x9000df78        0x4 D:/tools/NucleiStudio_IDE_202510-win64/NucleiStudio/toolchain/gcc/bin/../lib/gcc/riscv64-unknown-elf/14.2.1/../../../../riscv64-unknown-elf/lib/rv32imafc_zaamo_zalrsc_xxldsp/ilp32f\libsemihost.a(riscv_libsemihost_a-semihost-sys_sbrk.o)
                0x9000df78                heap_ptr
 *(.gnu.linkonce.sb.*)
 *(.bss .bss.*)
 .bss.system_exception_handlers
                0x9000df7c       0x34 E:\mwp\mmy\galaxy_sdk\bsp\lib\libbsp_riscv.a(system_pegasus.c.o)
 .bss.event_name_str
                0x9000dfb0       0x20 E:\mwp\mmy\galaxy_sdk\modules\lib\libcommon_riscv.a(event_sys.c.o)
 .bss.xSuspendedTaskList
                0x9000dfd0       0x14 E:\mwp\mmy\galaxy_sdk\os\lib\libos_riscv.a(tasks.c.o)
 .bss.xTasksWaitingTermination
                0x9000dfe4       0x14 E:\mwp\mmy\galaxy_sdk\os\lib\libos_riscv.a(tasks.c.o)
 .bss.xPendingReadyList
                0x9000dff8       0x14 E:\mwp\mmy\galaxy_sdk\os\lib\libos_riscv.a(tasks.c.o)
 .bss.xDelayedTaskList2
                0x9000e00c       0x14 E:\mwp\mmy\galaxy_sdk\os\lib\libos_riscv.a(tasks.c.o)
 .bss.xDelayedTaskList1
                0x9000e020       0x14 E:\mwp\mmy\galaxy_sdk\os\lib\libos_riscv.a(tasks.c.o)
 .bss.pxReadyTasksLists
                0x9000e034       0xa0 E:\mwp\mmy\galaxy_sdk\os\lib\libos_riscv.a(tasks.c.o)
 .bss.xStaticTimerQueue.0
                0x9000e0d4       0x54 E:\mwp\mmy\galaxy_sdk\os\lib\libos_riscv.a(timers.c.o)
 .bss.ucStaticTimerQueueStorage.1
                0x9000e128       0xf0 E:\mwp\mmy\galaxy_sdk\os\lib\libos_riscv.a(timers.c.o)
 .bss.xActiveTimerList2
                0x9000e218       0x14 E:\mwp\mmy\galaxy_sdk\os\lib\libos_riscv.a(timers.c.o)
 .bss.xActiveTimerList1
                0x9000e22c       0x14 E:\mwp\mmy\galaxy_sdk\os\lib\libos_riscv.a(timers.c.o)
 .bss.__atexit0
                0x9000e240       0x8c D:/tools/NucleiStudio_IDE_202510-win64/NucleiStudio/toolchain/gcc/bin/../lib/gcc/riscv64-unknown-elf/14.2.1/../../../../riscv64-unknown-elf/lib/rv32imafc_zaamo_zalrsc_xxldsp/ilp32f\libc_nano.a(libc_a-__atexit.o)
                0x9000e240                __atexit0
 .bss.__sf      0x9000e2cc      0x138 D:/tools/NucleiStudio_IDE_202510-win64/NucleiStudio/toolchain/gcc/bin/../lib/gcc/riscv64-unknown-elf/14.2.1/../../../../riscv64-unknown-elf/lib/rv32imafc_zaamo_zalrsc_xxldsp/ilp32f\libc_nano.a(libc_a-findfp.o)
                0x9000e2cc                __sf
 .bss.fdtable   0x9000e404       0x80 D:/tools/NucleiStudio_IDE_202510-win64/NucleiStudio/toolchain/gcc/bin/../lib/gcc/riscv64-unknown-elf/14.2.1/../../../../riscv64-unknown-elf/lib/rv32imafc_zaamo_zalrsc_xxldsp/ilp32f\libsemihost.a(riscv_libsemihost_a-semihost-sys_fdtable.o)
 *(.gnu.linkonce.b.*)
 *(COMMON)
                0x9000e484                        . = ALIGN (0x4)
                0x9000e484                        PROVIDE (_end = .)
                [!provide]                        PROVIDE (end = .)

.heap           0x9000e490     0x5000
                0x9000e490                        . = ALIGN (0x10)
                [!provide]                        PROVIDE (__heap_start = .)
                0x90013490                        . = (. + __HEAP_SIZE)
 *fill*         0x9000e490     0x5000 
                0x90013490                        . = ALIGN (0x10)